	Command being timed: "/home/tomy/Desktop/UBA/Curso_GWsIA/GW-AI-course/Final/CosmoLattice/build_lphi4SU2U1_tv/lphi4SU2U1 input=lphi4SU2U1_vacioT_N64_kIR0.5_VV2.in"
	User time (seconds): 268623.47
	System time (seconds): 87.53
	Percent of CPU this job got: 796%
	Elapsed (wall clock) time (h:mm:ss or m:ss): 9:22:21
	Average shared text size (kbytes): 0
	Average unshared data size (kbytes): 0
	Average stack size (kbytes): 0
	Average total size (kbytes): 0
	Maximum resident set size (kbytes): 254780
	Average resident set size (kbytes): 0
	Major (requiring I/O) page faults: 84
	Minor (reclaiming a frame) page faults: 82883
	Voluntary context switches: 29782
	Involuntary context switches: 4476322
	Swaps: 0
	File system inputs: 1368
	File system outputs: 92568
	Socket messages sent: 0
	Socket messages received: 0
	Signals delivered: 0
	Page size (bytes): 4096
	Exit status: 0
