Kokkos::OpenMP::initialize WARNING: OMP_PROC_BIND environment variable not set
  In general, for best performance with OpenMP 4.0 or better set OMP_PROC_BIND=spread and OMP_PLACES=threads
  For best performance with OpenMP 3.1 set OMP_PROC_BIND=true
  For unit testing set OMP_PROC_BIND=false

[34m(0.000s) 
[0mUsing FFTW backend for FFTs.

[34m(0.000s) MPI Rank 0 - memorytoolbox.h:209 -->
[0mUsing the following domain decomposition:(1 1 1 ).
[34m(0.010s) cosmolattice.cpp:103 -->
[0mModel name: lphi4
[34m(0.010s) cosmolattice.cpp:110 -->
[0mThis simulation will run with the following parameters: 
Important parameters:

     tOutputRareFreq       10                  
             kCutOff       4                   
                   N       64                  
             withGWs       true                
           expansion       true                
             evolver       VV2                 
                tMax       300                 
          doLFforGWs       true                
                  dt       0.01                
                 kIR       0.5                 
       tOutputInfreq       5                   
                  t0       0                   
         tOutputFreq       0.5                 


Other parameters:

   tNonLinearAxionU1       -1                  
             ext_PS0       ✖                 
measureDefectsStructure       false               
         doDiffusion       false               
           tolerance       -1                  
         hdf5Spectra       false               
        hdf5Averages       false               
           deltaKBin       1                   
    spectraVerbosity       0                   
     fixedBackground       false               
     snap_lowercoord       0 0 0 0 0 0 0 0 0 0 
         tOutputVerb       1                   
measureDefectsEnergies       false               
     snap_uppercoord       64 64 64 64 64 64 64 64 64 64
            baseSeed       1234                
          outputfile       ./                  
              lambda       9e-14               
             ext_PS1       ✖                 
           snapshots       ✖ ✖ ✖ ✖ ✖ ✖ ✖ ✖ ✖ ✖ ✖ ✖ ✖ ✖ ✖
      overwriteFiles       false               
      snap_stepcoord       1 1 1 1 1 1 1 1 1 1 
     initial_momenta       -4.86735e30 0       
          PS_version       1                   
        fn_verbosity       0                   
         tBackupFreq       -1                  
       hdf5FlushFreq       10                  
            ICtype_S       Default             
        flagChiralPS       false               
 saveUnbinnedSpectra       false               
               input       lphi4_N64_kIR0.5_VV2.in
           ICtype_U1       Default             
             PS_type       1                   
       appendToFiles       false               
     GWprojectorType       1                   
                   q       120                 
              flagON       false               
       print_headers       true                
            load_dir       ✖                 
                  a0       1                   
  initial_amplitudes       5.6964e18 0         

[34m(0.178s) MPI Rank 0 - measurer.h:175 -->
[0mStep 0 done. Current time:0

[34m(3.137s) MPI Rank 0 - measurer.h:175 -->
[0mStep 100 done. Current time:1

[34m(6.604s) MPI Rank 0 - measurer.h:175 -->
[0mStep 200 done. Current time:2

[34m(14.393s) MPI Rank 0 - measurer.h:175 -->
[0mStep 300 done. Current time:3

[34m(16.648s) MPI Rank 0 - measurer.h:175 -->
[0mStep 400 done. Current time:4

[34m(19.067s) MPI Rank 0 - measurer.h:175 -->
[0mStep 500 done. Current time:5

[34m(21.188s) MPI Rank 0 - measurer.h:175 -->
[0mStep 600 done. Current time:6

[34m(23.288s) MPI Rank 0 - measurer.h:175 -->
[0mStep 700 done. Current time:7

[34m(25.469s) MPI Rank 0 - measurer.h:175 -->
[0mStep 800 done. Current time:8

[34m(27.630s) MPI Rank 0 - measurer.h:175 -->
[0mStep 900 done. Current time:9

[34m(29.818s) MPI Rank 0 - measurer.h:175 -->
[0mStep 1000 done. Current time:10

[34m(31.967s) MPI Rank 0 - measurer.h:175 -->
[0mStep 1100 done. Current time:11

[34m(34.075s) MPI Rank 0 - measurer.h:175 -->
[0mStep 1200 done. Current time:12

[34m(36.271s) MPI Rank 0 - measurer.h:175 -->
[0mStep 1300 done. Current time:13

[34m(38.398s) MPI Rank 0 - measurer.h:175 -->
[0mStep 1400 done. Current time:14

[34m(41.840s) MPI Rank 0 - measurer.h:175 -->
[0mStep 1500 done. Current time:15

[34m(43.962s) MPI Rank 0 - measurer.h:175 -->
[0mStep 1600 done. Current time:16

[34m(46.124s) MPI Rank 0 - measurer.h:175 -->
[0mStep 1700 done. Current time:17

[34m(48.302s) MPI Rank 0 - measurer.h:175 -->
[0mStep 1800 done. Current time:18

[34m(50.404s) MPI Rank 0 - measurer.h:175 -->
[0mStep 1900 done. Current time:19

[34m(52.579s) MPI Rank 0 - measurer.h:175 -->
[0mStep 2000 done. Current time:20

[34m(54.699s) MPI Rank 0 - measurer.h:175 -->
[0mStep 2100 done. Current time:21

[34m(56.811s) MPI Rank 0 - measurer.h:175 -->
[0mStep 2200 done. Current time:22

[34m(58.915s) MPI Rank 0 - measurer.h:175 -->
[0mStep 2300 done. Current time:23

[34m(61.029s) MPI Rank 0 - measurer.h:175 -->
[0mStep 2400 done. Current time:24

[34m(63.209s) MPI Rank 0 - measurer.h:175 -->
[0mStep 2500 done. Current time:25

[34m(65.313s) MPI Rank 0 - measurer.h:175 -->
[0mStep 2600 done. Current time:26

[34m(67.406s) MPI Rank 0 - measurer.h:175 -->
[0mStep 2700 done. Current time:27

[34m(69.512s) MPI Rank 0 - measurer.h:175 -->
[0mStep 2800 done. Current time:28

[34m(71.627s) MPI Rank 0 - measurer.h:175 -->
[0mStep 2900 done. Current time:29

[34m(73.812s) MPI Rank 0 - measurer.h:175 -->
[0mStep 3000 done. Current time:30

[34m(75.924s) MPI Rank 0 - measurer.h:175 -->
[0mStep 3100 done. Current time:31

[34m(78.028s) MPI Rank 0 - measurer.h:175 -->
[0mStep 3200 done. Current time:32

[34m(80.321s) MPI Rank 0 - measurer.h:175 -->
[0mStep 3300 done. Current time:33

[34m(82.415s) MPI Rank 0 - measurer.h:175 -->
[0mStep 3400 done. Current time:34

[34m(84.579s) MPI Rank 0 - measurer.h:175 -->
[0mStep 3500 done. Current time:35

[34m(86.686s) MPI Rank 0 - measurer.h:175 -->
[0mStep 3600 done. Current time:36

[34m(88.802s) MPI Rank 0 - measurer.h:175 -->
[0mStep 3700 done. Current time:37

[34m(90.913s) MPI Rank 0 - measurer.h:175 -->
[0mStep 3800 done. Current time:38

[34m(93.020s) MPI Rank 0 - measurer.h:175 -->
[0mStep 3900 done. Current time:39

[34m(95.194s) MPI Rank 0 - measurer.h:175 -->
[0mStep 4000 done. Current time:40

[34m(97.288s) MPI Rank 0 - measurer.h:175 -->
[0mStep 4100 done. Current time:41

[34m(99.378s) MPI Rank 0 - measurer.h:175 -->
[0mStep 4200 done. Current time:42

[34m(101.484s) MPI Rank 0 - measurer.h:175 -->
[0mStep 4300 done. Current time:43

[34m(103.587s) MPI Rank 0 - measurer.h:175 -->
[0mStep 4400 done. Current time:44

[34m(105.757s) MPI Rank 0 - measurer.h:175 -->
[0mStep 4500 done. Current time:45

[34m(107.860s) MPI Rank 0 - measurer.h:175 -->
[0mStep 4600 done. Current time:46

[34m(109.947s) MPI Rank 0 - measurer.h:175 -->
[0mStep 4700 done. Current time:47

[34m(112.035s) MPI Rank 0 - measurer.h:175 -->
[0mStep 4800 done. Current time:48

[34m(114.125s) MPI Rank 0 - measurer.h:175 -->
[0mStep 4900 done. Current time:49

[34m(116.283s) MPI Rank 0 - measurer.h:175 -->
[0mStep 5000 done. Current time:50

[34m(118.383s) MPI Rank 0 - measurer.h:175 -->
[0mStep 5100 done. Current time:51

[34m(120.481s) MPI Rank 0 - measurer.h:175 -->
[0mStep 5200 done. Current time:52

[34m(122.579s) MPI Rank 0 - measurer.h:175 -->
[0mStep 5300 done. Current time:53

[34m(124.682s) MPI Rank 0 - measurer.h:175 -->
[0mStep 5400 done. Current time:54

[34m(126.873s) MPI Rank 0 - measurer.h:175 -->
[0mStep 5500 done. Current time:55

[34m(128.978s) MPI Rank 0 - measurer.h:175 -->
[0mStep 5600 done. Current time:56

[34m(131.090s) MPI Rank 0 - measurer.h:175 -->
[0mStep 5700 done. Current time:57

[34m(133.179s) MPI Rank 0 - measurer.h:175 -->
[0mStep 5800 done. Current time:58

[34m(135.280s) MPI Rank 0 - measurer.h:175 -->
[0mStep 5900 done. Current time:59

[34m(137.452s) MPI Rank 0 - measurer.h:175 -->
[0mStep 6000 done. Current time:60

[34m(139.547s) MPI Rank 0 - measurer.h:175 -->
[0mStep 6100 done. Current time:61

[34m(141.660s) MPI Rank 0 - measurer.h:175 -->
[0mStep 6200 done. Current time:62

[34m(143.750s) MPI Rank 0 - measurer.h:175 -->
[0mStep 6300 done. Current time:63

[34m(145.897s) MPI Rank 0 - measurer.h:175 -->
[0mStep 6400 done. Current time:64

[34m(148.150s) MPI Rank 0 - measurer.h:175 -->
[0mStep 6500 done. Current time:65

[34m(150.260s) MPI Rank 0 - measurer.h:175 -->
[0mStep 6600 done. Current time:66

[34m(152.369s) MPI Rank 0 - measurer.h:175 -->
[0mStep 6700 done. Current time:67

[34m(154.454s) MPI Rank 0 - measurer.h:175 -->
[0mStep 6800 done. Current time:68

[34m(156.558s) MPI Rank 0 - measurer.h:175 -->
[0mStep 6900 done. Current time:69

[34m(158.731s) MPI Rank 0 - measurer.h:175 -->
[0mStep 7000 done. Current time:70

[34m(160.846s) MPI Rank 0 - measurer.h:175 -->
[0mStep 7100 done. Current time:71

[34m(162.938s) MPI Rank 0 - measurer.h:175 -->
[0mStep 7200 done. Current time:72

[34m(165.031s) MPI Rank 0 - measurer.h:175 -->
[0mStep 7300 done. Current time:73

[34m(167.132s) MPI Rank 0 - measurer.h:175 -->
[0mStep 7400 done. Current time:74

[34m(169.300s) MPI Rank 0 - measurer.h:175 -->
[0mStep 7500 done. Current time:75

[34m(171.393s) MPI Rank 0 - measurer.h:175 -->
[0mStep 7600 done. Current time:76

[34m(173.482s) MPI Rank 0 - measurer.h:175 -->
[0mStep 7700 done. Current time:77

[34m(175.585s) MPI Rank 0 - measurer.h:175 -->
[0mStep 7800 done. Current time:78

[34m(177.676s) MPI Rank 0 - measurer.h:175 -->
[0mStep 7900 done. Current time:79

[34m(179.845s) MPI Rank 0 - measurer.h:175 -->
[0mStep 8000 done. Current time:80

[34m(181.977s) MPI Rank 0 - measurer.h:175 -->
[0mStep 8100 done. Current time:81

[34m(184.066s) MPI Rank 0 - measurer.h:175 -->
[0mStep 8200 done. Current time:82

[34m(186.155s) MPI Rank 0 - measurer.h:175 -->
[0mStep 8300 done. Current time:83

[34m(188.242s) MPI Rank 0 - measurer.h:175 -->
[0mStep 8400 done. Current time:84

[34m(190.420s) MPI Rank 0 - measurer.h:175 -->
[0mStep 8500 done. Current time:85

[34m(192.521s) MPI Rank 0 - measurer.h:175 -->
[0mStep 8600 done. Current time:86

[34m(194.674s) MPI Rank 0 - measurer.h:175 -->
[0mStep 8700 done. Current time:87

[34m(196.762s) MPI Rank 0 - measurer.h:175 -->
[0mStep 8800 done. Current time:88

[34m(198.869s) MPI Rank 0 - measurer.h:175 -->
[0mStep 8900 done. Current time:89

[34m(201.039s) MPI Rank 0 - measurer.h:175 -->
[0mStep 9000 done. Current time:90

[34m(203.131s) MPI Rank 0 - measurer.h:175 -->
[0mStep 9100 done. Current time:91

[34m(205.232s) MPI Rank 0 - measurer.h:175 -->
[0mStep 9200 done. Current time:92

[34m(207.313s) MPI Rank 0 - measurer.h:175 -->
[0mStep 9300 done. Current time:93

[34m(209.414s) MPI Rank 0 - measurer.h:175 -->
[0mStep 9400 done. Current time:94

[34m(211.589s) MPI Rank 0 - measurer.h:175 -->
[0mStep 9500 done. Current time:95

[34m(213.690s) MPI Rank 0 - measurer.h:175 -->
[0mStep 9600 done. Current time:96

[34m(215.775s) MPI Rank 0 - measurer.h:175 -->
[0mStep 9700 done. Current time:97

[34m(217.860s) MPI Rank 0 - measurer.h:175 -->
[0mStep 9800 done. Current time:98

[34m(219.949s) MPI Rank 0 - measurer.h:175 -->
[0mStep 9900 done. Current time:99

[34m(222.147s) MPI Rank 0 - measurer.h:175 -->
[0mStep 10000 done. Current time:100

[34m(224.251s) MPI Rank 0 - measurer.h:175 -->
[0mStep 10100 done. Current time:101

[34m(226.341s) MPI Rank 0 - measurer.h:175 -->
[0mStep 10200 done. Current time:102

[34m(228.431s) MPI Rank 0 - measurer.h:175 -->
[0mStep 10300 done. Current time:103

[34m(230.535s) MPI Rank 0 - measurer.h:175 -->
[0mStep 10400 done. Current time:104

[34m(232.701s) MPI Rank 0 - measurer.h:175 -->
[0mStep 10500 done. Current time:105

[34m(234.802s) MPI Rank 0 - measurer.h:175 -->
[0mStep 10600 done. Current time:106

[34m(236.895s) MPI Rank 0 - measurer.h:175 -->
[0mStep 10700 done. Current time:107

[34m(238.996s) MPI Rank 0 - measurer.h:175 -->
[0mStep 10800 done. Current time:108

[34m(241.108s) MPI Rank 0 - measurer.h:175 -->
[0mStep 10900 done. Current time:109

[34m(243.279s) MPI Rank 0 - measurer.h:175 -->
[0mStep 11000 done. Current time:110

[34m(245.394s) MPI Rank 0 - measurer.h:175 -->
[0mStep 11100 done. Current time:111

[34m(247.483s) MPI Rank 0 - measurer.h:175 -->
[0mStep 11200 done. Current time:112

[34m(249.569s) MPI Rank 0 - measurer.h:175 -->
[0mStep 11300 done. Current time:113

[34m(251.674s) MPI Rank 0 - measurer.h:175 -->
[0mStep 11400 done. Current time:114

[34m(253.848s) MPI Rank 0 - measurer.h:175 -->
[0mStep 11500 done. Current time:115

[34m(255.951s) MPI Rank 0 - measurer.h:175 -->
[0mStep 11600 done. Current time:116

[34m(258.045s) MPI Rank 0 - measurer.h:175 -->
[0mStep 11700 done. Current time:117

[34m(260.136s) MPI Rank 0 - measurer.h:175 -->
[0mStep 11800 done. Current time:118

[34m(262.232s) MPI Rank 0 - measurer.h:175 -->
[0mStep 11900 done. Current time:119

[34m(264.398s) MPI Rank 0 - measurer.h:175 -->
[0mStep 12000 done. Current time:120

[34m(266.497s) MPI Rank 0 - measurer.h:175 -->
[0mStep 12100 done. Current time:121

[34m(268.588s) MPI Rank 0 - measurer.h:175 -->
[0mStep 12200 done. Current time:122

[34m(270.706s) MPI Rank 0 - measurer.h:175 -->
[0mStep 12300 done. Current time:123

[34m(272.801s) MPI Rank 0 - measurer.h:175 -->
[0mStep 12400 done. Current time:124

[34m(274.975s) MPI Rank 0 - measurer.h:175 -->
[0mStep 12500 done. Current time:125

[34m(277.085s) MPI Rank 0 - measurer.h:175 -->
[0mStep 12600 done. Current time:126

[34m(279.173s) MPI Rank 0 - measurer.h:175 -->
[0mStep 12700 done. Current time:127

[34m(281.285s) MPI Rank 0 - measurer.h:175 -->
[0mStep 12800 done. Current time:128

[34m(283.384s) MPI Rank 0 - measurer.h:175 -->
[0mStep 12900 done. Current time:129

[34m(285.576s) MPI Rank 0 - measurer.h:175 -->
[0mStep 13000 done. Current time:130

[34m(287.673s) MPI Rank 0 - measurer.h:175 -->
[0mStep 13100 done. Current time:131

[34m(289.774s) MPI Rank 0 - measurer.h:175 -->
[0mStep 13200 done. Current time:132

[34m(291.873s) MPI Rank 0 - measurer.h:175 -->
[0mStep 13300 done. Current time:133

[34m(293.961s) MPI Rank 0 - measurer.h:175 -->
[0mStep 13400 done. Current time:134

[34m(296.135s) MPI Rank 0 - measurer.h:175 -->
[0mStep 13500 done. Current time:135

[34m(298.234s) MPI Rank 0 - measurer.h:175 -->
[0mStep 13600 done. Current time:136

[34m(300.322s) MPI Rank 0 - measurer.h:175 -->
[0mStep 13700 done. Current time:137

[34m(302.445s) MPI Rank 0 - measurer.h:175 -->
[0mStep 13800 done. Current time:138

[34m(304.537s) MPI Rank 0 - measurer.h:175 -->
[0mStep 13900 done. Current time:139

[34m(306.709s) MPI Rank 0 - measurer.h:175 -->
[0mStep 14000 done. Current time:140

[34m(308.811s) MPI Rank 0 - measurer.h:175 -->
[0mStep 14100 done. Current time:141

[34m(310.935s) MPI Rank 0 - measurer.h:175 -->
[0mStep 14200 done. Current time:142

[34m(313.027s) MPI Rank 0 - measurer.h:175 -->
[0mStep 14300 done. Current time:143

[34m(315.112s) MPI Rank 0 - measurer.h:175 -->
[0mStep 14400 done. Current time:144

[34m(317.290s) MPI Rank 0 - measurer.h:175 -->
[0mStep 14500 done. Current time:145

[34m(319.398s) MPI Rank 0 - measurer.h:175 -->
[0mStep 14600 done. Current time:146

[34m(321.487s) MPI Rank 0 - measurer.h:175 -->
[0mStep 14700 done. Current time:147

[34m(323.574s) MPI Rank 0 - measurer.h:175 -->
[0mStep 14800 done. Current time:148

[34m(325.673s) MPI Rank 0 - measurer.h:175 -->
[0mStep 14900 done. Current time:149

[34m(327.837s) MPI Rank 0 - measurer.h:175 -->
[0mStep 15000 done. Current time:150

[34m(329.934s) MPI Rank 0 - measurer.h:175 -->
[0mStep 15100 done. Current time:151

[34m(332.036s) MPI Rank 0 - measurer.h:175 -->
[0mStep 15200 done. Current time:152

[34m(334.140s) MPI Rank 0 - measurer.h:175 -->
[0mStep 15300 done. Current time:153

[34m(336.226s) MPI Rank 0 - measurer.h:175 -->
[0mStep 15400 done. Current time:154

[34m(338.451s) MPI Rank 0 - measurer.h:175 -->
[0mStep 15500 done. Current time:155

[34m(340.568s) MPI Rank 0 - measurer.h:175 -->
[0mStep 15600 done. Current time:156

[34m(342.666s) MPI Rank 0 - measurer.h:175 -->
[0mStep 15700 done. Current time:157

[34m(344.754s) MPI Rank 0 - measurer.h:175 -->
[0mStep 15800 done. Current time:158

[34m(346.855s) MPI Rank 0 - measurer.h:175 -->
[0mStep 15900 done. Current time:159

[34m(349.021s) MPI Rank 0 - measurer.h:175 -->
[0mStep 16000 done. Current time:160

[34m(351.133s) MPI Rank 0 - measurer.h:175 -->
[0mStep 16100 done. Current time:161

[34m(353.221s) MPI Rank 0 - measurer.h:175 -->
[0mStep 16200 done. Current time:162

[34m(355.311s) MPI Rank 0 - measurer.h:175 -->
[0mStep 16300 done. Current time:163

[34m(357.402s) MPI Rank 0 - measurer.h:175 -->
[0mStep 16400 done. Current time:164

[34m(359.582s) MPI Rank 0 - measurer.h:175 -->
[0mStep 16500 done. Current time:165

[34m(361.693s) MPI Rank 0 - measurer.h:175 -->
[0mStep 16600 done. Current time:166

[34m(363.783s) MPI Rank 0 - measurer.h:175 -->
[0mStep 16700 done. Current time:167

[34m(365.883s) MPI Rank 0 - measurer.h:175 -->
[0mStep 16800 done. Current time:168

[34m(367.969s) MPI Rank 0 - measurer.h:175 -->
[0mStep 16900 done. Current time:169

[34m(370.132s) MPI Rank 0 - measurer.h:175 -->
[0mStep 17000 done. Current time:170

[34m(372.248s) MPI Rank 0 - measurer.h:175 -->
[0mStep 17100 done. Current time:171

[34m(374.353s) MPI Rank 0 - measurer.h:175 -->
[0mStep 17200 done. Current time:172

[34m(376.447s) MPI Rank 0 - measurer.h:175 -->
[0mStep 17300 done. Current time:173

[34m(378.536s) MPI Rank 0 - measurer.h:175 -->
[0mStep 17400 done. Current time:174

[34m(380.708s) MPI Rank 0 - measurer.h:175 -->
[0mStep 17500 done. Current time:175

[34m(382.812s) MPI Rank 0 - measurer.h:175 -->
[0mStep 17600 done. Current time:176

[34m(385.080s) MPI Rank 0 - measurer.h:175 -->
[0mStep 17700 done. Current time:177

[34m(387.173s) MPI Rank 0 - measurer.h:175 -->
[0mStep 17800 done. Current time:178

[34m(389.272s) MPI Rank 0 - measurer.h:175 -->
[0mStep 17900 done. Current time:179

[34m(391.456s) MPI Rank 0 - measurer.h:175 -->
[0mStep 18000 done. Current time:180

[34m(393.551s) MPI Rank 0 - measurer.h:175 -->
[0mStep 18100 done. Current time:181

[34m(395.668s) MPI Rank 0 - measurer.h:175 -->
[0mStep 18200 done. Current time:182

[34m(397.769s) MPI Rank 0 - measurer.h:175 -->
[0mStep 18300 done. Current time:183

[34m(399.857s) MPI Rank 0 - measurer.h:175 -->
[0mStep 18400 done. Current time:184

[34m(402.034s) MPI Rank 0 - measurer.h:175 -->
[0mStep 18500 done. Current time:185

[34m(404.140s) MPI Rank 0 - measurer.h:175 -->
[0mStep 18600 done. Current time:186

[34m(406.228s) MPI Rank 0 - measurer.h:175 -->
[0mStep 18700 done. Current time:187

[34m(408.337s) MPI Rank 0 - measurer.h:175 -->
[0mStep 18800 done. Current time:188

[34m(410.438s) MPI Rank 0 - measurer.h:175 -->
[0mStep 18900 done. Current time:189

[34m(412.620s) MPI Rank 0 - measurer.h:175 -->
[0mStep 19000 done. Current time:190

[34m(414.733s) MPI Rank 0 - measurer.h:175 -->
[0mStep 19100 done. Current time:191

[34m(416.829s) MPI Rank 0 - measurer.h:175 -->
[0mStep 19200 done. Current time:192

[34m(418.929s) MPI Rank 0 - measurer.h:175 -->
[0mStep 19300 done. Current time:193

[34m(421.045s) MPI Rank 0 - measurer.h:175 -->
[0mStep 19400 done. Current time:194

[34m(423.212s) MPI Rank 0 - measurer.h:175 -->
[0mStep 19500 done. Current time:195

[34m(425.330s) MPI Rank 0 - measurer.h:175 -->
[0mStep 19600 done. Current time:196

[34m(427.436s) MPI Rank 0 - measurer.h:175 -->
[0mStep 19700 done. Current time:197

[34m(429.529s) MPI Rank 0 - measurer.h:175 -->
[0mStep 19800 done. Current time:198

[34m(431.635s) MPI Rank 0 - measurer.h:175 -->
[0mStep 19900 done. Current time:199

[34m(433.793s) MPI Rank 0 - measurer.h:175 -->
[0mStep 20000 done. Current time:200

[34m(435.910s) MPI Rank 0 - measurer.h:175 -->
[0mStep 20100 done. Current time:201

[34m(438.002s) MPI Rank 0 - measurer.h:175 -->
[0mStep 20200 done. Current time:202

[34m(440.093s) MPI Rank 0 - measurer.h:175 -->
[0mStep 20300 done. Current time:203

[34m(442.196s) MPI Rank 0 - measurer.h:175 -->
[0mStep 20400 done. Current time:204

[34m(444.363s) MPI Rank 0 - measurer.h:175 -->
[0mStep 20500 done. Current time:205

[34m(446.462s) MPI Rank 0 - measurer.h:175 -->
[0mStep 20600 done. Current time:206

[34m(448.546s) MPI Rank 0 - measurer.h:175 -->
[0mStep 20700 done. Current time:207

[34m(450.654s) MPI Rank 0 - measurer.h:175 -->
[0mStep 20800 done. Current time:208

[34m(452.753s) MPI Rank 0 - measurer.h:175 -->
[0mStep 20900 done. Current time:209

[34m(454.921s) MPI Rank 0 - measurer.h:175 -->
[0mStep 21000 done. Current time:210

[34m(457.020s) MPI Rank 0 - measurer.h:175 -->
[0mStep 21100 done. Current time:211

[34m(459.121s) MPI Rank 0 - measurer.h:175 -->
[0mStep 21200 done. Current time:212

[34m(461.214s) MPI Rank 0 - measurer.h:175 -->
[0mStep 21300 done. Current time:213

[34m(463.322s) MPI Rank 0 - measurer.h:175 -->
[0mStep 21400 done. Current time:214

[34m(465.504s) MPI Rank 0 - measurer.h:175 -->
[0mStep 21500 done. Current time:215

[34m(467.597s) MPI Rank 0 - measurer.h:175 -->
[0mStep 21600 done. Current time:216

[34m(469.692s) MPI Rank 0 - measurer.h:175 -->
[0mStep 21700 done. Current time:217

[34m(471.791s) MPI Rank 0 - measurer.h:175 -->
[0mStep 21800 done. Current time:218

[34m(473.892s) MPI Rank 0 - measurer.h:175 -->
[0mStep 21900 done. Current time:219

[34m(476.068s) MPI Rank 0 - measurer.h:175 -->
[0mStep 22000 done. Current time:220

[34m(478.172s) MPI Rank 0 - measurer.h:175 -->
[0mStep 22100 done. Current time:221

[34m(480.267s) MPI Rank 0 - measurer.h:175 -->
[0mStep 22200 done. Current time:222

[34m(482.376s) MPI Rank 0 - measurer.h:175 -->
[0mStep 22300 done. Current time:223

[34m(484.466s) MPI Rank 0 - measurer.h:175 -->
[0mStep 22400 done. Current time:224

[34m(486.636s) MPI Rank 0 - measurer.h:175 -->
[0mStep 22500 done. Current time:225

[34m(488.743s) MPI Rank 0 - measurer.h:175 -->
[0mStep 22600 done. Current time:226

[34m(490.839s) MPI Rank 0 - measurer.h:175 -->
[0mStep 22700 done. Current time:227

[34m(492.950s) MPI Rank 0 - measurer.h:175 -->
[0mStep 22800 done. Current time:228

[34m(495.041s) MPI Rank 0 - measurer.h:175 -->
[0mStep 22900 done. Current time:229

[34m(497.222s) MPI Rank 0 - measurer.h:175 -->
[0mStep 23000 done. Current time:230

[34m(499.320s) MPI Rank 0 - measurer.h:175 -->
[0mStep 23100 done. Current time:231

[34m(501.409s) MPI Rank 0 - measurer.h:175 -->
[0mStep 23200 done. Current time:232

[34m(503.503s) MPI Rank 0 - measurer.h:175 -->
[0mStep 23300 done. Current time:233

[34m(505.605s) MPI Rank 0 - measurer.h:175 -->
[0mStep 23400 done. Current time:234

[34m(507.775s) MPI Rank 0 - measurer.h:175 -->
[0mStep 23500 done. Current time:235

[34m(509.869s) MPI Rank 0 - measurer.h:175 -->
[0mStep 23600 done. Current time:236

[34m(511.993s) MPI Rank 0 - measurer.h:175 -->
[0mStep 23700 done. Current time:237

[34m(514.088s) MPI Rank 0 - measurer.h:175 -->
[0mStep 23800 done. Current time:238

[34m(516.186s) MPI Rank 0 - measurer.h:175 -->
[0mStep 23900 done. Current time:239

[34m(518.348s) MPI Rank 0 - measurer.h:175 -->
[0mStep 24000 done. Current time:240

[34m(520.459s) MPI Rank 0 - measurer.h:175 -->
[0mStep 24100 done. Current time:241

[34m(522.567s) MPI Rank 0 - measurer.h:175 -->
[0mStep 24200 done. Current time:242

[34m(524.656s) MPI Rank 0 - measurer.h:175 -->
[0mStep 24300 done. Current time:243

[34m(526.761s) MPI Rank 0 - measurer.h:175 -->
[0mStep 24400 done. Current time:244

[34m(528.943s) MPI Rank 0 - measurer.h:175 -->
[0mStep 24500 done. Current time:245

[34m(531.038s) MPI Rank 0 - measurer.h:175 -->
[0mStep 24600 done. Current time:246

[34m(533.129s) MPI Rank 0 - measurer.h:175 -->
[0mStep 24700 done. Current time:247

[34m(535.248s) MPI Rank 0 - measurer.h:175 -->
[0mStep 24800 done. Current time:248

[34m(537.339s) MPI Rank 0 - measurer.h:175 -->
[0mStep 24900 done. Current time:249

[34m(539.503s) MPI Rank 0 - measurer.h:175 -->
[0mStep 25000 done. Current time:250

[34m(541.629s) MPI Rank 0 - measurer.h:175 -->
[0mStep 25100 done. Current time:251

[34m(543.716s) MPI Rank 0 - measurer.h:175 -->
[0mStep 25200 done. Current time:252

[34m(545.804s) MPI Rank 0 - measurer.h:175 -->
[0mStep 25300 done. Current time:253

[34m(547.896s) MPI Rank 0 - measurer.h:175 -->
[0mStep 25400 done. Current time:254

[34m(550.078s) MPI Rank 0 - measurer.h:175 -->
[0mStep 25500 done. Current time:255

[34m(552.195s) MPI Rank 0 - measurer.h:175 -->
[0mStep 25600 done. Current time:256

[34m(554.287s) MPI Rank 0 - measurer.h:175 -->
[0mStep 25700 done. Current time:257

[34m(556.379s) MPI Rank 0 - measurer.h:175 -->
[0mStep 25800 done. Current time:258

[34m(558.473s) MPI Rank 0 - measurer.h:175 -->
[0mStep 25900 done. Current time:259

[34m(560.640s) MPI Rank 0 - measurer.h:175 -->
[0mStep 26000 done. Current time:260

[34m(562.732s) MPI Rank 0 - measurer.h:175 -->
[0mStep 26100 done. Current time:261

[34m(564.829s) MPI Rank 0 - measurer.h:175 -->
[0mStep 26200 done. Current time:262

[34m(566.917s) MPI Rank 0 - measurer.h:175 -->
[0mStep 26300 done. Current time:263

[34m(569.009s) MPI Rank 0 - measurer.h:175 -->
[0mStep 26400 done. Current time:264

[34m(571.189s) MPI Rank 0 - measurer.h:175 -->
[0mStep 26500 done. Current time:265

[34m(573.293s) MPI Rank 0 - measurer.h:175 -->
[0mStep 26600 done. Current time:266

[34m(575.382s) MPI Rank 0 - measurer.h:175 -->
[0mStep 26700 done. Current time:267

[34m(577.466s) MPI Rank 0 - measurer.h:175 -->
[0mStep 26800 done. Current time:268

[34m(579.547s) MPI Rank 0 - measurer.h:175 -->
[0mStep 26900 done. Current time:269

[34m(581.746s) MPI Rank 0 - measurer.h:175 -->
[0mStep 27000 done. Current time:270

[34m(583.836s) MPI Rank 0 - measurer.h:175 -->
[0mStep 27100 done. Current time:271

[34m(585.919s) MPI Rank 0 - measurer.h:175 -->
[0mStep 27200 done. Current time:272

[34m(588.014s) MPI Rank 0 - measurer.h:175 -->
[0mStep 27300 done. Current time:273

[34m(590.088s) MPI Rank 0 - measurer.h:175 -->
[0mStep 27400 done. Current time:274

[34m(592.249s) MPI Rank 0 - measurer.h:175 -->
[0mStep 27500 done. Current time:275

[34m(594.341s) MPI Rank 0 - measurer.h:175 -->
[0mStep 27600 done. Current time:276

[34m(596.443s) MPI Rank 0 - measurer.h:175 -->
[0mStep 27700 done. Current time:277

[34m(598.527s) MPI Rank 0 - measurer.h:175 -->
[0mStep 27800 done. Current time:278

[34m(600.616s) MPI Rank 0 - measurer.h:175 -->
[0mStep 27900 done. Current time:279

[34m(602.795s) MPI Rank 0 - measurer.h:175 -->
[0mStep 28000 done. Current time:280

[34m(604.900s) MPI Rank 0 - measurer.h:175 -->
[0mStep 28100 done. Current time:281

[34m(606.988s) MPI Rank 0 - measurer.h:175 -->
[0mStep 28200 done. Current time:282

[34m(609.071s) MPI Rank 0 - measurer.h:175 -->
[0mStep 28300 done. Current time:283

[34m(611.166s) MPI Rank 0 - measurer.h:175 -->
[0mStep 28400 done. Current time:284

[34m(613.346s) MPI Rank 0 - measurer.h:175 -->
[0mStep 28500 done. Current time:285

[34m(615.443s) MPI Rank 0 - measurer.h:175 -->
[0mStep 28600 done. Current time:286

[34m(617.535s) MPI Rank 0 - measurer.h:175 -->
[0mStep 28700 done. Current time:287

[34m(619.636s) MPI Rank 0 - measurer.h:175 -->
[0mStep 28800 done. Current time:288

[34m(621.724s) MPI Rank 0 - measurer.h:175 -->
[0mStep 28900 done. Current time:289

[34m(623.896s) MPI Rank 0 - measurer.h:175 -->
[0mStep 29000 done. Current time:290

[34m(626.060s) MPI Rank 0 - measurer.h:175 -->
[0mStep 29100 done. Current time:291

[34m(628.242s) MPI Rank 0 - measurer.h:175 -->
[0mStep 29200 done. Current time:292

[34m(630.333s) MPI Rank 0 - measurer.h:175 -->
[0mStep 29300 done. Current time:293

[34m(632.438s) MPI Rank 0 - measurer.h:175 -->
[0mStep 29400 done. Current time:294

[34m(634.610s) MPI Rank 0 - measurer.h:175 -->
[0mStep 29500 done. Current time:295

[34m(636.700s) MPI Rank 0 - measurer.h:175 -->
[0mStep 29600 done. Current time:296

[34m(638.851s) MPI Rank 0 - measurer.h:175 -->
[0mStep 29700 done. Current time:297

[34m(640.958s) MPI Rank 0 - measurer.h:175 -->
[0mStep 29800 done. Current time:298

[34m(643.071s) MPI Rank 0 - measurer.h:175 -->
[0mStep 29900 done. Current time:299

