	Command being timed: "../../../CosmoLattice/build_lphi4SU2U1_tv/lphi4SU2U1 input=lphi4SU2U1_vacioT_amp1000.in"
	User time (seconds): 1627.86
	System time (seconds): 1.18
	Percent of CPU this job got: 189%
	Elapsed (wall clock) time (h:mm:ss or m:ss): 14:17.95
	Average shared text size (kbytes): 0
	Average unshared data size (kbytes): 0
	Average stack size (kbytes): 0
	Average total size (kbytes): 0
	Maximum resident set size (kbytes): 250952
	Average resident set size (kbytes): 0
	Major (requiring I/O) page faults: 12
	Minor (reclaiming a frame) page faults: 69900
	Voluntary context switches: 4231
	Involuntary context switches: 446913
	Swaps: 0
	File system inputs: 4192
	File system outputs: 2264
	Socket messages sent: 0
	Socket messages received: 0
	Signals delivered: 0
	Page size (bytes): 4096
	Exit status: 0
