Kokkos::OpenMP::initialize WARNING: OMP_PROC_BIND environment variable not set
  In general, for best performance with OpenMP 4.0 or better set OMP_PROC_BIND=spread and OMP_PLACES=threads
  For best performance with OpenMP 3.1 set OMP_PROC_BIND=true
  For unit testing set OMP_PROC_BIND=false

[34m(0.000s) 
[0mUsing FFTW backend for FFTs.

[34m(0.000s) MPI Rank 0 - memorytoolbox.h:209 -->
[0mUsing the following domain decomposition:(1 1 1 ).
[34m(0.010s) cosmolattice.cpp:103 -->
[0mModel name: lphi4
[34m(0.010s) cosmolattice.cpp:110 -->
[0mThis simulation will run with the following parameters: 
Important parameters:

     tOutputRareFreq       10                  
             kCutOff       4                   
                   N       64                  
             withGWs       true                
           expansion       true                
             evolver       VV2                 
                tMax       300                 
          doLFforGWs       true                
                  dt       0.01                
                 kIR       0.25                
       tOutputInfreq       5                   
                  t0       0                   
         tOutputFreq       0.5                 


Other parameters:

   tNonLinearAxionU1       -1                  
             ext_PS0       ✖                 
measureDefectsStructure       false               
         doDiffusion       false               
           tolerance       -1                  
         hdf5Spectra       false               
        hdf5Averages       false               
           deltaKBin       1                   
    spectraVerbosity       0                   
     fixedBackground       false               
     snap_lowercoord       0 0 0 0 0 0 0 0 0 0 
         tOutputVerb       1                   
measureDefectsEnergies       false               
     snap_uppercoord       64 64 64 64 64 64 64 64 64 64
            baseSeed       1234                
          outputfile       ./                  
              lambda       9e-14               
             ext_PS1       ✖                 
           snapshots       ✖ ✖ ✖ ✖ ✖ ✖ ✖ ✖ ✖ ✖ ✖ ✖ ✖ ✖ ✖
      overwriteFiles       false               
      snap_stepcoord       1 1 1 1 1 1 1 1 1 1 
     initial_momenta       -4.86735e30 0       
          PS_version       1                   
        fn_verbosity       0                   
         tBackupFreq       -1                  
       hdf5FlushFreq       10                  
            ICtype_S       Default             
        flagChiralPS       false               
 saveUnbinnedSpectra       false               
               input       lphi4_N64_VV2.in    
           ICtype_U1       Default             
             PS_type       1                   
       appendToFiles       false               
     GWprojectorType       1                   
                   q       120                 
              flagON       false               
       print_headers       true                
            load_dir       ✖                 
                  a0       1                   
  initial_amplitudes       5.6964e18 0         

[34m(0.178s) MPI Rank 0 - measurer.h:175 -->
[0mStep 0 done. Current time:0

[34m(3.064s) MPI Rank 0 - measurer.h:175 -->
[0mStep 100 done. Current time:1

[34m(5.397s) MPI Rank 0 - measurer.h:175 -->
[0mStep 200 done. Current time:2

[34m(7.475s) MPI Rank 0 - measurer.h:175 -->
[0mStep 300 done. Current time:3

[34m(9.527s) MPI Rank 0 - measurer.h:175 -->
[0mStep 400 done. Current time:4

[34m(11.676s) MPI Rank 0 - measurer.h:175 -->
[0mStep 500 done. Current time:5

[34m(13.833s) MPI Rank 0 - measurer.h:175 -->
[0mStep 600 done. Current time:6

[34m(15.905s) MPI Rank 0 - measurer.h:175 -->
[0mStep 700 done. Current time:7

[34m(17.974s) MPI Rank 0 - measurer.h:175 -->
[0mStep 800 done. Current time:8

[34m(20.048s) MPI Rank 0 - measurer.h:175 -->
[0mStep 900 done. Current time:9

[34m(22.188s) MPI Rank 0 - measurer.h:175 -->
[0mStep 1000 done. Current time:10

[34m(24.331s) MPI Rank 0 - measurer.h:175 -->
[0mStep 1100 done. Current time:11

[34m(26.401s) MPI Rank 0 - measurer.h:175 -->
[0mStep 1200 done. Current time:12

[34m(28.461s) MPI Rank 0 - measurer.h:175 -->
[0mStep 1300 done. Current time:13

[34m(30.542s) MPI Rank 0 - measurer.h:175 -->
[0mStep 1400 done. Current time:14

[34m(32.688s) MPI Rank 0 - measurer.h:175 -->
[0mStep 1500 done. Current time:15

[34m(34.754s) MPI Rank 0 - measurer.h:175 -->
[0mStep 1600 done. Current time:16

[34m(36.823s) MPI Rank 0 - measurer.h:175 -->
[0mStep 1700 done. Current time:17

[34m(38.874s) MPI Rank 0 - measurer.h:175 -->
[0mStep 1800 done. Current time:18

[34m(40.955s) MPI Rank 0 - measurer.h:175 -->
[0mStep 1900 done. Current time:19

[34m(43.093s) MPI Rank 0 - measurer.h:175 -->
[0mStep 2000 done. Current time:20

[34m(45.161s) MPI Rank 0 - measurer.h:175 -->
[0mStep 2100 done. Current time:21

[34m(47.308s) MPI Rank 0 - measurer.h:175 -->
[0mStep 2200 done. Current time:22

[34m(49.363s) MPI Rank 0 - measurer.h:175 -->
[0mStep 2300 done. Current time:23

[34m(51.426s) MPI Rank 0 - measurer.h:175 -->
[0mStep 2400 done. Current time:24

[34m(53.573s) MPI Rank 0 - measurer.h:175 -->
[0mStep 2500 done. Current time:25

[34m(55.640s) MPI Rank 0 - measurer.h:175 -->
[0mStep 2600 done. Current time:26

[34m(57.729s) MPI Rank 0 - measurer.h:175 -->
[0mStep 2700 done. Current time:27

[34m(59.819s) MPI Rank 0 - measurer.h:175 -->
[0mStep 2800 done. Current time:28

[34m(61.886s) MPI Rank 0 - measurer.h:175 -->
[0mStep 2900 done. Current time:29

[34m(64.029s) MPI Rank 0 - measurer.h:175 -->
[0mStep 3000 done. Current time:30

[34m(66.104s) MPI Rank 0 - measurer.h:175 -->
[0mStep 3100 done. Current time:31

[34m(68.159s) MPI Rank 0 - measurer.h:175 -->
[0mStep 3200 done. Current time:32

[34m(70.234s) MPI Rank 0 - measurer.h:175 -->
[0mStep 3300 done. Current time:33

[34m(72.310s) MPI Rank 0 - measurer.h:175 -->
[0mStep 3400 done. Current time:34

[34m(74.459s) MPI Rank 0 - measurer.h:175 -->
[0mStep 3500 done. Current time:35

[34m(76.585s) MPI Rank 0 - measurer.h:175 -->
[0mStep 3600 done. Current time:36

[34m(78.658s) MPI Rank 0 - measurer.h:175 -->
[0mStep 3700 done. Current time:37

[34m(80.718s) MPI Rank 0 - measurer.h:175 -->
[0mStep 3800 done. Current time:38

[34m(82.794s) MPI Rank 0 - measurer.h:175 -->
[0mStep 3900 done. Current time:39

[34m(84.935s) MPI Rank 0 - measurer.h:175 -->
[0mStep 4000 done. Current time:40

[34m(86.999s) MPI Rank 0 - measurer.h:175 -->
[0mStep 4100 done. Current time:41

[34m(89.050s) MPI Rank 0 - measurer.h:175 -->
[0mStep 4200 done. Current time:42

[34m(91.127s) MPI Rank 0 - measurer.h:175 -->
[0mStep 4300 done. Current time:43

[34m(93.189s) MPI Rank 0 - measurer.h:175 -->
[0mStep 4400 done. Current time:44

[34m(95.487s) MPI Rank 0 - measurer.h:175 -->
[0mStep 4500 done. Current time:45

[34m(97.583s) MPI Rank 0 - measurer.h:175 -->
[0mStep 4600 done. Current time:46

[34m(99.648s) MPI Rank 0 - measurer.h:175 -->
[0mStep 4700 done. Current time:47

[34m(101.735s) MPI Rank 0 - measurer.h:175 -->
[0mStep 4800 done. Current time:48

[34m(103.806s) MPI Rank 0 - measurer.h:175 -->
[0mStep 4900 done. Current time:49

[34m(105.967s) MPI Rank 0 - measurer.h:175 -->
[0mStep 5000 done. Current time:50

[34m(108.046s) MPI Rank 0 - measurer.h:175 -->
[0mStep 5100 done. Current time:51

[34m(110.118s) MPI Rank 0 - measurer.h:175 -->
[0mStep 5200 done. Current time:52

[34m(112.186s) MPI Rank 0 - measurer.h:175 -->
[0mStep 5300 done. Current time:53

[34m(114.265s) MPI Rank 0 - measurer.h:175 -->
[0mStep 5400 done. Current time:54

[34m(116.403s) MPI Rank 0 - measurer.h:175 -->
[0mStep 5500 done. Current time:55

[34m(118.476s) MPI Rank 0 - measurer.h:175 -->
[0mStep 5600 done. Current time:56

[34m(120.567s) MPI Rank 0 - measurer.h:175 -->
[0mStep 5700 done. Current time:57

[34m(122.638s) MPI Rank 0 - measurer.h:175 -->
[0mStep 5800 done. Current time:58

[34m(124.706s) MPI Rank 0 - measurer.h:175 -->
[0mStep 5900 done. Current time:59

[34m(126.853s) MPI Rank 0 - measurer.h:175 -->
[0mStep 6000 done. Current time:60

[34m(128.931s) MPI Rank 0 - measurer.h:175 -->
[0mStep 6100 done. Current time:61

[34m(131.018s) MPI Rank 0 - measurer.h:175 -->
[0mStep 6200 done. Current time:62

[34m(133.164s) MPI Rank 0 - measurer.h:175 -->
[0mStep 6300 done. Current time:63

[34m(135.313s) MPI Rank 0 - measurer.h:175 -->
[0mStep 6400 done. Current time:64

[34m(137.474s) MPI Rank 0 - measurer.h:175 -->
[0mStep 6500 done. Current time:65

[34m(139.550s) MPI Rank 0 - measurer.h:175 -->
[0mStep 6600 done. Current time:66

[34m(141.612s) MPI Rank 0 - measurer.h:175 -->
[0mStep 6700 done. Current time:67

[34m(143.697s) MPI Rank 0 - measurer.h:175 -->
[0mStep 6800 done. Current time:68

[34m(145.765s) MPI Rank 0 - measurer.h:175 -->
[0mStep 6900 done. Current time:69

[34m(147.914s) MPI Rank 0 - measurer.h:175 -->
[0mStep 7000 done. Current time:70

[34m(150.012s) MPI Rank 0 - measurer.h:175 -->
[0mStep 7100 done. Current time:71

[34m(152.091s) MPI Rank 0 - measurer.h:175 -->
[0mStep 7200 done. Current time:72

[34m(154.176s) MPI Rank 0 - measurer.h:175 -->
[0mStep 7300 done. Current time:73

[34m(156.295s) MPI Rank 0 - measurer.h:175 -->
[0mStep 7400 done. Current time:74

[34m(158.448s) MPI Rank 0 - measurer.h:175 -->
[0mStep 7500 done. Current time:75

[34m(160.558s) MPI Rank 0 - measurer.h:175 -->
[0mStep 7600 done. Current time:76

[34m(162.639s) MPI Rank 0 - measurer.h:175 -->
[0mStep 7700 done. Current time:77

[34m(164.713s) MPI Rank 0 - measurer.h:175 -->
[0mStep 7800 done. Current time:78

[34m(166.787s) MPI Rank 0 - measurer.h:175 -->
[0mStep 7900 done. Current time:79

[34m(168.956s) MPI Rank 0 - measurer.h:175 -->
[0mStep 8000 done. Current time:80

[34m(171.060s) MPI Rank 0 - measurer.h:175 -->
[0mStep 8100 done. Current time:81

[34m(173.462s) MPI Rank 0 - measurer.h:175 -->
[0mStep 8200 done. Current time:82

[34m(175.649s) MPI Rank 0 - measurer.h:175 -->
[0mStep 8300 done. Current time:83

[34m(177.718s) MPI Rank 0 - measurer.h:175 -->
[0mStep 8400 done. Current time:84

[34m(179.886s) MPI Rank 0 - measurer.h:175 -->
[0mStep 8500 done. Current time:85

[34m(181.970s) MPI Rank 0 - measurer.h:175 -->
[0mStep 8600 done. Current time:86

[34m(184.117s) MPI Rank 0 - measurer.h:175 -->
[0mStep 8700 done. Current time:87

[34m(186.221s) MPI Rank 0 - measurer.h:175 -->
[0mStep 8800 done. Current time:88

[34m(188.310s) MPI Rank 0 - measurer.h:175 -->
[0mStep 8900 done. Current time:89

[34m(190.492s) MPI Rank 0 - measurer.h:175 -->
[0mStep 9000 done. Current time:90

[34m(192.582s) MPI Rank 0 - measurer.h:175 -->
[0mStep 9100 done. Current time:91

[34m(194.658s) MPI Rank 0 - measurer.h:175 -->
[0mStep 9200 done. Current time:92

[34m(196.735s) MPI Rank 0 - measurer.h:175 -->
[0mStep 9300 done. Current time:93

[34m(198.828s) MPI Rank 0 - measurer.h:175 -->
[0mStep 9400 done. Current time:94

[34m(200.992s) MPI Rank 0 - measurer.h:175 -->
[0mStep 9500 done. Current time:95

[34m(203.087s) MPI Rank 0 - measurer.h:175 -->
[0mStep 9600 done. Current time:96

[34m(205.178s) MPI Rank 0 - measurer.h:175 -->
[0mStep 9700 done. Current time:97

[34m(207.265s) MPI Rank 0 - measurer.h:175 -->
[0mStep 9800 done. Current time:98

[34m(209.352s) MPI Rank 0 - measurer.h:175 -->
[0mStep 9900 done. Current time:99

[34m(211.520s) MPI Rank 0 - measurer.h:175 -->
[0mStep 10000 done. Current time:100

[34m(213.608s) MPI Rank 0 - measurer.h:175 -->
[0mStep 10100 done. Current time:101

[34m(215.705s) MPI Rank 0 - measurer.h:175 -->
[0mStep 10200 done. Current time:102

[34m(217.784s) MPI Rank 0 - measurer.h:175 -->
[0mStep 10300 done. Current time:103

[34m(219.881s) MPI Rank 0 - measurer.h:175 -->
[0mStep 10400 done. Current time:104

[34m(222.032s) MPI Rank 0 - measurer.h:175 -->
[0mStep 10500 done. Current time:105

[34m(224.118s) MPI Rank 0 - measurer.h:175 -->
[0mStep 10600 done. Current time:106

[34m(226.198s) MPI Rank 0 - measurer.h:175 -->
[0mStep 10700 done. Current time:107

[34m(228.267s) MPI Rank 0 - measurer.h:175 -->
[0mStep 10800 done. Current time:108

[34m(230.355s) MPI Rank 0 - measurer.h:175 -->
[0mStep 10900 done. Current time:109

[34m(232.510s) MPI Rank 0 - measurer.h:175 -->
[0mStep 11000 done. Current time:110

[34m(234.589s) MPI Rank 0 - measurer.h:175 -->
[0mStep 11100 done. Current time:111

[34m(236.656s) MPI Rank 0 - measurer.h:175 -->
[0mStep 11200 done. Current time:112

[34m(238.732s) MPI Rank 0 - measurer.h:175 -->
[0mStep 11300 done. Current time:113

[34m(240.817s) MPI Rank 0 - measurer.h:175 -->
[0mStep 11400 done. Current time:114

[34m(242.963s) MPI Rank 0 - measurer.h:175 -->
[0mStep 11500 done. Current time:115

[34m(245.042s) MPI Rank 0 - measurer.h:175 -->
[0mStep 11600 done. Current time:116

[34m(247.135s) MPI Rank 0 - measurer.h:175 -->
[0mStep 11700 done. Current time:117

[34m(249.217s) MPI Rank 0 - measurer.h:175 -->
[0mStep 11800 done. Current time:118

[34m(251.310s) MPI Rank 0 - measurer.h:175 -->
[0mStep 11900 done. Current time:119

[34m(253.460s) MPI Rank 0 - measurer.h:175 -->
[0mStep 12000 done. Current time:120

[34m(255.558s) MPI Rank 0 - measurer.h:175 -->
[0mStep 12100 done. Current time:121

[34m(257.634s) MPI Rank 0 - measurer.h:175 -->
[0mStep 12200 done. Current time:122

[34m(259.715s) MPI Rank 0 - measurer.h:175 -->
[0mStep 12300 done. Current time:123

[34m(261.803s) MPI Rank 0 - measurer.h:175 -->
[0mStep 12400 done. Current time:124

[34m(263.969s) MPI Rank 0 - measurer.h:175 -->
[0mStep 12500 done. Current time:125

[34m(266.042s) MPI Rank 0 - measurer.h:175 -->
[0mStep 12600 done. Current time:126

[34m(268.121s) MPI Rank 0 - measurer.h:175 -->
[0mStep 12700 done. Current time:127

[34m(270.220s) MPI Rank 0 - measurer.h:175 -->
[0mStep 12800 done. Current time:128

[34m(272.298s) MPI Rank 0 - measurer.h:175 -->
[0mStep 12900 done. Current time:129

[34m(274.453s) MPI Rank 0 - measurer.h:175 -->
[0mStep 13000 done. Current time:130

[34m(276.524s) MPI Rank 0 - measurer.h:175 -->
[0mStep 13100 done. Current time:131

[34m(278.599s) MPI Rank 0 - measurer.h:175 -->
[0mStep 13200 done. Current time:132

[34m(280.701s) MPI Rank 0 - measurer.h:175 -->
[0mStep 13300 done. Current time:133

[34m(282.766s) MPI Rank 0 - measurer.h:175 -->
[0mStep 13400 done. Current time:134

[34m(284.917s) MPI Rank 0 - measurer.h:175 -->
[0mStep 13500 done. Current time:135

[34m(286.994s) MPI Rank 0 - measurer.h:175 -->
[0mStep 13600 done. Current time:136

[34m(289.083s) MPI Rank 0 - measurer.h:175 -->
[0mStep 13700 done. Current time:137

[34m(291.150s) MPI Rank 0 - measurer.h:175 -->
[0mStep 13800 done. Current time:138

[34m(293.224s) MPI Rank 0 - measurer.h:175 -->
[0mStep 13900 done. Current time:139

[34m(295.477s) MPI Rank 0 - measurer.h:175 -->
[0mStep 14000 done. Current time:140

[34m(297.572s) MPI Rank 0 - measurer.h:175 -->
[0mStep 14100 done. Current time:141

[34m(299.647s) MPI Rank 0 - measurer.h:175 -->
[0mStep 14200 done. Current time:142

[34m(301.735s) MPI Rank 0 - measurer.h:175 -->
[0mStep 14300 done. Current time:143

[34m(303.815s) MPI Rank 0 - measurer.h:175 -->
[0mStep 14400 done. Current time:144

[34m(305.975s) MPI Rank 0 - measurer.h:175 -->
[0mStep 14500 done. Current time:145

[34m(308.057s) MPI Rank 0 - measurer.h:175 -->
[0mStep 14600 done. Current time:146

[34m(310.129s) MPI Rank 0 - measurer.h:175 -->
[0mStep 14700 done. Current time:147

[34m(312.233s) MPI Rank 0 - measurer.h:175 -->
[0mStep 14800 done. Current time:148

[34m(314.291s) MPI Rank 0 - measurer.h:175 -->
[0mStep 14900 done. Current time:149

[34m(316.448s) MPI Rank 0 - measurer.h:175 -->
[0mStep 15000 done. Current time:150

[34m(318.534s) MPI Rank 0 - measurer.h:175 -->
[0mStep 15100 done. Current time:151

[34m(320.611s) MPI Rank 0 - measurer.h:175 -->
[0mStep 15200 done. Current time:152

[34m(322.692s) MPI Rank 0 - measurer.h:175 -->
[0mStep 15300 done. Current time:153

[34m(324.768s) MPI Rank 0 - measurer.h:175 -->
[0mStep 15400 done. Current time:154

[34m(326.924s) MPI Rank 0 - measurer.h:175 -->
[0mStep 15500 done. Current time:155

[34m(329.011s) MPI Rank 0 - measurer.h:175 -->
[0mStep 15600 done. Current time:156

[34m(331.099s) MPI Rank 0 - measurer.h:175 -->
[0mStep 15700 done. Current time:157

[34m(333.179s) MPI Rank 0 - measurer.h:175 -->
[0mStep 15800 done. Current time:158

[34m(335.270s) MPI Rank 0 - measurer.h:175 -->
[0mStep 15900 done. Current time:159

[34m(337.423s) MPI Rank 0 - measurer.h:175 -->
[0mStep 16000 done. Current time:160

[34m(339.504s) MPI Rank 0 - measurer.h:175 -->
[0mStep 16100 done. Current time:161

[34m(341.596s) MPI Rank 0 - measurer.h:175 -->
[0mStep 16200 done. Current time:162

[34m(343.684s) MPI Rank 0 - measurer.h:175 -->
[0mStep 16300 done. Current time:163

[34m(345.767s) MPI Rank 0 - measurer.h:175 -->
[0mStep 16400 done. Current time:164

[34m(347.997s) MPI Rank 0 - measurer.h:175 -->
[0mStep 16500 done. Current time:165

[34m(350.087s) MPI Rank 0 - measurer.h:175 -->
[0mStep 16600 done. Current time:166

[34m(352.145s) MPI Rank 0 - measurer.h:175 -->
[0mStep 16700 done. Current time:167

[34m(354.222s) MPI Rank 0 - measurer.h:175 -->
[0mStep 16800 done. Current time:168

[34m(356.293s) MPI Rank 0 - measurer.h:175 -->
[0mStep 16900 done. Current time:169

[34m(358.481s) MPI Rank 0 - measurer.h:175 -->
[0mStep 17000 done. Current time:170

[34m(360.578s) MPI Rank 0 - measurer.h:175 -->
[0mStep 17100 done. Current time:171

[34m(362.653s) MPI Rank 0 - measurer.h:175 -->
[0mStep 17200 done. Current time:172

[34m(364.726s) MPI Rank 0 - measurer.h:175 -->
[0mStep 17300 done. Current time:173

[34m(366.801s) MPI Rank 0 - measurer.h:175 -->
[0mStep 17400 done. Current time:174

[34m(368.949s) MPI Rank 0 - measurer.h:175 -->
[0mStep 17500 done. Current time:175

[34m(371.042s) MPI Rank 0 - measurer.h:175 -->
[0mStep 17600 done. Current time:176

[34m(373.168s) MPI Rank 0 - measurer.h:175 -->
[0mStep 17700 done. Current time:177

[34m(375.244s) MPI Rank 0 - measurer.h:175 -->
[0mStep 17800 done. Current time:178

[34m(377.323s) MPI Rank 0 - measurer.h:175 -->
[0mStep 17900 done. Current time:179

[34m(379.475s) MPI Rank 0 - measurer.h:175 -->
[0mStep 18000 done. Current time:180

[34m(381.559s) MPI Rank 0 - measurer.h:175 -->
[0mStep 18100 done. Current time:181

[34m(383.635s) MPI Rank 0 - measurer.h:175 -->
[0mStep 18200 done. Current time:182

[34m(385.715s) MPI Rank 0 - measurer.h:175 -->
[0mStep 18300 done. Current time:183

[34m(387.804s) MPI Rank 0 - measurer.h:175 -->
[0mStep 18400 done. Current time:184

[34m(389.943s) MPI Rank 0 - measurer.h:175 -->
[0mStep 18500 done. Current time:185

[34m(392.035s) MPI Rank 0 - measurer.h:175 -->
[0mStep 18600 done. Current time:186

[34m(394.106s) MPI Rank 0 - measurer.h:175 -->
[0mStep 18700 done. Current time:187

[34m(396.198s) MPI Rank 0 - measurer.h:175 -->
[0mStep 18800 done. Current time:188

[34m(398.272s) MPI Rank 0 - measurer.h:175 -->
[0mStep 18900 done. Current time:189

[34m(400.415s) MPI Rank 0 - measurer.h:175 -->
[0mStep 19000 done. Current time:190

[34m(402.671s) MPI Rank 0 - measurer.h:175 -->
[0mStep 19100 done. Current time:191

[34m(404.750s) MPI Rank 0 - measurer.h:175 -->
[0mStep 19200 done. Current time:192

[34m(406.826s) MPI Rank 0 - measurer.h:175 -->
[0mStep 19300 done. Current time:193

[34m(408.896s) MPI Rank 0 - measurer.h:175 -->
[0mStep 19400 done. Current time:194

[34m(411.056s) MPI Rank 0 - measurer.h:175 -->
[0mStep 19500 done. Current time:195

[34m(413.138s) MPI Rank 0 - measurer.h:175 -->
[0mStep 19600 done. Current time:196

[34m(415.203s) MPI Rank 0 - measurer.h:175 -->
[0mStep 19700 done. Current time:197

[34m(417.272s) MPI Rank 0 - measurer.h:175 -->
[0mStep 19800 done. Current time:198

[34m(419.342s) MPI Rank 0 - measurer.h:175 -->
[0mStep 19900 done. Current time:199

[34m(421.498s) MPI Rank 0 - measurer.h:175 -->
[0mStep 20000 done. Current time:200

[34m(423.575s) MPI Rank 0 - measurer.h:175 -->
[0mStep 20100 done. Current time:201

[34m(425.635s) MPI Rank 0 - measurer.h:175 -->
[0mStep 20200 done. Current time:202

[34m(427.705s) MPI Rank 0 - measurer.h:175 -->
[0mStep 20300 done. Current time:203

[34m(429.772s) MPI Rank 0 - measurer.h:175 -->
[0mStep 20400 done. Current time:204

[34m(431.931s) MPI Rank 0 - measurer.h:175 -->
[0mStep 20500 done. Current time:205

[34m(434.018s) MPI Rank 0 - measurer.h:175 -->
[0mStep 20600 done. Current time:206

[34m(436.084s) MPI Rank 0 - measurer.h:175 -->
[0mStep 20700 done. Current time:207

[34m(438.159s) MPI Rank 0 - measurer.h:175 -->
[0mStep 20800 done. Current time:208

[34m(440.223s) MPI Rank 0 - measurer.h:175 -->
[0mStep 20900 done. Current time:209

[34m(442.376s) MPI Rank 0 - measurer.h:175 -->
[0mStep 21000 done. Current time:210

[34m(444.448s) MPI Rank 0 - measurer.h:175 -->
[0mStep 21100 done. Current time:211

[34m(446.513s) MPI Rank 0 - measurer.h:175 -->
[0mStep 21200 done. Current time:212

[34m(448.578s) MPI Rank 0 - measurer.h:175 -->
[0mStep 21300 done. Current time:213

[34m(450.660s) MPI Rank 0 - measurer.h:175 -->
[0mStep 21400 done. Current time:214

[34m(452.810s) MPI Rank 0 - measurer.h:175 -->
[0mStep 21500 done. Current time:215

[34m(454.898s) MPI Rank 0 - measurer.h:175 -->
[0mStep 21600 done. Current time:216

[34m(456.957s) MPI Rank 0 - measurer.h:175 -->
[0mStep 21700 done. Current time:217

[34m(459.027s) MPI Rank 0 - measurer.h:175 -->
[0mStep 21800 done. Current time:218

[34m(461.106s) MPI Rank 0 - measurer.h:175 -->
[0mStep 21900 done. Current time:219

[34m(463.241s) MPI Rank 0 - measurer.h:175 -->
[0mStep 22000 done. Current time:220

[34m(465.326s) MPI Rank 0 - measurer.h:175 -->
[0mStep 22100 done. Current time:221

[34m(467.385s) MPI Rank 0 - measurer.h:175 -->
[0mStep 22200 done. Current time:222

[34m(469.449s) MPI Rank 0 - measurer.h:175 -->
[0mStep 22300 done. Current time:223

[34m(471.514s) MPI Rank 0 - measurer.h:175 -->
[0mStep 22400 done. Current time:224

[34m(473.660s) MPI Rank 0 - measurer.h:175 -->
[0mStep 22500 done. Current time:225

[34m(475.738s) MPI Rank 0 - measurer.h:175 -->
[0mStep 22600 done. Current time:226

[34m(477.808s) MPI Rank 0 - measurer.h:175 -->
[0mStep 22700 done. Current time:227

[34m(479.876s) MPI Rank 0 - measurer.h:175 -->
[0mStep 22800 done. Current time:228

[34m(481.976s) MPI Rank 0 - measurer.h:175 -->
[0mStep 22900 done. Current time:229

[34m(484.114s) MPI Rank 0 - measurer.h:175 -->
[0mStep 23000 done. Current time:230

[34m(486.181s) MPI Rank 0 - measurer.h:175 -->
[0mStep 23100 done. Current time:231

[34m(488.263s) MPI Rank 0 - measurer.h:175 -->
[0mStep 23200 done. Current time:232

[34m(490.325s) MPI Rank 0 - measurer.h:175 -->
[0mStep 23300 done. Current time:233

[34m(492.414s) MPI Rank 0 - measurer.h:175 -->
[0mStep 23400 done. Current time:234

[34m(494.555s) MPI Rank 0 - measurer.h:175 -->
[0mStep 23500 done. Current time:235

[34m(496.635s) MPI Rank 0 - measurer.h:175 -->
[0mStep 23600 done. Current time:236

[34m(498.697s) MPI Rank 0 - measurer.h:175 -->
[0mStep 23700 done. Current time:237

[34m(500.761s) MPI Rank 0 - measurer.h:175 -->
[0mStep 23800 done. Current time:238

[34m(502.826s) MPI Rank 0 - measurer.h:175 -->
[0mStep 23900 done. Current time:239

[34m(504.980s) MPI Rank 0 - measurer.h:175 -->
[0mStep 24000 done. Current time:240

[34m(507.056s) MPI Rank 0 - measurer.h:175 -->
[0mStep 24100 done. Current time:241

[34m(509.116s) MPI Rank 0 - measurer.h:175 -->
[0mStep 24200 done. Current time:242

[34m(511.189s) MPI Rank 0 - measurer.h:175 -->
[0mStep 24300 done. Current time:243

[34m(513.271s) MPI Rank 0 - measurer.h:175 -->
[0mStep 24400 done. Current time:244

[34m(515.417s) MPI Rank 0 - measurer.h:175 -->
[0mStep 24500 done. Current time:245

[34m(517.488s) MPI Rank 0 - measurer.h:175 -->
[0mStep 24600 done. Current time:246

[34m(519.565s) MPI Rank 0 - measurer.h:175 -->
[0mStep 24700 done. Current time:247

[34m(521.658s) MPI Rank 0 - measurer.h:175 -->
[0mStep 24800 done. Current time:248

[34m(523.725s) MPI Rank 0 - measurer.h:175 -->
[0mStep 24900 done. Current time:249

[34m(525.874s) MPI Rank 0 - measurer.h:175 -->
[0mStep 25000 done. Current time:250

[34m(527.956s) MPI Rank 0 - measurer.h:175 -->
[0mStep 25100 done. Current time:251

[34m(530.028s) MPI Rank 0 - measurer.h:175 -->
[0mStep 25200 done. Current time:252

[34m(532.092s) MPI Rank 0 - measurer.h:175 -->
[0mStep 25300 done. Current time:253

[34m(534.165s) MPI Rank 0 - measurer.h:175 -->
[0mStep 25400 done. Current time:254

[34m(536.337s) MPI Rank 0 - measurer.h:175 -->
[0mStep 25500 done. Current time:255

[34m(538.411s) MPI Rank 0 - measurer.h:175 -->
[0mStep 25600 done. Current time:256

[34m(540.505s) MPI Rank 0 - measurer.h:175 -->
[0mStep 25700 done. Current time:257

[34m(542.578s) MPI Rank 0 - measurer.h:175 -->
[0mStep 25800 done. Current time:258

[34m(544.659s) MPI Rank 0 - measurer.h:175 -->
[0mStep 25900 done. Current time:259

[34m(546.805s) MPI Rank 0 - measurer.h:175 -->
[0mStep 26000 done. Current time:260

[34m(548.872s) MPI Rank 0 - measurer.h:175 -->
[0mStep 26100 done. Current time:261

[34m(550.973s) MPI Rank 0 - measurer.h:175 -->
[0mStep 26200 done. Current time:262

[34m(553.039s) MPI Rank 0 - measurer.h:175 -->
[0mStep 26300 done. Current time:263

[34m(555.104s) MPI Rank 0 - measurer.h:175 -->
[0mStep 26400 done. Current time:264

[34m(557.255s) MPI Rank 0 - measurer.h:175 -->
[0mStep 26500 done. Current time:265

[34m(559.355s) MPI Rank 0 - measurer.h:175 -->
[0mStep 26600 done. Current time:266

[34m(561.423s) MPI Rank 0 - measurer.h:175 -->
[0mStep 26700 done. Current time:267

[34m(563.477s) MPI Rank 0 - measurer.h:175 -->
[0mStep 26800 done. Current time:268

[34m(565.552s) MPI Rank 0 - measurer.h:175 -->
[0mStep 26900 done. Current time:269

[34m(567.711s) MPI Rank 0 - measurer.h:175 -->
[0mStep 27000 done. Current time:270

[34m(569.796s) MPI Rank 0 - measurer.h:175 -->
[0mStep 27100 done. Current time:271

[34m(571.879s) MPI Rank 0 - measurer.h:175 -->
[0mStep 27200 done. Current time:272

[34m(573.951s) MPI Rank 0 - measurer.h:175 -->
[0mStep 27300 done. Current time:273

[34m(576.036s) MPI Rank 0 - measurer.h:175 -->
[0mStep 27400 done. Current time:274

[34m(578.181s) MPI Rank 0 - measurer.h:175 -->
[0mStep 27500 done. Current time:275

[34m(580.251s) MPI Rank 0 - measurer.h:175 -->
[0mStep 27600 done. Current time:276

[34m(582.343s) MPI Rank 0 - measurer.h:175 -->
[0mStep 27700 done. Current time:277

[34m(584.421s) MPI Rank 0 - measurer.h:175 -->
[0mStep 27800 done. Current time:278

[34m(586.501s) MPI Rank 0 - measurer.h:175 -->
[0mStep 27900 done. Current time:279

[34m(588.649s) MPI Rank 0 - measurer.h:175 -->
[0mStep 28000 done. Current time:280

[34m(590.723s) MPI Rank 0 - measurer.h:175 -->
[0mStep 28100 done. Current time:281

[34m(592.794s) MPI Rank 0 - measurer.h:175 -->
[0mStep 28200 done. Current time:282

[34m(594.867s) MPI Rank 0 - measurer.h:175 -->
[0mStep 28300 done. Current time:283

[34m(596.933s) MPI Rank 0 - measurer.h:175 -->
[0mStep 28400 done. Current time:284

[34m(599.085s) MPI Rank 0 - measurer.h:175 -->
[0mStep 28500 done. Current time:285

[34m(601.167s) MPI Rank 0 - measurer.h:175 -->
[0mStep 28600 done. Current time:286

[34m(603.221s) MPI Rank 0 - measurer.h:175 -->
[0mStep 28700 done. Current time:287

[34m(605.296s) MPI Rank 0 - measurer.h:175 -->
[0mStep 28800 done. Current time:288

[34m(607.372s) MPI Rank 0 - measurer.h:175 -->
[0mStep 28900 done. Current time:289

[34m(609.502s) MPI Rank 0 - measurer.h:175 -->
[0mStep 29000 done. Current time:290

[34m(611.590s) MPI Rank 0 - measurer.h:175 -->
[0mStep 29100 done. Current time:291

[34m(613.647s) MPI Rank 0 - measurer.h:175 -->
[0mStep 29200 done. Current time:292

[34m(615.723s) MPI Rank 0 - measurer.h:175 -->
[0mStep 29300 done. Current time:293

[34m(617.793s) MPI Rank 0 - measurer.h:175 -->
[0mStep 29400 done. Current time:294

[34m(619.934s) MPI Rank 0 - measurer.h:175 -->
[0mStep 29500 done. Current time:295

[34m(622.024s) MPI Rank 0 - measurer.h:175 -->
[0mStep 29600 done. Current time:296

[34m(624.086s) MPI Rank 0 - measurer.h:175 -->
[0mStep 29700 done. Current time:297

[34m(626.162s) MPI Rank 0 - measurer.h:175 -->
[0mStep 29800 done. Current time:298

[34m(628.225s) MPI Rank 0 - measurer.h:175 -->
[0mStep 29900 done. Current time:299

