Kokkos::OpenMP::initialize WARNING: OMP_PROC_BIND environment variable not set
  In general, for best performance with OpenMP 4.0 or better set OMP_PROC_BIND=spread and OMP_PLACES=threads
  For best performance with OpenMP 3.1 set OMP_PROC_BIND=true
  For unit testing set OMP_PROC_BIND=false

[34m(0.000s) 
[0mUsing FFTW backend for FFTs.

[34m(0.000s) MPI Rank 0 - memorytoolbox.h:209 -->
[0mUsing the following domain decomposition:(1 1 1 ).
[34m(0.063s) cosmolattice.cpp:103 -->
[0mModel name: lphi4
[34m(0.063s) cosmolattice.cpp:110 -->
[0mThis simulation will run with the following parameters: 
Important parameters:

     tOutputRareFreq       10                  
             kCutOff       4                   
                   N       96                  
             withGWs       true                
           expansion       true                
             evolver       VV2                 
                tMax       300                 
          doLFforGWs       true                
                  dt       0.01                
                 kIR       0.25                
       tOutputInfreq       5                   
                  t0       0                   
         tOutputFreq       0.5                 


Other parameters:

   tNonLinearAxionU1       -1                  
             ext_PS0       ✖                 
measureDefectsStructure       false               
         doDiffusion       false               
           tolerance       -1                  
         hdf5Spectra       false               
        hdf5Averages       false               
           deltaKBin       1                   
    spectraVerbosity       0                   
     fixedBackground       false               
     snap_lowercoord       0 0 0 0 0 0 0 0 0 0 
         tOutputVerb       1                   
measureDefectsEnergies       false               
     snap_uppercoord       96 96 96 96 96 96 96 96 96 96
            baseSeed       1234                
          outputfile       ./                  
              lambda       9e-14               
             ext_PS1       ✖                 
           snapshots       ✖ ✖ ✖ ✖ ✖ ✖ ✖ ✖ ✖ ✖ ✖ ✖ ✖ ✖ ✖
      overwriteFiles       false               
      snap_stepcoord       1 1 1 1 1 1 1 1 1 1 
     initial_momenta       -4.86735e30 0       
          PS_version       1                   
        fn_verbosity       0                   
         tBackupFreq       -1                  
       hdf5FlushFreq       10                  
            ICtype_S       Default             
        flagChiralPS       false               
 saveUnbinnedSpectra       false               
               input       lphi4_N96_VV2.in    
           ICtype_U1       Default             
             PS_type       1                   
       appendToFiles       false               
     GWprojectorType       1                   
                   q       120                 
              flagON       false               
       print_headers       true                
            load_dir       ✖                 
                  a0       1                   
  initial_amplitudes       5.6964e18 0         

[34m(0.955s) MPI Rank 0 - measurer.h:175 -->
[0mStep 0 done. Current time:0

[34m(15.262s) MPI Rank 0 - measurer.h:175 -->
[0mStep 100 done. Current time:1

[34m(23.768s) MPI Rank 0 - measurer.h:175 -->
[0mStep 200 done. Current time:2

[34m(31.191s) MPI Rank 0 - measurer.h:175 -->
[0mStep 300 done. Current time:3

[34m(38.618s) MPI Rank 0 - measurer.h:175 -->
[0mStep 400 done. Current time:4

[34m(46.368s) MPI Rank 0 - measurer.h:175 -->
[0mStep 500 done. Current time:5

[34m(53.740s) MPI Rank 0 - measurer.h:175 -->
[0mStep 600 done. Current time:6

[34m(61.107s) MPI Rank 0 - measurer.h:175 -->
[0mStep 700 done. Current time:7

[34m(68.424s) MPI Rank 0 - measurer.h:175 -->
[0mStep 800 done. Current time:8

[34m(75.766s) MPI Rank 0 - measurer.h:175 -->
[0mStep 900 done. Current time:9

[34m(83.398s) MPI Rank 0 - measurer.h:175 -->
[0mStep 1000 done. Current time:10

[34m(90.835s) MPI Rank 0 - measurer.h:175 -->
[0mStep 1100 done. Current time:11

[34m(98.180s) MPI Rank 0 - measurer.h:175 -->
[0mStep 1200 done. Current time:12

[34m(105.498s) MPI Rank 0 - measurer.h:175 -->
[0mStep 1300 done. Current time:13

[34m(112.867s) MPI Rank 0 - measurer.h:175 -->
[0mStep 1400 done. Current time:14

[34m(120.474s) MPI Rank 0 - measurer.h:175 -->
[0mStep 1500 done. Current time:15

[34m(127.876s) MPI Rank 0 - measurer.h:175 -->
[0mStep 1600 done. Current time:16

[34m(135.228s) MPI Rank 0 - measurer.h:175 -->
[0mStep 1700 done. Current time:17

[34m(142.580s) MPI Rank 0 - measurer.h:175 -->
[0mStep 1800 done. Current time:18

[34m(150.055s) MPI Rank 0 - measurer.h:175 -->
[0mStep 1900 done. Current time:19

[34m(157.649s) MPI Rank 0 - measurer.h:175 -->
[0mStep 2000 done. Current time:20

[34m(165.020s) MPI Rank 0 - measurer.h:175 -->
[0mStep 2100 done. Current time:21

[34m(172.377s) MPI Rank 0 - measurer.h:175 -->
[0mStep 2200 done. Current time:22

[34m(179.728s) MPI Rank 0 - measurer.h:175 -->
[0mStep 2300 done. Current time:23

[34m(187.072s) MPI Rank 0 - measurer.h:175 -->
[0mStep 2400 done. Current time:24

[34m(194.661s) MPI Rank 0 - measurer.h:175 -->
[0mStep 2500 done. Current time:25

[34m(202.065s) MPI Rank 0 - measurer.h:175 -->
[0mStep 2600 done. Current time:26

[34m(209.424s) MPI Rank 0 - measurer.h:175 -->
[0mStep 2700 done. Current time:27

[34m(216.758s) MPI Rank 0 - measurer.h:175 -->
[0mStep 2800 done. Current time:28

[34m(224.093s) MPI Rank 0 - measurer.h:175 -->
[0mStep 2900 done. Current time:29

[34m(231.688s) MPI Rank 0 - measurer.h:175 -->
[0mStep 3000 done. Current time:30

[34m(239.088s) MPI Rank 0 - measurer.h:175 -->
[0mStep 3100 done. Current time:31

[34m(246.461s) MPI Rank 0 - measurer.h:175 -->
[0mStep 3200 done. Current time:32

[34m(253.824s) MPI Rank 0 - measurer.h:175 -->
[0mStep 3300 done. Current time:33

[34m(261.202s) MPI Rank 0 - measurer.h:175 -->
[0mStep 3400 done. Current time:34

[34m(268.777s) MPI Rank 0 - measurer.h:175 -->
[0mStep 3500 done. Current time:35

[34m(276.165s) MPI Rank 0 - measurer.h:175 -->
[0mStep 3600 done. Current time:36

[34m(283.526s) MPI Rank 0 - measurer.h:175 -->
[0mStep 3700 done. Current time:37

[34m(291.772s) MPI Rank 0 - measurer.h:175 -->
[0mStep 3800 done. Current time:38

[34m(299.083s) MPI Rank 0 - measurer.h:175 -->
[0mStep 3900 done. Current time:39

[34m(306.830s) MPI Rank 0 - measurer.h:175 -->
[0mStep 4000 done. Current time:40

[34m(314.229s) MPI Rank 0 - measurer.h:175 -->
[0mStep 4100 done. Current time:41

[34m(321.618s) MPI Rank 0 - measurer.h:175 -->
[0mStep 4200 done. Current time:42

[34m(328.979s) MPI Rank 0 - measurer.h:175 -->
[0mStep 4300 done. Current time:43

[34m(336.330s) MPI Rank 0 - measurer.h:175 -->
[0mStep 4400 done. Current time:44

[34m(343.910s) MPI Rank 0 - measurer.h:175 -->
[0mStep 4500 done. Current time:45

[34m(351.312s) MPI Rank 0 - measurer.h:175 -->
[0mStep 4600 done. Current time:46

[34m(358.857s) MPI Rank 0 - measurer.h:175 -->
[0mStep 4700 done. Current time:47

[34m(366.154s) MPI Rank 0 - measurer.h:175 -->
[0mStep 4800 done. Current time:48

[34m(373.457s) MPI Rank 0 - measurer.h:175 -->
[0mStep 4900 done. Current time:49

[34m(381.052s) MPI Rank 0 - measurer.h:175 -->
[0mStep 5000 done. Current time:50

[34m(388.557s) MPI Rank 0 - measurer.h:175 -->
[0mStep 5100 done. Current time:51

[34m(395.859s) MPI Rank 0 - measurer.h:175 -->
[0mStep 5200 done. Current time:52

[34m(403.160s) MPI Rank 0 - measurer.h:175 -->
[0mStep 5300 done. Current time:53

[34m(410.558s) MPI Rank 0 - measurer.h:175 -->
[0mStep 5400 done. Current time:54

[34m(418.201s) MPI Rank 0 - measurer.h:175 -->
[0mStep 5500 done. Current time:55

[34m(425.577s) MPI Rank 0 - measurer.h:175 -->
[0mStep 5600 done. Current time:56

[34m(432.907s) MPI Rank 0 - measurer.h:175 -->
[0mStep 5700 done. Current time:57

[34m(440.250s) MPI Rank 0 - measurer.h:175 -->
[0mStep 5800 done. Current time:58

[34m(447.595s) MPI Rank 0 - measurer.h:175 -->
[0mStep 5900 done. Current time:59

[34m(455.193s) MPI Rank 0 - measurer.h:175 -->
[0mStep 6000 done. Current time:60

[34m(462.577s) MPI Rank 0 - measurer.h:175 -->
[0mStep 6100 done. Current time:61

[34m(469.928s) MPI Rank 0 - measurer.h:175 -->
[0mStep 6200 done. Current time:62

[34m(477.286s) MPI Rank 0 - measurer.h:175 -->
[0mStep 6300 done. Current time:63

[34m(484.624s) MPI Rank 0 - measurer.h:175 -->
[0mStep 6400 done. Current time:64

[34m(492.220s) MPI Rank 0 - measurer.h:175 -->
[0mStep 6500 done. Current time:65

[34m(499.608s) MPI Rank 0 - measurer.h:175 -->
[0mStep 6600 done. Current time:66

[34m(506.953s) MPI Rank 0 - measurer.h:175 -->
[0mStep 6700 done. Current time:67

[34m(514.309s) MPI Rank 0 - measurer.h:175 -->
[0mStep 6800 done. Current time:68

[34m(521.635s) MPI Rank 0 - measurer.h:175 -->
[0mStep 6900 done. Current time:69

[34m(529.233s) MPI Rank 0 - measurer.h:175 -->
[0mStep 7000 done. Current time:70

[34m(536.595s) MPI Rank 0 - measurer.h:175 -->
[0mStep 7100 done. Current time:71

[34m(543.925s) MPI Rank 0 - measurer.h:175 -->
[0mStep 7200 done. Current time:72

[34m(551.270s) MPI Rank 0 - measurer.h:175 -->
[0mStep 7300 done. Current time:73

[34m(558.626s) MPI Rank 0 - measurer.h:175 -->
[0mStep 7400 done. Current time:74

[34m(566.198s) MPI Rank 0 - measurer.h:175 -->
[0mStep 7500 done. Current time:75

[34m(573.587s) MPI Rank 0 - measurer.h:175 -->
[0mStep 7600 done. Current time:76

[34m(580.906s) MPI Rank 0 - measurer.h:175 -->
[0mStep 7700 done. Current time:77

[34m(588.267s) MPI Rank 0 - measurer.h:175 -->
[0mStep 7800 done. Current time:78

[34m(595.600s) MPI Rank 0 - measurer.h:175 -->
[0mStep 7900 done. Current time:79

[34m(603.293s) MPI Rank 0 - measurer.h:175 -->
[0mStep 8000 done. Current time:80

[34m(610.661s) MPI Rank 0 - measurer.h:175 -->
[0mStep 8100 done. Current time:81

[34m(618.005s) MPI Rank 0 - measurer.h:175 -->
[0mStep 8200 done. Current time:82

[34m(625.333s) MPI Rank 0 - measurer.h:175 -->
[0mStep 8300 done. Current time:83

[34m(632.660s) MPI Rank 0 - measurer.h:175 -->
[0mStep 8400 done. Current time:84

[34m(640.212s) MPI Rank 0 - measurer.h:175 -->
[0mStep 8500 done. Current time:85

[34m(647.557s) MPI Rank 0 - measurer.h:175 -->
[0mStep 8600 done. Current time:86

[34m(654.863s) MPI Rank 0 - measurer.h:175 -->
[0mStep 8700 done. Current time:87

[34m(662.343s) MPI Rank 0 - measurer.h:175 -->
[0mStep 8800 done. Current time:88

[34m(669.688s) MPI Rank 0 - measurer.h:175 -->
[0mStep 8900 done. Current time:89

[34m(677.277s) MPI Rank 0 - measurer.h:175 -->
[0mStep 9000 done. Current time:90

[34m(684.702s) MPI Rank 0 - measurer.h:175 -->
[0mStep 9100 done. Current time:91

[34m(692.054s) MPI Rank 0 - measurer.h:175 -->
[0mStep 9200 done. Current time:92

[34m(699.413s) MPI Rank 0 - measurer.h:175 -->
[0mStep 9300 done. Current time:93

[34m(706.744s) MPI Rank 0 - measurer.h:175 -->
[0mStep 9400 done. Current time:94

[34m(714.338s) MPI Rank 0 - measurer.h:175 -->
[0mStep 9500 done. Current time:95

[34m(721.753s) MPI Rank 0 - measurer.h:175 -->
[0mStep 9600 done. Current time:96

[34m(729.087s) MPI Rank 0 - measurer.h:175 -->
[0mStep 9700 done. Current time:97

[34m(736.439s) MPI Rank 0 - measurer.h:175 -->
[0mStep 9800 done. Current time:98

[34m(743.788s) MPI Rank 0 - measurer.h:175 -->
[0mStep 9900 done. Current time:99

[34m(751.370s) MPI Rank 0 - measurer.h:175 -->
[0mStep 10000 done. Current time:100

[34m(758.728s) MPI Rank 0 - measurer.h:175 -->
[0mStep 10100 done. Current time:101

[34m(766.072s) MPI Rank 0 - measurer.h:175 -->
[0mStep 10200 done. Current time:102

[34m(773.427s) MPI Rank 0 - measurer.h:175 -->
[0mStep 10300 done. Current time:103

[34m(780.779s) MPI Rank 0 - measurer.h:175 -->
[0mStep 10400 done. Current time:104

[34m(788.352s) MPI Rank 0 - measurer.h:175 -->
[0mStep 10500 done. Current time:105

[34m(795.720s) MPI Rank 0 - measurer.h:175 -->
[0mStep 10600 done. Current time:106

[34m(803.060s) MPI Rank 0 - measurer.h:175 -->
[0mStep 10700 done. Current time:107

[34m(810.413s) MPI Rank 0 - measurer.h:175 -->
[0mStep 10800 done. Current time:108

[34m(817.735s) MPI Rank 0 - measurer.h:175 -->
[0mStep 10900 done. Current time:109

[34m(825.275s) MPI Rank 0 - measurer.h:175 -->
[0mStep 11000 done. Current time:110

[34m(832.661s) MPI Rank 0 - measurer.h:175 -->
[0mStep 11100 done. Current time:111

[34m(840.005s) MPI Rank 0 - measurer.h:175 -->
[0mStep 11200 done. Current time:112

[34m(847.331s) MPI Rank 0 - measurer.h:175 -->
[0mStep 11300 done. Current time:113

[34m(854.681s) MPI Rank 0 - measurer.h:175 -->
[0mStep 11400 done. Current time:114

[34m(862.257s) MPI Rank 0 - measurer.h:175 -->
[0mStep 11500 done. Current time:115

[34m(869.651s) MPI Rank 0 - measurer.h:175 -->
[0mStep 11600 done. Current time:116

[34m(876.992s) MPI Rank 0 - measurer.h:175 -->
[0mStep 11700 done. Current time:117

[34m(884.318s) MPI Rank 0 - measurer.h:175 -->
[0mStep 11800 done. Current time:118

[34m(891.762s) MPI Rank 0 - measurer.h:175 -->
[0mStep 11900 done. Current time:119

[34m(899.280s) MPI Rank 0 - measurer.h:175 -->
[0mStep 12000 done. Current time:120

[34m(906.573s) MPI Rank 0 - measurer.h:175 -->
[0mStep 12100 done. Current time:121

[34m(913.912s) MPI Rank 0 - measurer.h:175 -->
[0mStep 12200 done. Current time:122

[34m(921.222s) MPI Rank 0 - measurer.h:175 -->
[0mStep 12300 done. Current time:123

[34m(928.547s) MPI Rank 0 - measurer.h:175 -->
[0mStep 12400 done. Current time:124

[34m(936.087s) MPI Rank 0 - measurer.h:175 -->
[0mStep 12500 done. Current time:125

[34m(943.430s) MPI Rank 0 - measurer.h:175 -->
[0mStep 12600 done. Current time:126

[34m(950.760s) MPI Rank 0 - measurer.h:175 -->
[0mStep 12700 done. Current time:127

[34m(958.070s) MPI Rank 0 - measurer.h:175 -->
[0mStep 12800 done. Current time:128

[34m(965.388s) MPI Rank 0 - measurer.h:175 -->
[0mStep 12900 done. Current time:129

[34m(973.159s) MPI Rank 0 - measurer.h:175 -->
[0mStep 13000 done. Current time:130

[34m(980.559s) MPI Rank 0 - measurer.h:175 -->
[0mStep 13100 done. Current time:131

[34m(987.908s) MPI Rank 0 - measurer.h:175 -->
[0mStep 13200 done. Current time:132

[34m(995.226s) MPI Rank 0 - measurer.h:175 -->
[0mStep 13300 done. Current time:133

[34m(1002.556s) MPI Rank 0 - measurer.h:175 -->
[0mStep 13400 done. Current time:134

[34m(1010.154s) MPI Rank 0 - measurer.h:175 -->
[0mStep 13500 done. Current time:135

[34m(1017.543s) MPI Rank 0 - measurer.h:175 -->
[0mStep 13600 done. Current time:136

[34m(1024.870s) MPI Rank 0 - measurer.h:175 -->
[0mStep 13700 done. Current time:137

[34m(1032.190s) MPI Rank 0 - measurer.h:175 -->
[0mStep 13800 done. Current time:138

[34m(1039.541s) MPI Rank 0 - measurer.h:175 -->
[0mStep 13900 done. Current time:139

[34m(1047.098s) MPI Rank 0 - measurer.h:175 -->
[0mStep 14000 done. Current time:140

[34m(1054.475s) MPI Rank 0 - measurer.h:175 -->
[0mStep 14100 done. Current time:141

[34m(1061.781s) MPI Rank 0 - measurer.h:175 -->
[0mStep 14200 done. Current time:142

[34m(1069.115s) MPI Rank 0 - measurer.h:175 -->
[0mStep 14300 done. Current time:143

[34m(1076.444s) MPI Rank 0 - measurer.h:175 -->
[0mStep 14400 done. Current time:144

[34m(1084.053s) MPI Rank 0 - measurer.h:175 -->
[0mStep 14500 done. Current time:145

[34m(1091.428s) MPI Rank 0 - measurer.h:175 -->
[0mStep 14600 done. Current time:146

[34m(1098.742s) MPI Rank 0 - measurer.h:175 -->
[0mStep 14700 done. Current time:147

[34m(1106.070s) MPI Rank 0 - measurer.h:175 -->
[0mStep 14800 done. Current time:148

[34m(1113.419s) MPI Rank 0 - measurer.h:175 -->
[0mStep 14900 done. Current time:149

[34m(1120.981s) MPI Rank 0 - measurer.h:175 -->
[0mStep 15000 done. Current time:150

[34m(1128.328s) MPI Rank 0 - measurer.h:175 -->
[0mStep 15100 done. Current time:151

[34m(1135.623s) MPI Rank 0 - measurer.h:175 -->
[0mStep 15200 done. Current time:152

[34m(1142.952s) MPI Rank 0 - measurer.h:175 -->
[0mStep 15300 done. Current time:153

[34m(1150.259s) MPI Rank 0 - measurer.h:175 -->
[0mStep 15400 done. Current time:154

[34m(1157.810s) MPI Rank 0 - measurer.h:175 -->
[0mStep 15500 done. Current time:155

[34m(1165.149s) MPI Rank 0 - measurer.h:175 -->
[0mStep 15600 done. Current time:156

[34m(1172.483s) MPI Rank 0 - measurer.h:175 -->
[0mStep 15700 done. Current time:157

[34m(1179.758s) MPI Rank 0 - measurer.h:175 -->
[0mStep 15800 done. Current time:158

[34m(1187.044s) MPI Rank 0 - measurer.h:175 -->
[0mStep 15900 done. Current time:159

[34m(1194.594s) MPI Rank 0 - measurer.h:175 -->
[0mStep 16000 done. Current time:160

[34m(1202.017s) MPI Rank 0 - measurer.h:175 -->
[0mStep 16100 done. Current time:161

[34m(1209.329s) MPI Rank 0 - measurer.h:175 -->
[0mStep 16200 done. Current time:162

[34m(1216.640s) MPI Rank 0 - measurer.h:175 -->
[0mStep 16300 done. Current time:163

[34m(1224.040s) MPI Rank 0 - measurer.h:175 -->
[0mStep 16400 done. Current time:164

[34m(1231.624s) MPI Rank 0 - measurer.h:175 -->
[0mStep 16500 done. Current time:165

[34m(1238.977s) MPI Rank 0 - measurer.h:175 -->
[0mStep 16600 done. Current time:166

[34m(1246.267s) MPI Rank 0 - measurer.h:175 -->
[0mStep 16700 done. Current time:167

[34m(1253.604s) MPI Rank 0 - measurer.h:175 -->
[0mStep 16800 done. Current time:168

[34m(1260.943s) MPI Rank 0 - measurer.h:175 -->
[0mStep 16900 done. Current time:169

[34m(1268.489s) MPI Rank 0 - measurer.h:175 -->
[0mStep 17000 done. Current time:170

[34m(1276.002s) MPI Rank 0 - measurer.h:175 -->
[0mStep 17100 done. Current time:171

[34m(1283.327s) MPI Rank 0 - measurer.h:175 -->
[0mStep 17200 done. Current time:172

[34m(1290.601s) MPI Rank 0 - measurer.h:175 -->
[0mStep 17300 done. Current time:173

[34m(1297.876s) MPI Rank 0 - measurer.h:175 -->
[0mStep 17400 done. Current time:174

[34m(1305.378s) MPI Rank 0 - measurer.h:175 -->
[0mStep 17500 done. Current time:175

[34m(1312.723s) MPI Rank 0 - measurer.h:175 -->
[0mStep 17600 done. Current time:176

[34m(1319.984s) MPI Rank 0 - measurer.h:175 -->
[0mStep 17700 done. Current time:177

[34m(1327.255s) MPI Rank 0 - measurer.h:175 -->
[0mStep 17800 done. Current time:178

[34m(1334.518s) MPI Rank 0 - measurer.h:175 -->
[0mStep 17900 done. Current time:179

[34m(1342.038s) MPI Rank 0 - measurer.h:175 -->
[0mStep 18000 done. Current time:180

[34m(1349.359s) MPI Rank 0 - measurer.h:175 -->
[0mStep 18100 done. Current time:181

[34m(1356.627s) MPI Rank 0 - measurer.h:175 -->
[0mStep 18200 done. Current time:182

[34m(1363.882s) MPI Rank 0 - measurer.h:175 -->
[0mStep 18300 done. Current time:183

[34m(1371.166s) MPI Rank 0 - measurer.h:175 -->
[0mStep 18400 done. Current time:184

[34m(1378.699s) MPI Rank 0 - measurer.h:175 -->
[0mStep 18500 done. Current time:185

[34m(1385.997s) MPI Rank 0 - measurer.h:175 -->
[0mStep 18600 done. Current time:186

[34m(1393.249s) MPI Rank 0 - measurer.h:175 -->
[0mStep 18700 done. Current time:187

[34m(1400.522s) MPI Rank 0 - measurer.h:175 -->
[0mStep 18800 done. Current time:188

[34m(1407.792s) MPI Rank 0 - measurer.h:175 -->
[0mStep 18900 done. Current time:189

[34m(1415.290s) MPI Rank 0 - measurer.h:175 -->
[0mStep 19000 done. Current time:190

[34m(1422.576s) MPI Rank 0 - measurer.h:175 -->
[0mStep 19100 done. Current time:191

[34m(1429.861s) MPI Rank 0 - measurer.h:175 -->
[0mStep 19200 done. Current time:192

[34m(1437.101s) MPI Rank 0 - measurer.h:175 -->
[0mStep 19300 done. Current time:193

[34m(1444.367s) MPI Rank 0 - measurer.h:175 -->
[0mStep 19400 done. Current time:194

[34m(1451.864s) MPI Rank 0 - measurer.h:175 -->
[0mStep 19500 done. Current time:195

[34m(1459.189s) MPI Rank 0 - measurer.h:175 -->
[0mStep 19600 done. Current time:196

[34m(1466.440s) MPI Rank 0 - measurer.h:175 -->
[0mStep 19700 done. Current time:197

[34m(1473.720s) MPI Rank 0 - measurer.h:175 -->
[0mStep 19800 done. Current time:198

[34m(1480.957s) MPI Rank 0 - measurer.h:175 -->
[0mStep 19900 done. Current time:199

[34m(1488.462s) MPI Rank 0 - measurer.h:175 -->
[0mStep 20000 done. Current time:200

[34m(1495.758s) MPI Rank 0 - measurer.h:175 -->
[0mStep 20100 done. Current time:201

[34m(1503.039s) MPI Rank 0 - measurer.h:175 -->
[0mStep 20200 done. Current time:202

[34m(1510.296s) MPI Rank 0 - measurer.h:175 -->
[0mStep 20300 done. Current time:203

[34m(1517.577s) MPI Rank 0 - measurer.h:175 -->
[0mStep 20400 done. Current time:204

[34m(1525.174s) MPI Rank 0 - measurer.h:175 -->
[0mStep 20500 done. Current time:205

[34m(1532.527s) MPI Rank 0 - measurer.h:175 -->
[0mStep 20600 done. Current time:206

[34m(1539.816s) MPI Rank 0 - measurer.h:175 -->
[0mStep 20700 done. Current time:207

[34m(1547.118s) MPI Rank 0 - measurer.h:175 -->
[0mStep 20800 done. Current time:208

[34m(1554.426s) MPI Rank 0 - measurer.h:175 -->
[0mStep 20900 done. Current time:209

[34m(1561.946s) MPI Rank 0 - measurer.h:175 -->
[0mStep 21000 done. Current time:210

[34m(1569.263s) MPI Rank 0 - measurer.h:175 -->
[0mStep 21100 done. Current time:211

[34m(1576.581s) MPI Rank 0 - measurer.h:175 -->
[0mStep 21200 done. Current time:212

[34m(1584.056s) MPI Rank 0 - measurer.h:175 -->
[0mStep 21300 done. Current time:213

[34m(1591.411s) MPI Rank 0 - measurer.h:175 -->
[0mStep 21400 done. Current time:214

[34m(1599.269s) MPI Rank 0 - measurer.h:175 -->
[0mStep 21500 done. Current time:215

[34m(1606.724s) MPI Rank 0 - measurer.h:175 -->
[0mStep 21600 done. Current time:216

[34m(1614.803s) MPI Rank 0 - measurer.h:175 -->
[0mStep 21700 done. Current time:217

[34m(1624.122s) MPI Rank 0 - measurer.h:175 -->
[0mStep 21800 done. Current time:218

[34m(1632.236s) MPI Rank 0 - measurer.h:175 -->
[0mStep 21900 done. Current time:219

[34m(1640.463s) MPI Rank 0 - measurer.h:175 -->
[0mStep 22000 done. Current time:220

[34m(1648.523s) MPI Rank 0 - measurer.h:175 -->
[0mStep 22100 done. Current time:221

[34m(1656.626s) MPI Rank 0 - measurer.h:175 -->
[0mStep 22200 done. Current time:222

[34m(1664.722s) MPI Rank 0 - measurer.h:175 -->
[0mStep 22300 done. Current time:223

[34m(1672.833s) MPI Rank 0 - measurer.h:175 -->
[0mStep 22400 done. Current time:224

[34m(1681.143s) MPI Rank 0 - measurer.h:175 -->
[0mStep 22500 done. Current time:225

[34m(1688.970s) MPI Rank 0 - measurer.h:175 -->
[0mStep 22600 done. Current time:226

[34m(1696.887s) MPI Rank 0 - measurer.h:175 -->
[0mStep 22700 done. Current time:227

[34m(1704.667s) MPI Rank 0 - measurer.h:175 -->
[0mStep 22800 done. Current time:228

[34m(1712.391s) MPI Rank 0 - measurer.h:175 -->
[0mStep 22900 done. Current time:229

[34m(1720.357s) MPI Rank 0 - measurer.h:175 -->
[0mStep 23000 done. Current time:230

[34m(1728.148s) MPI Rank 0 - measurer.h:175 -->
[0mStep 23100 done. Current time:231

[34m(1736.032s) MPI Rank 0 - measurer.h:175 -->
[0mStep 23200 done. Current time:232

[34m(1743.877s) MPI Rank 0 - measurer.h:175 -->
[0mStep 23300 done. Current time:233

[34m(1751.685s) MPI Rank 0 - measurer.h:175 -->
[0mStep 23400 done. Current time:234

[34m(1759.905s) MPI Rank 0 - measurer.h:175 -->
[0mStep 23500 done. Current time:235

[34m(1767.762s) MPI Rank 0 - measurer.h:175 -->
[0mStep 23600 done. Current time:236

[34m(1775.665s) MPI Rank 0 - measurer.h:175 -->
[0mStep 23700 done. Current time:237

[34m(1783.407s) MPI Rank 0 - measurer.h:175 -->
[0mStep 23800 done. Current time:238

[34m(1791.366s) MPI Rank 0 - measurer.h:175 -->
[0mStep 23900 done. Current time:239

[34m(1799.599s) MPI Rank 0 - measurer.h:175 -->
[0mStep 24000 done. Current time:240

[34m(1807.458s) MPI Rank 0 - measurer.h:175 -->
[0mStep 24100 done. Current time:241

[34m(1815.186s) MPI Rank 0 - measurer.h:175 -->
[0mStep 24200 done. Current time:242

[34m(1823.100s) MPI Rank 0 - measurer.h:175 -->
[0mStep 24300 done. Current time:243

[34m(1831.185s) MPI Rank 0 - measurer.h:175 -->
[0mStep 24400 done. Current time:244

[34m(1838.848s) MPI Rank 0 - measurer.h:175 -->
[0mStep 24500 done. Current time:245

[34m(1846.486s) MPI Rank 0 - measurer.h:175 -->
[0mStep 24600 done. Current time:246

[34m(1854.222s) MPI Rank 0 - measurer.h:175 -->
[0mStep 24700 done. Current time:247

[34m(1861.658s) MPI Rank 0 - measurer.h:175 -->
[0mStep 24800 done. Current time:248

[34m(1869.325s) MPI Rank 0 - measurer.h:175 -->
[0mStep 24900 done. Current time:249

[34m(1877.139s) MPI Rank 0 - measurer.h:175 -->
[0mStep 25000 done. Current time:250

[34m(1884.691s) MPI Rank 0 - measurer.h:175 -->
[0mStep 25100 done. Current time:251

[34m(1892.088s) MPI Rank 0 - measurer.h:175 -->
[0mStep 25200 done. Current time:252

[34m(1899.554s) MPI Rank 0 - measurer.h:175 -->
[0mStep 25300 done. Current time:253

[34m(1906.932s) MPI Rank 0 - measurer.h:175 -->
[0mStep 25400 done. Current time:254

[34m(1914.517s) MPI Rank 0 - measurer.h:175 -->
[0mStep 25500 done. Current time:255

[34m(1921.877s) MPI Rank 0 - measurer.h:175 -->
[0mStep 25600 done. Current time:256

[34m(1929.193s) MPI Rank 0 - measurer.h:175 -->
[0mStep 25700 done. Current time:257

[34m(1936.521s) MPI Rank 0 - measurer.h:175 -->
[0mStep 25800 done. Current time:258

[34m(1943.870s) MPI Rank 0 - measurer.h:175 -->
[0mStep 25900 done. Current time:259

[34m(1951.452s) MPI Rank 0 - measurer.h:175 -->
[0mStep 26000 done. Current time:260

[34m(1958.802s) MPI Rank 0 - measurer.h:175 -->
[0mStep 26100 done. Current time:261

[34m(1966.140s) MPI Rank 0 - measurer.h:175 -->
[0mStep 26200 done. Current time:262

[34m(1973.547s) MPI Rank 0 - measurer.h:175 -->
[0mStep 26300 done. Current time:263

[34m(1980.871s) MPI Rank 0 - measurer.h:175 -->
[0mStep 26400 done. Current time:264

[34m(1988.443s) MPI Rank 0 - measurer.h:175 -->
[0mStep 26500 done. Current time:265

[34m(1995.792s) MPI Rank 0 - measurer.h:175 -->
[0mStep 26600 done. Current time:266

[34m(2003.125s) MPI Rank 0 - measurer.h:175 -->
[0mStep 26700 done. Current time:267

[34m(2010.463s) MPI Rank 0 - measurer.h:175 -->
[0mStep 26800 done. Current time:268

[34m(2017.766s) MPI Rank 0 - measurer.h:175 -->
[0mStep 26900 done. Current time:269

[34m(2025.348s) MPI Rank 0 - measurer.h:175 -->
[0mStep 27000 done. Current time:270

[34m(2032.700s) MPI Rank 0 - measurer.h:175 -->
[0mStep 27100 done. Current time:271

[34m(2040.023s) MPI Rank 0 - measurer.h:175 -->
[0mStep 27200 done. Current time:272

[34m(2047.359s) MPI Rank 0 - measurer.h:175 -->
[0mStep 27300 done. Current time:273

[34m(2054.673s) MPI Rank 0 - measurer.h:175 -->
[0mStep 27400 done. Current time:274

[34m(2062.263s) MPI Rank 0 - measurer.h:175 -->
[0mStep 27500 done. Current time:275

[34m(2069.618s) MPI Rank 0 - measurer.h:175 -->
[0mStep 27600 done. Current time:276

[34m(2076.933s) MPI Rank 0 - measurer.h:175 -->
[0mStep 27700 done. Current time:277

[34m(2084.242s) MPI Rank 0 - measurer.h:175 -->
[0mStep 27800 done. Current time:278

[34m(2091.554s) MPI Rank 0 - measurer.h:175 -->
[0mStep 27900 done. Current time:279

[34m(2099.115s) MPI Rank 0 - measurer.h:175 -->
[0mStep 28000 done. Current time:280

[34m(2106.570s) MPI Rank 0 - measurer.h:175 -->
[0mStep 28100 done. Current time:281

[34m(2113.883s) MPI Rank 0 - measurer.h:175 -->
[0mStep 28200 done. Current time:282

[34m(2121.246s) MPI Rank 0 - measurer.h:175 -->
[0mStep 28300 done. Current time:283

[34m(2128.569s) MPI Rank 0 - measurer.h:175 -->
[0mStep 28400 done. Current time:284

[34m(2136.122s) MPI Rank 0 - measurer.h:175 -->
[0mStep 28500 done. Current time:285

[34m(2143.453s) MPI Rank 0 - measurer.h:175 -->
[0mStep 28600 done. Current time:286

[34m(2150.791s) MPI Rank 0 - measurer.h:175 -->
[0mStep 28700 done. Current time:287

[34m(2158.260s) MPI Rank 0 - measurer.h:175 -->
[0mStep 28800 done. Current time:288

[34m(2165.585s) MPI Rank 0 - measurer.h:175 -->
[0mStep 28900 done. Current time:289

[34m(2173.125s) MPI Rank 0 - measurer.h:175 -->
[0mStep 29000 done. Current time:290

[34m(2181.798s) MPI Rank 0 - measurer.h:175 -->
[0mStep 29100 done. Current time:291

[34m(2189.118s) MPI Rank 0 - measurer.h:175 -->
[0mStep 29200 done. Current time:292

[34m(2196.429s) MPI Rank 0 - measurer.h:175 -->
[0mStep 29300 done. Current time:293

[34m(2203.723s) MPI Rank 0 - measurer.h:175 -->
[0mStep 29400 done. Current time:294

[34m(2211.275s) MPI Rank 0 - measurer.h:175 -->
[0mStep 29500 done. Current time:295

[34m(2218.596s) MPI Rank 0 - measurer.h:175 -->
[0mStep 29600 done. Current time:296

[34m(2225.901s) MPI Rank 0 - measurer.h:175 -->
[0mStep 29700 done. Current time:297

[34m(2233.205s) MPI Rank 0 - measurer.h:175 -->
[0mStep 29800 done. Current time:298

[34m(2240.537s) MPI Rank 0 - measurer.h:175 -->
[0mStep 29900 done. Current time:299

