[34m(0.000s) 
[0mUsing FFTW backend for FFTs.

[34m(0.000s) MPI Rank 0 - memorytoolbox.h:209 -->
[0mUsing the following domain decomposition:(1 1 1 ).
[34m(0.292s) cosmolattice.cpp:103 -->
[0mModel name: lphi4
[34m(0.292s) cosmolattice.cpp:110 -->
[0mThis simulation will run with the following parameters: 
Important parameters:

     tOutputRareFreq       10                  
             kCutOff       4                   
                   N       128                 
             withGWs       true                
           expansion       true                
             evolver       VV2                 
                tMax       300                 
          doLFforGWs       true                
                  dt       0.01                
                 kIR       0.25                
       tOutputInfreq       5                   
                  t0       0                   
         tOutputFreq       0.5                 


Other parameters:

   tNonLinearAxionU1       -1                  
             ext_PS0       ✖                 
measureDefectsStructure       false               
         doDiffusion       false               
           tolerance       -1                  
         hdf5Spectra       false               
        hdf5Averages       false               
           deltaKBin       1                   
    spectraVerbosity       0                   
     fixedBackground       false               
     snap_lowercoord       0 0 0 0 0 0 0 0 0 0 
         tOutputVerb       1                   
measureDefectsEnergies       false               
     snap_uppercoord       128 128 128 128 128 128 128 128 128 128
            baseSeed       1234                
          outputfile       ./                  
              lambda       9e-14               
             ext_PS1       ✖                 
           snapshots       ✖ ✖ ✖ ✖ ✖ ✖ ✖ ✖ ✖ ✖ ✖ ✖ ✖ ✖ ✖
      overwriteFiles       false               
      snap_stepcoord       1 1 1 1 1 1 1 1 1 1 
     initial_momenta       -4.86735e30 0       
          PS_version       1                   
        fn_verbosity       0                   
         tBackupFreq       -1                  
       hdf5FlushFreq       10                  
            ICtype_S       Default             
        flagChiralPS       false               
 saveUnbinnedSpectra       false               
               input       lphi4_control_N128_VV2.in
           ICtype_U1       Default             
             PS_type       1                   
       appendToFiles       false               
     GWprojectorType       1                   
                   q       120                 
              flagON       false               
       print_headers       true                
            load_dir       ✖                 
                  a0       1                   
  initial_amplitudes       5.6964e18 0         

[34m(1.835s) MPI Rank 0 - measurer.h:175 -->
[0mStep 0 done. Current time:0

[34m(21.517s) MPI Rank 0 - measurer.h:175 -->
[0mStep 100 done. Current time:1

[34m(39.037s) MPI Rank 0 - measurer.h:175 -->
[0mStep 200 done. Current time:2

[34m(57.300s) MPI Rank 0 - measurer.h:175 -->
[0mStep 300 done. Current time:3

[34m(74.605s) MPI Rank 0 - measurer.h:175 -->
[0mStep 400 done. Current time:4

[34m(92.572s) MPI Rank 0 - measurer.h:175 -->
[0mStep 500 done. Current time:5

[34m(110.013s) MPI Rank 0 - measurer.h:175 -->
[0mStep 600 done. Current time:6

[34m(127.317s) MPI Rank 0 - measurer.h:175 -->
[0mStep 700 done. Current time:7

[34m(144.612s) MPI Rank 0 - measurer.h:175 -->
[0mStep 800 done. Current time:8

[34m(161.920s) MPI Rank 0 - measurer.h:175 -->
[0mStep 900 done. Current time:9

[34m(180.043s) MPI Rank 0 - measurer.h:175 -->
[0mStep 1000 done. Current time:10

[34m(197.460s) MPI Rank 0 - measurer.h:175 -->
[0mStep 1100 done. Current time:11

[34m(214.817s) MPI Rank 0 - measurer.h:175 -->
[0mStep 1200 done. Current time:12

[34m(232.126s) MPI Rank 0 - measurer.h:175 -->
[0mStep 1300 done. Current time:13

[34m(249.428s) MPI Rank 0 - measurer.h:175 -->
[0mStep 1400 done. Current time:14

[34m(267.354s) MPI Rank 0 - measurer.h:175 -->
[0mStep 1500 done. Current time:15

[34m(284.697s) MPI Rank 0 - measurer.h:175 -->
[0mStep 1600 done. Current time:16

[34m(302.075s) MPI Rank 0 - measurer.h:175 -->
[0mStep 1700 done. Current time:17

[34m(319.333s) MPI Rank 0 - measurer.h:175 -->
[0mStep 1800 done. Current time:18

[34m(336.593s) MPI Rank 0 - measurer.h:175 -->
[0mStep 1900 done. Current time:19

[34m(354.453s) MPI Rank 0 - measurer.h:175 -->
[0mStep 2000 done. Current time:20

[34m(371.848s) MPI Rank 0 - measurer.h:175 -->
[0mStep 2100 done. Current time:21

[34m(389.117s) MPI Rank 0 - measurer.h:175 -->
[0mStep 2200 done. Current time:22

[34m(406.368s) MPI Rank 0 - measurer.h:175 -->
[0mStep 2300 done. Current time:23

[34m(423.663s) MPI Rank 0 - measurer.h:175 -->
[0mStep 2400 done. Current time:24

[34m(441.566s) MPI Rank 0 - measurer.h:175 -->
[0mStep 2500 done. Current time:25

[34m(458.912s) MPI Rank 0 - measurer.h:175 -->
[0mStep 2600 done. Current time:26

[34m(476.133s) MPI Rank 0 - measurer.h:175 -->
[0mStep 2700 done. Current time:27

[34m(493.392s) MPI Rank 0 - measurer.h:175 -->
[0mStep 2800 done. Current time:28

[34m(510.803s) MPI Rank 0 - measurer.h:175 -->
[0mStep 2900 done. Current time:29

[34m(528.729s) MPI Rank 0 - measurer.h:175 -->
[0mStep 3000 done. Current time:30

[34m(546.174s) MPI Rank 0 - measurer.h:175 -->
[0mStep 3100 done. Current time:31

[34m(563.484s) MPI Rank 0 - measurer.h:175 -->
[0mStep 3200 done. Current time:32

[34m(580.734s) MPI Rank 0 - measurer.h:175 -->
[0mStep 3300 done. Current time:33

[34m(597.976s) MPI Rank 0 - measurer.h:175 -->
[0mStep 3400 done. Current time:34

[34m(615.861s) MPI Rank 0 - measurer.h:175 -->
[0mStep 3500 done. Current time:35

[34m(633.234s) MPI Rank 0 - measurer.h:175 -->
[0mStep 3600 done. Current time:36

[34m(650.623s) MPI Rank 0 - measurer.h:175 -->
[0mStep 3700 done. Current time:37

[34m(667.889s) MPI Rank 0 - measurer.h:175 -->
[0mStep 3800 done. Current time:38

[34m(685.200s) MPI Rank 0 - measurer.h:175 -->
[0mStep 3900 done. Current time:39

[34m(703.073s) MPI Rank 0 - measurer.h:175 -->
[0mStep 4000 done. Current time:40

[34m(720.454s) MPI Rank 0 - measurer.h:175 -->
[0mStep 4100 done. Current time:41

[34m(737.685s) MPI Rank 0 - measurer.h:175 -->
[0mStep 4200 done. Current time:42

[34m(754.904s) MPI Rank 0 - measurer.h:175 -->
[0mStep 4300 done. Current time:43

[34m(772.156s) MPI Rank 0 - measurer.h:175 -->
[0mStep 4400 done. Current time:44

[34m(790.023s) MPI Rank 0 - measurer.h:175 -->
[0mStep 4500 done. Current time:45

[34m(807.389s) MPI Rank 0 - measurer.h:175 -->
[0mStep 4600 done. Current time:46

[34m(824.646s) MPI Rank 0 - measurer.h:175 -->
[0mStep 4700 done. Current time:47

[34m(841.934s) MPI Rank 0 - measurer.h:175 -->
[0mStep 4800 done. Current time:48

[34m(859.143s) MPI Rank 0 - measurer.h:175 -->
[0mStep 4900 done. Current time:49

[34m(877.052s) MPI Rank 0 - measurer.h:175 -->
[0mStep 5000 done. Current time:50

[34m(894.384s) MPI Rank 0 - measurer.h:175 -->
[0mStep 5100 done. Current time:51

[34m(911.645s) MPI Rank 0 - measurer.h:175 -->
[0mStep 5200 done. Current time:52

[34m(928.864s) MPI Rank 0 - measurer.h:175 -->
[0mStep 5300 done. Current time:53

[34m(946.047s) MPI Rank 0 - measurer.h:175 -->
[0mStep 5400 done. Current time:54

[34m(963.863s) MPI Rank 0 - measurer.h:175 -->
[0mStep 5500 done. Current time:55

[34m(981.087s) MPI Rank 0 - measurer.h:175 -->
[0mStep 5600 done. Current time:56

[34m(998.380s) MPI Rank 0 - measurer.h:175 -->
[0mStep 5700 done. Current time:57

[34m(1015.588s) MPI Rank 0 - measurer.h:175 -->
[0mStep 5800 done. Current time:58

[34m(1032.827s) MPI Rank 0 - measurer.h:175 -->
[0mStep 5900 done. Current time:59

[34m(1050.704s) MPI Rank 0 - measurer.h:175 -->
[0mStep 6000 done. Current time:60

[34m(1068.087s) MPI Rank 0 - measurer.h:175 -->
[0mStep 6100 done. Current time:61

[34m(1085.304s) MPI Rank 0 - measurer.h:175 -->
[0mStep 6200 done. Current time:62

[34m(1102.576s) MPI Rank 0 - measurer.h:175 -->
[0mStep 6300 done. Current time:63

[34m(1119.826s) MPI Rank 0 - measurer.h:175 -->
[0mStep 6400 done. Current time:64

[34m(1137.624s) MPI Rank 0 - measurer.h:175 -->
[0mStep 6500 done. Current time:65

[34m(1154.937s) MPI Rank 0 - measurer.h:175 -->
[0mStep 6600 done. Current time:66

[34m(1172.171s) MPI Rank 0 - measurer.h:175 -->
[0mStep 6700 done. Current time:67

[34m(1189.406s) MPI Rank 0 - measurer.h:175 -->
[0mStep 6800 done. Current time:68

[34m(1206.600s) MPI Rank 0 - measurer.h:175 -->
[0mStep 6900 done. Current time:69

[34m(1224.396s) MPI Rank 0 - measurer.h:175 -->
[0mStep 7000 done. Current time:70

[34m(1241.668s) MPI Rank 0 - measurer.h:175 -->
[0mStep 7100 done. Current time:71

[34m(1258.848s) MPI Rank 0 - measurer.h:175 -->
[0mStep 7200 done. Current time:72

[34m(1276.054s) MPI Rank 0 - measurer.h:175 -->
[0mStep 7300 done. Current time:73

[34m(1293.249s) MPI Rank 0 - measurer.h:175 -->
[0mStep 7400 done. Current time:74

[34m(1311.039s) MPI Rank 0 - measurer.h:175 -->
[0mStep 7500 done. Current time:75

[34m(1328.366s) MPI Rank 0 - measurer.h:175 -->
[0mStep 7600 done. Current time:76

[34m(1345.525s) MPI Rank 0 - measurer.h:175 -->
[0mStep 7700 done. Current time:77

[34m(1362.687s) MPI Rank 0 - measurer.h:175 -->
[0mStep 7800 done. Current time:78

[34m(1379.831s) MPI Rank 0 - measurer.h:175 -->
[0mStep 7900 done. Current time:79

[34m(1397.610s) MPI Rank 0 - measurer.h:175 -->
[0mStep 8000 done. Current time:80

[34m(1414.901s) MPI Rank 0 - measurer.h:175 -->
[0mStep 8100 done. Current time:81

[34m(1432.078s) MPI Rank 0 - measurer.h:175 -->
[0mStep 8200 done. Current time:82

[34m(1449.302s) MPI Rank 0 - measurer.h:175 -->
[0mStep 8300 done. Current time:83

[34m(1466.493s) MPI Rank 0 - measurer.h:175 -->
[0mStep 8400 done. Current time:84

[34m(1484.283s) MPI Rank 0 - measurer.h:175 -->
[0mStep 8500 done. Current time:85

[34m(1501.635s) MPI Rank 0 - measurer.h:175 -->
[0mStep 8600 done. Current time:86

[34m(1518.771s) MPI Rank 0 - measurer.h:175 -->
[0mStep 8700 done. Current time:87

[34m(1535.963s) MPI Rank 0 - measurer.h:175 -->
[0mStep 8800 done. Current time:88

[34m(1553.055s) MPI Rank 0 - measurer.h:175 -->
[0mStep 8900 done. Current time:89

[34m(1570.788s) MPI Rank 0 - measurer.h:175 -->
[0mStep 9000 done. Current time:90

[34m(1588.007s) MPI Rank 0 - measurer.h:175 -->
[0mStep 9100 done. Current time:91

[34m(1605.130s) MPI Rank 0 - measurer.h:175 -->
[0mStep 9200 done. Current time:92

[34m(1622.263s) MPI Rank 0 - measurer.h:175 -->
[0mStep 9300 done. Current time:93

[34m(1639.419s) MPI Rank 0 - measurer.h:175 -->
[0mStep 9400 done. Current time:94

[34m(1657.262s) MPI Rank 0 - measurer.h:175 -->
[0mStep 9500 done. Current time:95

[34m(1674.509s) MPI Rank 0 - measurer.h:175 -->
[0mStep 9600 done. Current time:96

[34m(1691.717s) MPI Rank 0 - measurer.h:175 -->
[0mStep 9700 done. Current time:97

[34m(1708.885s) MPI Rank 0 - measurer.h:175 -->
[0mStep 9800 done. Current time:98

[34m(1726.079s) MPI Rank 0 - measurer.h:175 -->
[0mStep 9900 done. Current time:99

[34m(1743.891s) MPI Rank 0 - measurer.h:175 -->
[0mStep 10000 done. Current time:100

[34m(1761.181s) MPI Rank 0 - measurer.h:175 -->
[0mStep 10100 done. Current time:101

[34m(1778.378s) MPI Rank 0 - measurer.h:175 -->
[0mStep 10200 done. Current time:102

[34m(1795.571s) MPI Rank 0 - measurer.h:175 -->
[0mStep 10300 done. Current time:103

[34m(1812.808s) MPI Rank 0 - measurer.h:175 -->
[0mStep 10400 done. Current time:104

[34m(1830.674s) MPI Rank 0 - measurer.h:175 -->
[0mStep 10500 done. Current time:105

[34m(1848.030s) MPI Rank 0 - measurer.h:175 -->
[0mStep 10600 done. Current time:106

[34m(1865.265s) MPI Rank 0 - measurer.h:175 -->
[0mStep 10700 done. Current time:107

[34m(1882.530s) MPI Rank 0 - measurer.h:175 -->
[0mStep 10800 done. Current time:108

[34m(1899.732s) MPI Rank 0 - measurer.h:175 -->
[0mStep 10900 done. Current time:109

[34m(1917.569s) MPI Rank 0 - measurer.h:175 -->
[0mStep 11000 done. Current time:110

[34m(1934.858s) MPI Rank 0 - measurer.h:175 -->
[0mStep 11100 done. Current time:111

[34m(1952.076s) MPI Rank 0 - measurer.h:175 -->
[0mStep 11200 done. Current time:112

[34m(1969.248s) MPI Rank 0 - measurer.h:175 -->
[0mStep 11300 done. Current time:113

[34m(1986.511s) MPI Rank 0 - measurer.h:175 -->
[0mStep 11400 done. Current time:114

[34m(2004.423s) MPI Rank 0 - measurer.h:175 -->
[0mStep 11500 done. Current time:115

[34m(2021.743s) MPI Rank 0 - measurer.h:175 -->
[0mStep 11600 done. Current time:116

[34m(2038.981s) MPI Rank 0 - measurer.h:175 -->
[0mStep 11700 done. Current time:117

[34m(2056.198s) MPI Rank 0 - measurer.h:175 -->
[0mStep 11800 done. Current time:118

[34m(2073.468s) MPI Rank 0 - measurer.h:175 -->
[0mStep 11900 done. Current time:119

[34m(2091.294s) MPI Rank 0 - measurer.h:175 -->
[0mStep 12000 done. Current time:120

[34m(2108.676s) MPI Rank 0 - measurer.h:175 -->
[0mStep 12100 done. Current time:121

[34m(2125.900s) MPI Rank 0 - measurer.h:175 -->
[0mStep 12200 done. Current time:122

[34m(2143.103s) MPI Rank 0 - measurer.h:175 -->
[0mStep 12300 done. Current time:123

[34m(2160.425s) MPI Rank 0 - measurer.h:175 -->
[0mStep 12400 done. Current time:124

[34m(2178.278s) MPI Rank 0 - measurer.h:175 -->
[0mStep 12500 done. Current time:125

[34m(2195.637s) MPI Rank 0 - measurer.h:175 -->
[0mStep 12600 done. Current time:126

[34m(2212.848s) MPI Rank 0 - measurer.h:175 -->
[0mStep 12700 done. Current time:127

[34m(2230.049s) MPI Rank 0 - measurer.h:175 -->
[0mStep 12800 done. Current time:128

[34m(2247.247s) MPI Rank 0 - measurer.h:175 -->
[0mStep 12900 done. Current time:129

[34m(2265.036s) MPI Rank 0 - measurer.h:175 -->
[0mStep 13000 done. Current time:130

[34m(2282.359s) MPI Rank 0 - measurer.h:175 -->
[0mStep 13100 done. Current time:131

[34m(2299.599s) MPI Rank 0 - measurer.h:175 -->
[0mStep 13200 done. Current time:132

[34m(2316.878s) MPI Rank 0 - measurer.h:175 -->
[0mStep 13300 done. Current time:133

[34m(2334.090s) MPI Rank 0 - measurer.h:175 -->
[0mStep 13400 done. Current time:134

[34m(2351.880s) MPI Rank 0 - measurer.h:175 -->
[0mStep 13500 done. Current time:135

[34m(2369.206s) MPI Rank 0 - measurer.h:175 -->
[0mStep 13600 done. Current time:136

[34m(2386.397s) MPI Rank 0 - measurer.h:175 -->
[0mStep 13700 done. Current time:137

[34m(2403.643s) MPI Rank 0 - measurer.h:175 -->
[0mStep 13800 done. Current time:138

[34m(2420.789s) MPI Rank 0 - measurer.h:175 -->
[0mStep 13900 done. Current time:139

[34m(2438.592s) MPI Rank 0 - measurer.h:175 -->
[0mStep 14000 done. Current time:140

[34m(2455.922s) MPI Rank 0 - measurer.h:175 -->
[0mStep 14100 done. Current time:141

[34m(2473.166s) MPI Rank 0 - measurer.h:175 -->
[0mStep 14200 done. Current time:142

[34m(2490.419s) MPI Rank 0 - measurer.h:175 -->
[0mStep 14300 done. Current time:143

[34m(2507.593s) MPI Rank 0 - measurer.h:175 -->
[0mStep 14400 done. Current time:144

[34m(2525.328s) MPI Rank 0 - measurer.h:175 -->
[0mStep 14500 done. Current time:145

[34m(2542.594s) MPI Rank 0 - measurer.h:175 -->
[0mStep 14600 done. Current time:146

[34m(2559.779s) MPI Rank 0 - measurer.h:175 -->
[0mStep 14700 done. Current time:147

[34m(2576.901s) MPI Rank 0 - measurer.h:175 -->
[0mStep 14800 done. Current time:148

[34m(2594.012s) MPI Rank 0 - measurer.h:175 -->
[0mStep 14900 done. Current time:149

[34m(2611.824s) MPI Rank 0 - measurer.h:175 -->
[0mStep 15000 done. Current time:150

[34m(2629.108s) MPI Rank 0 - measurer.h:175 -->
[0mStep 15100 done. Current time:151

[34m(2646.232s) MPI Rank 0 - measurer.h:175 -->
[0mStep 15200 done. Current time:152

[34m(2663.367s) MPI Rank 0 - measurer.h:175 -->
[0mStep 15300 done. Current time:153

[34m(2680.506s) MPI Rank 0 - measurer.h:175 -->
[0mStep 15400 done. Current time:154

[34m(2698.270s) MPI Rank 0 - measurer.h:175 -->
[0mStep 15500 done. Current time:155

[34m(2715.583s) MPI Rank 0 - measurer.h:175 -->
[0mStep 15600 done. Current time:156

[34m(2732.719s) MPI Rank 0 - measurer.h:175 -->
[0mStep 15700 done. Current time:157

[34m(2749.832s) MPI Rank 0 - measurer.h:175 -->
[0mStep 15800 done. Current time:158

[34m(2766.989s) MPI Rank 0 - measurer.h:175 -->
[0mStep 15900 done. Current time:159

[34m(2784.730s) MPI Rank 0 - measurer.h:175 -->
[0mStep 16000 done. Current time:160

[34m(2801.940s) MPI Rank 0 - measurer.h:175 -->
[0mStep 16100 done. Current time:161

[34m(2819.060s) MPI Rank 0 - measurer.h:175 -->
[0mStep 16200 done. Current time:162

[34m(2836.191s) MPI Rank 0 - measurer.h:175 -->
[0mStep 16300 done. Current time:163

[34m(2853.294s) MPI Rank 0 - measurer.h:175 -->
[0mStep 16400 done. Current time:164

[34m(2871.040s) MPI Rank 0 - measurer.h:175 -->
[0mStep 16500 done. Current time:165

[34m(2888.338s) MPI Rank 0 - measurer.h:175 -->
[0mStep 16600 done. Current time:166

[34m(2905.471s) MPI Rank 0 - measurer.h:175 -->
[0mStep 16700 done. Current time:167

[34m(2922.634s) MPI Rank 0 - measurer.h:175 -->
[0mStep 16800 done. Current time:168

[34m(2939.711s) MPI Rank 0 - measurer.h:175 -->
[0mStep 16900 done. Current time:169

[34m(2957.501s) MPI Rank 0 - measurer.h:175 -->
[0mStep 17000 done. Current time:170

[34m(2974.735s) MPI Rank 0 - measurer.h:175 -->
[0mStep 17100 done. Current time:171

[34m(2991.839s) MPI Rank 0 - measurer.h:175 -->
[0mStep 17200 done. Current time:172

[34m(3008.927s) MPI Rank 0 - measurer.h:175 -->
[0mStep 17300 done. Current time:173

[34m(3026.030s) MPI Rank 0 - measurer.h:175 -->
[0mStep 17400 done. Current time:174

[34m(3043.771s) MPI Rank 0 - measurer.h:175 -->
[0mStep 17500 done. Current time:175

[34m(3061.048s) MPI Rank 0 - measurer.h:175 -->
[0mStep 17600 done. Current time:176

[34m(3078.164s) MPI Rank 0 - measurer.h:175 -->
[0mStep 17700 done. Current time:177

[34m(3095.300s) MPI Rank 0 - measurer.h:175 -->
[0mStep 17800 done. Current time:178

[34m(3112.450s) MPI Rank 0 - measurer.h:175 -->
[0mStep 17900 done. Current time:179

[34m(3130.274s) MPI Rank 0 - measurer.h:175 -->
[0mStep 18000 done. Current time:180

[34m(3147.552s) MPI Rank 0 - measurer.h:175 -->
[0mStep 18100 done. Current time:181

[34m(3164.698s) MPI Rank 0 - measurer.h:175 -->
[0mStep 18200 done. Current time:182

[34m(3181.842s) MPI Rank 0 - measurer.h:175 -->
[0mStep 18300 done. Current time:183

[34m(3198.983s) MPI Rank 0 - measurer.h:175 -->
[0mStep 18400 done. Current time:184

[34m(3216.773s) MPI Rank 0 - measurer.h:175 -->
[0mStep 18500 done. Current time:185

[34m(3234.029s) MPI Rank 0 - measurer.h:175 -->
[0mStep 18600 done. Current time:186

[34m(3251.198s) MPI Rank 0 - measurer.h:175 -->
[0mStep 18700 done. Current time:187

[34m(3268.335s) MPI Rank 0 - measurer.h:175 -->
[0mStep 18800 done. Current time:188

[34m(3285.465s) MPI Rank 0 - measurer.h:175 -->
[0mStep 18900 done. Current time:189

[34m(3303.255s) MPI Rank 0 - measurer.h:175 -->
[0mStep 19000 done. Current time:190

[34m(3320.469s) MPI Rank 0 - measurer.h:175 -->
[0mStep 19100 done. Current time:191

[34m(3337.579s) MPI Rank 0 - measurer.h:175 -->
[0mStep 19200 done. Current time:192

[34m(3354.613s) MPI Rank 0 - measurer.h:175 -->
[0mStep 19300 done. Current time:193

[34m(3371.724s) MPI Rank 0 - measurer.h:175 -->
[0mStep 19400 done. Current time:194

[34m(3389.459s) MPI Rank 0 - measurer.h:175 -->
[0mStep 19500 done. Current time:195

[34m(3406.740s) MPI Rank 0 - measurer.h:175 -->
[0mStep 19600 done. Current time:196

[34m(3423.983s) MPI Rank 0 - measurer.h:175 -->
[0mStep 19700 done. Current time:197

[34m(3441.157s) MPI Rank 0 - measurer.h:175 -->
[0mStep 19800 done. Current time:198

[34m(3458.366s) MPI Rank 0 - measurer.h:175 -->
[0mStep 19900 done. Current time:199

[34m(3476.169s) MPI Rank 0 - measurer.h:175 -->
[0mStep 20000 done. Current time:200

[34m(3493.505s) MPI Rank 0 - measurer.h:175 -->
[0mStep 20100 done. Current time:201

[34m(3510.580s) MPI Rank 0 - measurer.h:175 -->
[0mStep 20200 done. Current time:202

[34m(3527.692s) MPI Rank 0 - measurer.h:175 -->
[0mStep 20300 done. Current time:203

[34m(3544.806s) MPI Rank 0 - measurer.h:175 -->
[0mStep 20400 done. Current time:204

[34m(3562.575s) MPI Rank 0 - measurer.h:175 -->
[0mStep 20500 done. Current time:205

[34m(3579.804s) MPI Rank 0 - measurer.h:175 -->
[0mStep 20600 done. Current time:206

[34m(3597.038s) MPI Rank 0 - measurer.h:175 -->
[0mStep 20700 done. Current time:207

[34m(3617.519s) MPI Rank 0 - measurer.h:175 -->
[0mStep 20800 done. Current time:208

[34m(3634.973s) MPI Rank 0 - measurer.h:175 -->
[0mStep 20900 done. Current time:209

[34m(3652.825s) MPI Rank 0 - measurer.h:175 -->
[0mStep 21000 done. Current time:210

[34m(3670.250s) MPI Rank 0 - measurer.h:175 -->
[0mStep 21100 done. Current time:211

[34m(3687.508s) MPI Rank 0 - measurer.h:175 -->
[0mStep 21200 done. Current time:212

[34m(3704.699s) MPI Rank 0 - measurer.h:175 -->
[0mStep 21300 done. Current time:213

[34m(3721.922s) MPI Rank 0 - measurer.h:175 -->
[0mStep 21400 done. Current time:214

[34m(3739.893s) MPI Rank 0 - measurer.h:175 -->
[0mStep 21500 done. Current time:215

[34m(3757.223s) MPI Rank 0 - measurer.h:175 -->
[0mStep 21600 done. Current time:216

[34m(3774.440s) MPI Rank 0 - measurer.h:175 -->
[0mStep 21700 done. Current time:217

[34m(3791.679s) MPI Rank 0 - measurer.h:175 -->
[0mStep 21800 done. Current time:218

[34m(3808.948s) MPI Rank 0 - measurer.h:175 -->
[0mStep 21900 done. Current time:219

[34m(3826.775s) MPI Rank 0 - measurer.h:175 -->
[0mStep 22000 done. Current time:220

[34m(3844.046s) MPI Rank 0 - measurer.h:175 -->
[0mStep 22100 done. Current time:221

[34m(3861.252s) MPI Rank 0 - measurer.h:175 -->
[0mStep 22200 done. Current time:222

[34m(3878.496s) MPI Rank 0 - measurer.h:175 -->
[0mStep 22300 done. Current time:223

[34m(3895.741s) MPI Rank 0 - measurer.h:175 -->
[0mStep 22400 done. Current time:224

[34m(3913.795s) MPI Rank 0 - measurer.h:175 -->
[0mStep 22500 done. Current time:225

[34m(3931.145s) MPI Rank 0 - measurer.h:175 -->
[0mStep 22600 done. Current time:226

[34m(3948.333s) MPI Rank 0 - measurer.h:175 -->
[0mStep 22700 done. Current time:227

[34m(3965.528s) MPI Rank 0 - measurer.h:175 -->
[0mStep 22800 done. Current time:228

[34m(3982.669s) MPI Rank 0 - measurer.h:175 -->
[0mStep 22900 done. Current time:229

[34m(4000.383s) MPI Rank 0 - measurer.h:175 -->
[0mStep 23000 done. Current time:230

[34m(4017.597s) MPI Rank 0 - measurer.h:175 -->
[0mStep 23100 done. Current time:231

[34m(4034.662s) MPI Rank 0 - measurer.h:175 -->
[0mStep 23200 done. Current time:232

[34m(4051.802s) MPI Rank 0 - measurer.h:175 -->
[0mStep 23300 done. Current time:233

[34m(4068.905s) MPI Rank 0 - measurer.h:175 -->
[0mStep 23400 done. Current time:234

[34m(4086.577s) MPI Rank 0 - measurer.h:175 -->
[0mStep 23500 done. Current time:235

[34m(4103.773s) MPI Rank 0 - measurer.h:175 -->
[0mStep 23600 done. Current time:236

[34m(4121.002s) MPI Rank 0 - measurer.h:175 -->
[0mStep 23700 done. Current time:237

[34m(4138.250s) MPI Rank 0 - measurer.h:175 -->
[0mStep 23800 done. Current time:238

[34m(4155.467s) MPI Rank 0 - measurer.h:175 -->
[0mStep 23900 done. Current time:239

[34m(4173.369s) MPI Rank 0 - measurer.h:175 -->
[0mStep 24000 done. Current time:240

[34m(4190.670s) MPI Rank 0 - measurer.h:175 -->
[0mStep 24100 done. Current time:241

[34m(4207.897s) MPI Rank 0 - measurer.h:175 -->
[0mStep 24200 done. Current time:242

[34m(4225.222s) MPI Rank 0 - measurer.h:175 -->
[0mStep 24300 done. Current time:243

[34m(4242.384s) MPI Rank 0 - measurer.h:175 -->
[0mStep 24400 done. Current time:244

[34m(4260.159s) MPI Rank 0 - measurer.h:175 -->
[0mStep 24500 done. Current time:245

[34m(4277.436s) MPI Rank 0 - measurer.h:175 -->
[0mStep 24600 done. Current time:246

[34m(4294.636s) MPI Rank 0 - measurer.h:175 -->
[0mStep 24700 done. Current time:247

[34m(4311.736s) MPI Rank 0 - measurer.h:175 -->
[0mStep 24800 done. Current time:248

[34m(4328.883s) MPI Rank 0 - measurer.h:175 -->
[0mStep 24900 done. Current time:249

[34m(4346.646s) MPI Rank 0 - measurer.h:175 -->
[0mStep 25000 done. Current time:250

[34m(4363.956s) MPI Rank 0 - measurer.h:175 -->
[0mStep 25100 done. Current time:251

[34m(4381.173s) MPI Rank 0 - measurer.h:175 -->
[0mStep 25200 done. Current time:252

[34m(4398.387s) MPI Rank 0 - measurer.h:175 -->
[0mStep 25300 done. Current time:253

[34m(4415.636s) MPI Rank 0 - measurer.h:175 -->
[0mStep 25400 done. Current time:254

[34m(4433.466s) MPI Rank 0 - measurer.h:175 -->
[0mStep 25500 done. Current time:255

[34m(4450.822s) MPI Rank 0 - measurer.h:175 -->
[0mStep 25600 done. Current time:256

[34m(4468.076s) MPI Rank 0 - measurer.h:175 -->
[0mStep 25700 done. Current time:257

[34m(4485.286s) MPI Rank 0 - measurer.h:175 -->
[0mStep 25800 done. Current time:258

[34m(4502.531s) MPI Rank 0 - measurer.h:175 -->
[0mStep 25900 done. Current time:259

[34m(4520.257s) MPI Rank 0 - measurer.h:175 -->
[0mStep 26000 done. Current time:260

[34m(4537.587s) MPI Rank 0 - measurer.h:175 -->
[0mStep 26100 done. Current time:261

[34m(4554.734s) MPI Rank 0 - measurer.h:175 -->
[0mStep 26200 done. Current time:262

[34m(4571.872s) MPI Rank 0 - measurer.h:175 -->
[0mStep 26300 done. Current time:263

[34m(4589.076s) MPI Rank 0 - measurer.h:175 -->
[0mStep 26400 done. Current time:264

[34m(4606.829s) MPI Rank 0 - measurer.h:175 -->
[0mStep 26500 done. Current time:265

[34m(4624.074s) MPI Rank 0 - measurer.h:175 -->
[0mStep 26600 done. Current time:266

[34m(4641.201s) MPI Rank 0 - measurer.h:175 -->
[0mStep 26700 done. Current time:267

[34m(4658.438s) MPI Rank 0 - measurer.h:175 -->
[0mStep 26800 done. Current time:268

[34m(4675.563s) MPI Rank 0 - measurer.h:175 -->
[0mStep 26900 done. Current time:269

[34m(4693.380s) MPI Rank 0 - measurer.h:175 -->
[0mStep 27000 done. Current time:270

[34m(4710.630s) MPI Rank 0 - measurer.h:175 -->
[0mStep 27100 done. Current time:271

[34m(4727.767s) MPI Rank 0 - measurer.h:175 -->
[0mStep 27200 done. Current time:272

[34m(4744.897s) MPI Rank 0 - measurer.h:175 -->
[0mStep 27300 done. Current time:273

[34m(4762.059s) MPI Rank 0 - measurer.h:175 -->
[0mStep 27400 done. Current time:274

[34m(4786.571s) MPI Rank 0 - measurer.h:175 -->
[0mStep 27500 done. Current time:275

[34m(4812.006s) MPI Rank 0 - measurer.h:175 -->
[0mStep 27600 done. Current time:276

[34m(4837.619s) MPI Rank 0 - measurer.h:175 -->
[0mStep 27700 done. Current time:277

[34m(4863.358s) MPI Rank 0 - measurer.h:175 -->
[0mStep 27800 done. Current time:278

[34m(4897.101s) MPI Rank 0 - measurer.h:175 -->
[0mStep 27900 done. Current time:279

[34m(4934.743s) MPI Rank 0 - measurer.h:175 -->
[0mStep 28000 done. Current time:280

[34m(4970.859s) MPI Rank 0 - measurer.h:175 -->
[0mStep 28100 done. Current time:281

[34m(5007.209s) MPI Rank 0 - measurer.h:175 -->
[0mStep 28200 done. Current time:282

[34m(5043.163s) MPI Rank 0 - measurer.h:175 -->
[0mStep 28300 done. Current time:283

[34m(5079.316s) MPI Rank 0 - measurer.h:175 -->
[0mStep 28400 done. Current time:284

[34m(5117.134s) MPI Rank 0 - measurer.h:175 -->
[0mStep 28500 done. Current time:285

[34m(5153.464s) MPI Rank 0 - measurer.h:175 -->
[0mStep 28600 done. Current time:286

[34m(5190.313s) MPI Rank 0 - measurer.h:175 -->
[0mStep 28700 done. Current time:287

[34m(5227.232s) MPI Rank 0 - measurer.h:175 -->
[0mStep 28800 done. Current time:288

[34m(5263.771s) MPI Rank 0 - measurer.h:175 -->
[0mStep 28900 done. Current time:289

[34m(5301.552s) MPI Rank 0 - measurer.h:175 -->
[0mStep 29000 done. Current time:290

[34m(5337.916s) MPI Rank 0 - measurer.h:175 -->
[0mStep 29100 done. Current time:291

[34m(5374.458s) MPI Rank 0 - measurer.h:175 -->
[0mStep 29200 done. Current time:292

[34m(5394.678s) MPI Rank 0 - measurer.h:175 -->
[0mStep 29300 done. Current time:293

[34m(5410.167s) MPI Rank 0 - measurer.h:175 -->
[0mStep 29400 done. Current time:294

[34m(5426.156s) MPI Rank 0 - measurer.h:175 -->
[0mStep 29500 done. Current time:295

[34m(5441.679s) MPI Rank 0 - measurer.h:175 -->
[0mStep 29600 done. Current time:296

[34m(5457.185s) MPI Rank 0 - measurer.h:175 -->
[0mStep 29700 done. Current time:297

[34m(5472.653s) MPI Rank 0 - measurer.h:175 -->
[0mStep 29800 done. Current time:298

[34m(5488.222s) MPI Rank 0 - measurer.h:175 -->
[0mStep 29900 done. Current time:299

