Kokkos::OpenMP::initialize WARNING: OMP_PROC_BIND environment variable not set
  In general, for best performance with OpenMP 4.0 or better set OMP_PROC_BIND=spread and OMP_PLACES=threads
  For best performance with OpenMP 3.1 set OMP_PROC_BIND=true
  For unit testing set OMP_PROC_BIND=false

[34m(0.000s) 
[0mUsing FFTW backend for FFTs.

[34m(0.000s) MPI Rank 0 - memorytoolbox.h:209 -->
[0mUsing the following domain decomposition:(1 1 1 ).
[34m(0.010s) cosmolattice.cpp:103 -->
[0mModel name: lphi4
[34m(0.010s) cosmolattice.cpp:110 -->
[0mThis simulation will run with the following parameters: 
Important parameters:

     tOutputRareFreq       10                  
             kCutOff       4                   
                   N       64                  
             withGWs       true                
           expansion       true                
             evolver       VV2                 
                tMax       300                 
          doLFforGWs       true                
                  dt       0.01                
                 kIR       0.5                 
       tOutputInfreq       5                   
                  t0       0                   
         tOutputFreq       0.5                 


Other parameters:

   tNonLinearAxionU1       -1                  
             ext_PS0       ✖                 
measureDefectsStructure       false               
         doDiffusion       false               
           tolerance       -1                  
         hdf5Spectra       false               
        hdf5Averages       false               
           deltaKBin       1                   
    spectraVerbosity       0                   
     fixedBackground       false               
     snap_lowercoord       0 0 0 0 0 0 0 0 0 0 
         tOutputVerb       1                   
measureDefectsEnergies       false               
     snap_uppercoord       64 64 64 64 64 64 64 64 64 64
            baseSeed       3456                
          outputfile       ./                  
              lambda       9e-14               
             ext_PS1       ✖                 
           snapshots       ✖ ✖ ✖ ✖ ✖ ✖ ✖ ✖ ✖ ✖ ✖ ✖ ✖ ✖ ✖
      overwriteFiles       false               
      snap_stepcoord       1 1 1 1 1 1 1 1 1 1 
     initial_momenta       -4.86735e30 0       
          PS_version       1                   
        fn_verbosity       0                   
         tBackupFreq       -1                  
       hdf5FlushFreq       10                  
            ICtype_S       Default             
        flagChiralPS       false               
 saveUnbinnedSpectra       false               
               input       lphi4_N64_kIR0.5_VV2_s3456.in
           ICtype_U1       Default             
             PS_type       1                   
       appendToFiles       false               
     GWprojectorType       1                   
                   q       120                 
              flagON       false               
       print_headers       true                
            load_dir       ✖                 
                  a0       1                   
  initial_amplitudes       5.6964e18 0         

[34m(0.195s) MPI Rank 0 - measurer.h:175 -->
[0mStep 0 done. Current time:0

[34m(1.984s) MPI Rank 0 - measurer.h:175 -->
[0mStep 100 done. Current time:1

[34m(3.766s) MPI Rank 0 - measurer.h:175 -->
[0mStep 200 done. Current time:2

[34m(5.567s) MPI Rank 0 - measurer.h:175 -->
[0mStep 300 done. Current time:3

[34m(7.347s) MPI Rank 0 - measurer.h:175 -->
[0mStep 400 done. Current time:4

[34m(9.191s) MPI Rank 0 - measurer.h:175 -->
[0mStep 500 done. Current time:5

[34m(10.973s) MPI Rank 0 - measurer.h:175 -->
[0mStep 600 done. Current time:6

[34m(12.754s) MPI Rank 0 - measurer.h:175 -->
[0mStep 700 done. Current time:7

[34m(14.534s) MPI Rank 0 - measurer.h:175 -->
[0mStep 800 done. Current time:8

[34m(16.313s) MPI Rank 0 - measurer.h:175 -->
[0mStep 900 done. Current time:9

[34m(18.163s) MPI Rank 0 - measurer.h:175 -->
[0mStep 1000 done. Current time:10

[34m(19.962s) MPI Rank 0 - measurer.h:175 -->
[0mStep 1100 done. Current time:11

[34m(21.761s) MPI Rank 0 - measurer.h:175 -->
[0mStep 1200 done. Current time:12

[34m(23.547s) MPI Rank 0 - measurer.h:175 -->
[0mStep 1300 done. Current time:13

[34m(25.341s) MPI Rank 0 - measurer.h:175 -->
[0mStep 1400 done. Current time:14

[34m(27.186s) MPI Rank 0 - measurer.h:175 -->
[0mStep 1500 done. Current time:15

[34m(28.978s) MPI Rank 0 - measurer.h:175 -->
[0mStep 1600 done. Current time:16

[34m(30.785s) MPI Rank 0 - measurer.h:175 -->
[0mStep 1700 done. Current time:17

[34m(32.566s) MPI Rank 0 - measurer.h:175 -->
[0mStep 1800 done. Current time:18

[34m(34.353s) MPI Rank 0 - measurer.h:175 -->
[0mStep 1900 done. Current time:19

[34m(36.204s) MPI Rank 0 - measurer.h:175 -->
[0mStep 2000 done. Current time:20

[34m(37.993s) MPI Rank 0 - measurer.h:175 -->
[0mStep 2100 done. Current time:21

[34m(39.805s) MPI Rank 0 - measurer.h:175 -->
[0mStep 2200 done. Current time:22

[34m(41.589s) MPI Rank 0 - measurer.h:175 -->
[0mStep 2300 done. Current time:23

[34m(43.401s) MPI Rank 0 - measurer.h:175 -->
[0mStep 2400 done. Current time:24

[34m(45.257s) MPI Rank 0 - measurer.h:175 -->
[0mStep 2500 done. Current time:25

[34m(47.051s) MPI Rank 0 - measurer.h:175 -->
[0mStep 2600 done. Current time:26

[34m(48.854s) MPI Rank 0 - measurer.h:175 -->
[0mStep 2700 done. Current time:27

[34m(50.642s) MPI Rank 0 - measurer.h:175 -->
[0mStep 2800 done. Current time:28

[34m(52.427s) MPI Rank 0 - measurer.h:175 -->
[0mStep 2900 done. Current time:29

[34m(54.283s) MPI Rank 0 - measurer.h:175 -->
[0mStep 3000 done. Current time:30

[34m(56.076s) MPI Rank 0 - measurer.h:175 -->
[0mStep 3100 done. Current time:31

[34m(57.872s) MPI Rank 0 - measurer.h:175 -->
[0mStep 3200 done. Current time:32

[34m(59.660s) MPI Rank 0 - measurer.h:175 -->
[0mStep 3300 done. Current time:33

[34m(61.445s) MPI Rank 0 - measurer.h:175 -->
[0mStep 3400 done. Current time:34

[34m(63.305s) MPI Rank 0 - measurer.h:175 -->
[0mStep 3500 done. Current time:35

[34m(65.094s) MPI Rank 0 - measurer.h:175 -->
[0mStep 3600 done. Current time:36

[34m(66.876s) MPI Rank 0 - measurer.h:175 -->
[0mStep 3700 done. Current time:37

[34m(68.661s) MPI Rank 0 - measurer.h:175 -->
[0mStep 3800 done. Current time:38

[34m(70.452s) MPI Rank 0 - measurer.h:175 -->
[0mStep 3900 done. Current time:39

[34m(72.304s) MPI Rank 0 - measurer.h:175 -->
[0mStep 4000 done. Current time:40

[34m(74.098s) MPI Rank 0 - measurer.h:175 -->
[0mStep 4100 done. Current time:41

[34m(75.888s) MPI Rank 0 - measurer.h:175 -->
[0mStep 4200 done. Current time:42

[34m(77.672s) MPI Rank 0 - measurer.h:175 -->
[0mStep 4300 done. Current time:43

[34m(79.486s) MPI Rank 0 - measurer.h:175 -->
[0mStep 4400 done. Current time:44

[34m(81.340s) MPI Rank 0 - measurer.h:175 -->
[0mStep 4500 done. Current time:45

[34m(83.143s) MPI Rank 0 - measurer.h:175 -->
[0mStep 4600 done. Current time:46

[34m(84.937s) MPI Rank 0 - measurer.h:175 -->
[0mStep 4700 done. Current time:47

[34m(86.723s) MPI Rank 0 - measurer.h:175 -->
[0mStep 4800 done. Current time:48

[34m(88.531s) MPI Rank 0 - measurer.h:175 -->
[0mStep 4900 done. Current time:49

[34m(90.385s) MPI Rank 0 - measurer.h:175 -->
[0mStep 5000 done. Current time:50

[34m(92.180s) MPI Rank 0 - measurer.h:175 -->
[0mStep 5100 done. Current time:51

[34m(93.967s) MPI Rank 0 - measurer.h:175 -->
[0mStep 5200 done. Current time:52

[34m(95.751s) MPI Rank 0 - measurer.h:175 -->
[0mStep 5300 done. Current time:53

[34m(97.535s) MPI Rank 0 - measurer.h:175 -->
[0mStep 5400 done. Current time:54

[34m(99.386s) MPI Rank 0 - measurer.h:175 -->
[0mStep 5500 done. Current time:55

[34m(101.182s) MPI Rank 0 - measurer.h:175 -->
[0mStep 5600 done. Current time:56

[34m(102.969s) MPI Rank 0 - measurer.h:175 -->
[0mStep 5700 done. Current time:57

[34m(104.781s) MPI Rank 0 - measurer.h:175 -->
[0mStep 5800 done. Current time:58

[34m(106.567s) MPI Rank 0 - measurer.h:175 -->
[0mStep 5900 done. Current time:59

[34m(108.439s) MPI Rank 0 - measurer.h:175 -->
[0mStep 6000 done. Current time:60

[34m(110.237s) MPI Rank 0 - measurer.h:175 -->
[0mStep 6100 done. Current time:61

[34m(112.058s) MPI Rank 0 - measurer.h:175 -->
[0mStep 6200 done. Current time:62

[34m(113.852s) MPI Rank 0 - measurer.h:175 -->
[0mStep 6300 done. Current time:63

[34m(115.648s) MPI Rank 0 - measurer.h:175 -->
[0mStep 6400 done. Current time:64

[34m(117.507s) MPI Rank 0 - measurer.h:175 -->
[0mStep 6500 done. Current time:65

[34m(119.321s) MPI Rank 0 - measurer.h:175 -->
[0mStep 6600 done. Current time:66

[34m(121.138s) MPI Rank 0 - measurer.h:175 -->
[0mStep 6700 done. Current time:67

[34m(122.930s) MPI Rank 0 - measurer.h:175 -->
[0mStep 6800 done. Current time:68

[34m(124.726s) MPI Rank 0 - measurer.h:175 -->
[0mStep 6900 done. Current time:69

[34m(126.585s) MPI Rank 0 - measurer.h:175 -->
[0mStep 7000 done. Current time:70

[34m(128.383s) MPI Rank 0 - measurer.h:175 -->
[0mStep 7100 done. Current time:71

[34m(130.189s) MPI Rank 0 - measurer.h:175 -->
[0mStep 7200 done. Current time:72

[34m(131.981s) MPI Rank 0 - measurer.h:175 -->
[0mStep 7300 done. Current time:73

[34m(133.771s) MPI Rank 0 - measurer.h:175 -->
[0mStep 7400 done. Current time:74

[34m(135.629s) MPI Rank 0 - measurer.h:175 -->
[0mStep 7500 done. Current time:75

[34m(137.451s) MPI Rank 0 - measurer.h:175 -->
[0mStep 7600 done. Current time:76

[34m(139.244s) MPI Rank 0 - measurer.h:175 -->
[0mStep 7700 done. Current time:77

[34m(141.050s) MPI Rank 0 - measurer.h:175 -->
[0mStep 7800 done. Current time:78

[34m(142.840s) MPI Rank 0 - measurer.h:175 -->
[0mStep 7900 done. Current time:79

[34m(144.707s) MPI Rank 0 - measurer.h:175 -->
[0mStep 8000 done. Current time:80

[34m(146.527s) MPI Rank 0 - measurer.h:175 -->
[0mStep 8100 done. Current time:81

[34m(148.325s) MPI Rank 0 - measurer.h:175 -->
[0mStep 8200 done. Current time:82

[34m(150.116s) MPI Rank 0 - measurer.h:175 -->
[0mStep 8300 done. Current time:83

[34m(151.915s) MPI Rank 0 - measurer.h:175 -->
[0mStep 8400 done. Current time:84

[34m(153.784s) MPI Rank 0 - measurer.h:175 -->
[0mStep 8500 done. Current time:85

[34m(155.580s) MPI Rank 0 - measurer.h:175 -->
[0mStep 8600 done. Current time:86

[34m(157.372s) MPI Rank 0 - measurer.h:175 -->
[0mStep 8700 done. Current time:87

[34m(159.165s) MPI Rank 0 - measurer.h:175 -->
[0mStep 8800 done. Current time:88

[34m(160.958s) MPI Rank 0 - measurer.h:175 -->
[0mStep 8900 done. Current time:89

[34m(162.827s) MPI Rank 0 - measurer.h:175 -->
[0mStep 9000 done. Current time:90

[34m(164.631s) MPI Rank 0 - measurer.h:175 -->
[0mStep 9100 done. Current time:91

[34m(166.423s) MPI Rank 0 - measurer.h:175 -->
[0mStep 9200 done. Current time:92

[34m(168.226s) MPI Rank 0 - measurer.h:175 -->
[0mStep 9300 done. Current time:93

[34m(170.018s) MPI Rank 0 - measurer.h:175 -->
[0mStep 9400 done. Current time:94

[34m(171.921s) MPI Rank 0 - measurer.h:175 -->
[0mStep 9500 done. Current time:95

[34m(173.721s) MPI Rank 0 - measurer.h:175 -->
[0mStep 9600 done. Current time:96

[34m(175.523s) MPI Rank 0 - measurer.h:175 -->
[0mStep 9700 done. Current time:97

[34m(177.315s) MPI Rank 0 - measurer.h:175 -->
[0mStep 9800 done. Current time:98

[34m(179.136s) MPI Rank 0 - measurer.h:175 -->
[0mStep 9900 done. Current time:99

[34m(181.002s) MPI Rank 0 - measurer.h:175 -->
[0mStep 10000 done. Current time:100

[34m(182.803s) MPI Rank 0 - measurer.h:175 -->
[0mStep 10100 done. Current time:101

[34m(184.592s) MPI Rank 0 - measurer.h:175 -->
[0mStep 10200 done. Current time:102

[34m(186.380s) MPI Rank 0 - measurer.h:175 -->
[0mStep 10300 done. Current time:103

[34m(188.198s) MPI Rank 0 - measurer.h:175 -->
[0mStep 10400 done. Current time:104

[34m(190.062s) MPI Rank 0 - measurer.h:175 -->
[0mStep 10500 done. Current time:105

[34m(191.864s) MPI Rank 0 - measurer.h:175 -->
[0mStep 10600 done. Current time:106

[34m(193.657s) MPI Rank 0 - measurer.h:175 -->
[0mStep 10700 done. Current time:107

[34m(195.472s) MPI Rank 0 - measurer.h:175 -->
[0mStep 10800 done. Current time:108

[34m(197.274s) MPI Rank 0 - measurer.h:175 -->
[0mStep 10900 done. Current time:109

[34m(199.139s) MPI Rank 0 - measurer.h:175 -->
[0mStep 11000 done. Current time:110

[34m(200.948s) MPI Rank 0 - measurer.h:175 -->
[0mStep 11100 done. Current time:111

[34m(202.761s) MPI Rank 0 - measurer.h:175 -->
[0mStep 11200 done. Current time:112

[34m(204.565s) MPI Rank 0 - measurer.h:175 -->
[0mStep 11300 done. Current time:113

[34m(206.361s) MPI Rank 0 - measurer.h:175 -->
[0mStep 11400 done. Current time:114

[34m(208.229s) MPI Rank 0 - measurer.h:175 -->
[0mStep 11500 done. Current time:115

[34m(210.029s) MPI Rank 0 - measurer.h:175 -->
[0mStep 11600 done. Current time:116

[34m(211.855s) MPI Rank 0 - measurer.h:175 -->
[0mStep 11700 done. Current time:117

[34m(213.650s) MPI Rank 0 - measurer.h:175 -->
[0mStep 11800 done. Current time:118

[34m(215.445s) MPI Rank 0 - measurer.h:175 -->
[0mStep 11900 done. Current time:119

[34m(217.307s) MPI Rank 0 - measurer.h:175 -->
[0mStep 12000 done. Current time:120

[34m(219.111s) MPI Rank 0 - measurer.h:175 -->
[0mStep 12100 done. Current time:121

[34m(220.930s) MPI Rank 0 - measurer.h:175 -->
[0mStep 12200 done. Current time:122

[34m(222.732s) MPI Rank 0 - measurer.h:175 -->
[0mStep 12300 done. Current time:123

[34m(224.544s) MPI Rank 0 - measurer.h:175 -->
[0mStep 12400 done. Current time:124

[34m(226.405s) MPI Rank 0 - measurer.h:175 -->
[0mStep 12500 done. Current time:125

[34m(228.233s) MPI Rank 0 - measurer.h:175 -->
[0mStep 12600 done. Current time:126

[34m(230.027s) MPI Rank 0 - measurer.h:175 -->
[0mStep 12700 done. Current time:127

[34m(231.824s) MPI Rank 0 - measurer.h:175 -->
[0mStep 12800 done. Current time:128

[34m(233.626s) MPI Rank 0 - measurer.h:175 -->
[0mStep 12900 done. Current time:129

[34m(235.524s) MPI Rank 0 - measurer.h:175 -->
[0mStep 13000 done. Current time:130

[34m(237.350s) MPI Rank 0 - measurer.h:175 -->
[0mStep 13100 done. Current time:131

[34m(239.148s) MPI Rank 0 - measurer.h:175 -->
[0mStep 13200 done. Current time:132

[34m(240.948s) MPI Rank 0 - measurer.h:175 -->
[0mStep 13300 done. Current time:133

[34m(242.743s) MPI Rank 0 - measurer.h:175 -->
[0mStep 13400 done. Current time:134

[34m(244.629s) MPI Rank 0 - measurer.h:175 -->
[0mStep 13500 done. Current time:135

[34m(246.432s) MPI Rank 0 - measurer.h:175 -->
[0mStep 13600 done. Current time:136

[34m(248.227s) MPI Rank 0 - measurer.h:175 -->
[0mStep 13700 done. Current time:137

[34m(250.072s) MPI Rank 0 - measurer.h:175 -->
[0mStep 13800 done. Current time:138

[34m(251.864s) MPI Rank 0 - measurer.h:175 -->
[0mStep 13900 done. Current time:139

[34m(253.748s) MPI Rank 0 - measurer.h:175 -->
[0mStep 14000 done. Current time:140

[34m(255.547s) MPI Rank 0 - measurer.h:175 -->
[0mStep 14100 done. Current time:141

[34m(257.337s) MPI Rank 0 - measurer.h:175 -->
[0mStep 14200 done. Current time:142

[34m(259.131s) MPI Rank 0 - measurer.h:175 -->
[0mStep 14300 done. Current time:143

[34m(260.935s) MPI Rank 0 - measurer.h:175 -->
[0mStep 14400 done. Current time:144

[34m(262.793s) MPI Rank 0 - measurer.h:175 -->
[0mStep 14500 done. Current time:145

[34m(264.597s) MPI Rank 0 - measurer.h:175 -->
[0mStep 14600 done. Current time:146

[34m(266.384s) MPI Rank 0 - measurer.h:175 -->
[0mStep 14700 done. Current time:147

[34m(268.178s) MPI Rank 0 - measurer.h:175 -->
[0mStep 14800 done. Current time:148

[34m(269.969s) MPI Rank 0 - measurer.h:175 -->
[0mStep 14900 done. Current time:149

[34m(271.838s) MPI Rank 0 - measurer.h:175 -->
[0mStep 15000 done. Current time:150

[34m(273.636s) MPI Rank 0 - measurer.h:175 -->
[0mStep 15100 done. Current time:151

[34m(275.438s) MPI Rank 0 - measurer.h:175 -->
[0mStep 15200 done. Current time:152

[34m(277.226s) MPI Rank 0 - measurer.h:175 -->
[0mStep 15300 done. Current time:153

[34m(279.037s) MPI Rank 0 - measurer.h:175 -->
[0mStep 15400 done. Current time:154

[34m(280.894s) MPI Rank 0 - measurer.h:175 -->
[0mStep 15500 done. Current time:155

[34m(282.743s) MPI Rank 0 - measurer.h:175 -->
[0mStep 15600 done. Current time:156

[34m(284.539s) MPI Rank 0 - measurer.h:175 -->
[0mStep 15700 done. Current time:157

[34m(286.361s) MPI Rank 0 - measurer.h:175 -->
[0mStep 15800 done. Current time:158

[34m(288.165s) MPI Rank 0 - measurer.h:175 -->
[0mStep 15900 done. Current time:159

[34m(290.025s) MPI Rank 0 - measurer.h:175 -->
[0mStep 16000 done. Current time:160

[34m(291.852s) MPI Rank 0 - measurer.h:175 -->
[0mStep 16100 done. Current time:161

[34m(293.663s) MPI Rank 0 - measurer.h:175 -->
[0mStep 16200 done. Current time:162

[34m(295.470s) MPI Rank 0 - measurer.h:175 -->
[0mStep 16300 done. Current time:163

[34m(297.267s) MPI Rank 0 - measurer.h:175 -->
[0mStep 16400 done. Current time:164

[34m(299.127s) MPI Rank 0 - measurer.h:175 -->
[0mStep 16500 done. Current time:165

[34m(300.932s) MPI Rank 0 - measurer.h:175 -->
[0mStep 16600 done. Current time:166

[34m(302.757s) MPI Rank 0 - measurer.h:175 -->
[0mStep 16700 done. Current time:167

[34m(304.551s) MPI Rank 0 - measurer.h:175 -->
[0mStep 16800 done. Current time:168

[34m(306.344s) MPI Rank 0 - measurer.h:175 -->
[0mStep 16900 done. Current time:169

[34m(308.212s) MPI Rank 0 - measurer.h:175 -->
[0mStep 17000 done. Current time:170

[34m(310.036s) MPI Rank 0 - measurer.h:175 -->
[0mStep 17100 done. Current time:171

[34m(311.834s) MPI Rank 0 - measurer.h:175 -->
[0mStep 17200 done. Current time:172

[34m(313.633s) MPI Rank 0 - measurer.h:175 -->
[0mStep 17300 done. Current time:173

[34m(315.430s) MPI Rank 0 - measurer.h:175 -->
[0mStep 17400 done. Current time:174

[34m(317.298s) MPI Rank 0 - measurer.h:175 -->
[0mStep 17500 done. Current time:175

[34m(319.105s) MPI Rank 0 - measurer.h:175 -->
[0mStep 17600 done. Current time:176

[34m(320.904s) MPI Rank 0 - measurer.h:175 -->
[0mStep 17700 done. Current time:177

[34m(322.699s) MPI Rank 0 - measurer.h:175 -->
[0mStep 17800 done. Current time:178

[34m(324.503s) MPI Rank 0 - measurer.h:175 -->
[0mStep 17900 done. Current time:179

[34m(326.368s) MPI Rank 0 - measurer.h:175 -->
[0mStep 18000 done. Current time:180

[34m(328.198s) MPI Rank 0 - measurer.h:175 -->
[0mStep 18100 done. Current time:181

[34m(329.991s) MPI Rank 0 - measurer.h:175 -->
[0mStep 18200 done. Current time:182

[34m(331.786s) MPI Rank 0 - measurer.h:175 -->
[0mStep 18300 done. Current time:183

[34m(333.581s) MPI Rank 0 - measurer.h:175 -->
[0mStep 18400 done. Current time:184

[34m(335.447s) MPI Rank 0 - measurer.h:175 -->
[0mStep 18500 done. Current time:185

[34m(337.248s) MPI Rank 0 - measurer.h:175 -->
[0mStep 18600 done. Current time:186

[34m(339.051s) MPI Rank 0 - measurer.h:175 -->
[0mStep 18700 done. Current time:187

[34m(340.844s) MPI Rank 0 - measurer.h:175 -->
[0mStep 18800 done. Current time:188

[34m(342.636s) MPI Rank 0 - measurer.h:175 -->
[0mStep 18900 done. Current time:189

[34m(344.511s) MPI Rank 0 - measurer.h:175 -->
[0mStep 19000 done. Current time:190

[34m(346.320s) MPI Rank 0 - measurer.h:175 -->
[0mStep 19100 done. Current time:191

[34m(348.153s) MPI Rank 0 - measurer.h:175 -->
[0mStep 19200 done. Current time:192

[34m(349.963s) MPI Rank 0 - measurer.h:175 -->
[0mStep 19300 done. Current time:193

[34m(351.775s) MPI Rank 0 - measurer.h:175 -->
[0mStep 19400 done. Current time:194

[34m(353.639s) MPI Rank 0 - measurer.h:175 -->
[0mStep 19500 done. Current time:195

[34m(355.448s) MPI Rank 0 - measurer.h:175 -->
[0mStep 19600 done. Current time:196

[34m(357.248s) MPI Rank 0 - measurer.h:175 -->
[0mStep 19700 done. Current time:197

[34m(359.092s) MPI Rank 0 - measurer.h:175 -->
[0mStep 19800 done. Current time:198

[34m(360.890s) MPI Rank 0 - measurer.h:175 -->
[0mStep 19900 done. Current time:199

[34m(362.757s) MPI Rank 0 - measurer.h:175 -->
[0mStep 20000 done. Current time:200

[34m(364.560s) MPI Rank 0 - measurer.h:175 -->
[0mStep 20100 done. Current time:201

[34m(366.357s) MPI Rank 0 - measurer.h:175 -->
[0mStep 20200 done. Current time:202

[34m(368.173s) MPI Rank 0 - measurer.h:175 -->
[0mStep 20300 done. Current time:203

[34m(369.968s) MPI Rank 0 - measurer.h:175 -->
[0mStep 20400 done. Current time:204

[34m(371.835s) MPI Rank 0 - measurer.h:175 -->
[0mStep 20500 done. Current time:205

[34m(373.639s) MPI Rank 0 - measurer.h:175 -->
[0mStep 20600 done. Current time:206

[34m(375.455s) MPI Rank 0 - measurer.h:175 -->
[0mStep 20700 done. Current time:207

[34m(377.247s) MPI Rank 0 - measurer.h:175 -->
[0mStep 20800 done. Current time:208

[34m(379.088s) MPI Rank 0 - measurer.h:175 -->
[0mStep 20900 done. Current time:209

[34m(380.961s) MPI Rank 0 - measurer.h:175 -->
[0mStep 21000 done. Current time:210

[34m(382.762s) MPI Rank 0 - measurer.h:175 -->
[0mStep 21100 done. Current time:211

[34m(384.563s) MPI Rank 0 - measurer.h:175 -->
[0mStep 21200 done. Current time:212

[34m(386.367s) MPI Rank 0 - measurer.h:175 -->
[0mStep 21300 done. Current time:213

[34m(388.168s) MPI Rank 0 - measurer.h:175 -->
[0mStep 21400 done. Current time:214

[34m(390.030s) MPI Rank 0 - measurer.h:175 -->
[0mStep 21500 done. Current time:215

[34m(391.852s) MPI Rank 0 - measurer.h:175 -->
[0mStep 21600 done. Current time:216

[34m(393.653s) MPI Rank 0 - measurer.h:175 -->
[0mStep 21700 done. Current time:217

[34m(395.455s) MPI Rank 0 - measurer.h:175 -->
[0mStep 21800 done. Current time:218

[34m(397.250s) MPI Rank 0 - measurer.h:175 -->
[0mStep 21900 done. Current time:219

[34m(399.143s) MPI Rank 0 - measurer.h:175 -->
[0mStep 22000 done. Current time:220

[34m(400.955s) MPI Rank 0 - measurer.h:175 -->
[0mStep 22100 done. Current time:221

[34m(402.758s) MPI Rank 0 - measurer.h:175 -->
[0mStep 22200 done. Current time:222

[34m(404.561s) MPI Rank 0 - measurer.h:175 -->
[0mStep 22300 done. Current time:223

[34m(406.359s) MPI Rank 0 - measurer.h:175 -->
[0mStep 22400 done. Current time:224

[34m(408.262s) MPI Rank 0 - measurer.h:175 -->
[0mStep 22500 done. Current time:225

[34m(410.082s) MPI Rank 0 - measurer.h:175 -->
[0mStep 22600 done. Current time:226

[34m(411.890s) MPI Rank 0 - measurer.h:175 -->
[0mStep 22700 done. Current time:227

[34m(413.691s) MPI Rank 0 - measurer.h:175 -->
[0mStep 22800 done. Current time:228

[34m(415.523s) MPI Rank 0 - measurer.h:175 -->
[0mStep 22900 done. Current time:229

[34m(417.391s) MPI Rank 0 - measurer.h:175 -->
[0mStep 23000 done. Current time:230

[34m(419.215s) MPI Rank 0 - measurer.h:175 -->
[0mStep 23100 done. Current time:231

[34m(421.017s) MPI Rank 0 - measurer.h:175 -->
[0mStep 23200 done. Current time:232

[34m(422.817s) MPI Rank 0 - measurer.h:175 -->
[0mStep 23300 done. Current time:233

[34m(424.649s) MPI Rank 0 - measurer.h:175 -->
[0mStep 23400 done. Current time:234

[34m(426.518s) MPI Rank 0 - measurer.h:175 -->
[0mStep 23500 done. Current time:235

[34m(428.327s) MPI Rank 0 - measurer.h:175 -->
[0mStep 23600 done. Current time:236

[34m(430.126s) MPI Rank 0 - measurer.h:175 -->
[0mStep 23700 done. Current time:237

[34m(431.954s) MPI Rank 0 - measurer.h:175 -->
[0mStep 23800 done. Current time:238

[34m(433.754s) MPI Rank 0 - measurer.h:175 -->
[0mStep 23900 done. Current time:239

[34m(435.623s) MPI Rank 0 - measurer.h:175 -->
[0mStep 24000 done. Current time:240

[34m(437.435s) MPI Rank 0 - measurer.h:175 -->
[0mStep 24100 done. Current time:241

[34m(439.233s) MPI Rank 0 - measurer.h:175 -->
[0mStep 24200 done. Current time:242

[34m(441.072s) MPI Rank 0 - measurer.h:175 -->
[0mStep 24300 done. Current time:243

[34m(442.872s) MPI Rank 0 - measurer.h:175 -->
[0mStep 24400 done. Current time:244

[34m(444.749s) MPI Rank 0 - measurer.h:175 -->
[0mStep 24500 done. Current time:245

[34m(446.557s) MPI Rank 0 - measurer.h:175 -->
[0mStep 24600 done. Current time:246

[34m(448.379s) MPI Rank 0 - measurer.h:175 -->
[0mStep 24700 done. Current time:247

[34m(450.180s) MPI Rank 0 - measurer.h:175 -->
[0mStep 24800 done. Current time:248

[34m(451.980s) MPI Rank 0 - measurer.h:175 -->
[0mStep 24900 done. Current time:249

[34m(453.854s) MPI Rank 0 - measurer.h:175 -->
[0mStep 25000 done. Current time:250

[34m(455.663s) MPI Rank 0 - measurer.h:175 -->
[0mStep 25100 done. Current time:251

[34m(457.463s) MPI Rank 0 - measurer.h:175 -->
[0mStep 25200 done. Current time:252

[34m(459.261s) MPI Rank 0 - measurer.h:175 -->
[0mStep 25300 done. Current time:253

[34m(461.060s) MPI Rank 0 - measurer.h:175 -->
[0mStep 25400 done. Current time:254

[34m(462.934s) MPI Rank 0 - measurer.h:175 -->
[0mStep 25500 done. Current time:255

[34m(464.764s) MPI Rank 0 - measurer.h:175 -->
[0mStep 25600 done. Current time:256

[34m(466.560s) MPI Rank 0 - measurer.h:175 -->
[0mStep 25700 done. Current time:257

[34m(468.360s) MPI Rank 0 - measurer.h:175 -->
[0mStep 25800 done. Current time:258

[34m(470.169s) MPI Rank 0 - measurer.h:175 -->
[0mStep 25900 done. Current time:259

[34m(472.053s) MPI Rank 0 - measurer.h:175 -->
[0mStep 26000 done. Current time:260

[34m(473.881s) MPI Rank 0 - measurer.h:175 -->
[0mStep 26100 done. Current time:261

[34m(475.690s) MPI Rank 0 - measurer.h:175 -->
[0mStep 26200 done. Current time:262

[34m(477.491s) MPI Rank 0 - measurer.h:175 -->
[0mStep 26300 done. Current time:263

[34m(479.312s) MPI Rank 0 - measurer.h:175 -->
[0mStep 26400 done. Current time:264

[34m(481.210s) MPI Rank 0 - measurer.h:175 -->
[0mStep 26500 done. Current time:265

[34m(483.019s) MPI Rank 0 - measurer.h:175 -->
[0mStep 26600 done. Current time:266

[34m(484.822s) MPI Rank 0 - measurer.h:175 -->
[0mStep 26700 done. Current time:267

[34m(486.625s) MPI Rank 0 - measurer.h:175 -->
[0mStep 26800 done. Current time:268

[34m(488.421s) MPI Rank 0 - measurer.h:175 -->
[0mStep 26900 done. Current time:269

[34m(490.314s) MPI Rank 0 - measurer.h:175 -->
[0mStep 27000 done. Current time:270

[34m(492.121s) MPI Rank 0 - measurer.h:175 -->
[0mStep 27100 done. Current time:271

[34m(493.922s) MPI Rank 0 - measurer.h:175 -->
[0mStep 27200 done. Current time:272

[34m(495.722s) MPI Rank 0 - measurer.h:175 -->
[0mStep 27300 done. Current time:273

[34m(497.547s) MPI Rank 0 - measurer.h:175 -->
[0mStep 27400 done. Current time:274

[34m(499.417s) MPI Rank 0 - measurer.h:175 -->
[0mStep 27500 done. Current time:275

[34m(501.229s) MPI Rank 0 - measurer.h:175 -->
[0mStep 27600 done. Current time:276

[34m(503.030s) MPI Rank 0 - measurer.h:175 -->
[0mStep 27700 done. Current time:277

[34m(504.841s) MPI Rank 0 - measurer.h:175 -->
[0mStep 27800 done. Current time:278

[34m(506.664s) MPI Rank 0 - measurer.h:175 -->
[0mStep 27900 done. Current time:279

[34m(508.530s) MPI Rank 0 - measurer.h:175 -->
[0mStep 28000 done. Current time:280

[34m(510.337s) MPI Rank 0 - measurer.h:175 -->
[0mStep 28100 done. Current time:281

[34m(512.154s) MPI Rank 0 - measurer.h:175 -->
[0mStep 28200 done. Current time:282

[34m(513.980s) MPI Rank 0 - measurer.h:175 -->
[0mStep 28300 done. Current time:283

[34m(515.774s) MPI Rank 0 - measurer.h:175 -->
[0mStep 28400 done. Current time:284

[34m(517.640s) MPI Rank 0 - measurer.h:175 -->
[0mStep 28500 done. Current time:285

[34m(519.451s) MPI Rank 0 - measurer.h:175 -->
[0mStep 28600 done. Current time:286

[34m(521.258s) MPI Rank 0 - measurer.h:175 -->
[0mStep 28700 done. Current time:287

[34m(523.080s) MPI Rank 0 - measurer.h:175 -->
[0mStep 28800 done. Current time:288

[34m(524.887s) MPI Rank 0 - measurer.h:175 -->
[0mStep 28900 done. Current time:289

[34m(526.753s) MPI Rank 0 - measurer.h:175 -->
[0mStep 29000 done. Current time:290

[34m(528.573s) MPI Rank 0 - measurer.h:175 -->
[0mStep 29100 done. Current time:291

[34m(530.375s) MPI Rank 0 - measurer.h:175 -->
[0mStep 29200 done. Current time:292

[34m(532.182s) MPI Rank 0 - measurer.h:175 -->
[0mStep 29300 done. Current time:293

[34m(534.008s) MPI Rank 0 - measurer.h:175 -->
[0mStep 29400 done. Current time:294

[34m(535.901s) MPI Rank 0 - measurer.h:175 -->
[0mStep 29500 done. Current time:295

[34m(537.763s) MPI Rank 0 - measurer.h:175 -->
[0mStep 29600 done. Current time:296

[34m(539.571s) MPI Rank 0 - measurer.h:175 -->
[0mStep 29700 done. Current time:297

[34m(541.384s) MPI Rank 0 - measurer.h:175 -->
[0mStep 29800 done. Current time:298

[34m(543.197s) MPI Rank 0 - measurer.h:175 -->
[0mStep 29900 done. Current time:299

