	Command being timed: "/home/tomy/Desktop/UBA/Curso_GWsIA/GW-AI-course/Final/CosmoLattice/build_lphi4/lphi4 input=lphi4_N64_kIR0.5_VV2_s3456.in"
	User time (seconds): 4344.64
	System time (seconds): 3.53
	Percent of CPU this job got: 797%
	Elapsed (wall clock) time (h:mm:ss or m:ss): 9:05.00
	Average shared text size (kbytes): 0
	Average unshared data size (kbytes): 0
	Average stack size (kbytes): 0
	Average total size (kbytes): 0
	Maximum resident set size (kbytes): 49144
	Average resident set size (kbytes): 0
	Major (requiring I/O) page faults: 15
	Minor (reclaiming a frame) page faults: 11201
	Voluntary context switches: 76
	Involuntary context switches: 70436
	Swaps: 0
	File system inputs: 3936
	File system outputs: 3112
	Socket messages sent: 0
	Socket messages received: 0
	Signals delivered: 0
	Page size (bytes): 4096
	Exit status: 0
