	Command being timed: "/home/tomy/Desktop/UBA/Curso_GWsIA/GW-AI-course/Final/CosmoLattice/build_lphi4U1_tv/lphi4U1 input=lphi4U1_vacioT_N64_kIR0.5_VV2_s2345.in"
	User time (seconds): 50006.18
	System time (seconds): 34.95
	Percent of CPU this job got: 639%
	Elapsed (wall clock) time (h:mm:ss or m:ss): 2:10:18
	Average shared text size (kbytes): 0
	Average unshared data size (kbytes): 0
	Average stack size (kbytes): 0
	Average total size (kbytes): 0
	Maximum resident set size (kbytes): 93084
	Average resident set size (kbytes): 0
	Major (requiring I/O) page faults: 742
	Minor (reclaiming a frame) page faults: 24448
	Voluntary context switches: 53230
	Involuntary context switches: 6118369
	Swaps: 0
	File system inputs: 37520
	File system outputs: 19704
	Socket messages sent: 0
	Socket messages received: 0
	Signals delivered: 0
	Page size (bytes): 4096
	Exit status: 0
