Kokkos::OpenMP::initialize WARNING: OMP_PROC_BIND environment variable not set
  In general, for best performance with OpenMP 4.0 or better set OMP_PROC_BIND=spread and OMP_PLACES=threads
  For best performance with OpenMP 3.1 set OMP_PROC_BIND=true
  For unit testing set OMP_PROC_BIND=false

	Command being timed: "/home/tomy/Desktop/UBA/Curso_GWsIA/GW-AI-course/Final/CosmoLattice/build_lphi4SU2U1/lphi4SU2U1 input=p.in"
	User time (seconds): 16404.47
	System time (seconds): 8.53
	Percent of CPU this job got: 791%
	Elapsed (wall clock) time (h:mm:ss or m:ss): 34:32.50
	Average shared text size (kbytes): 0
	Average unshared data size (kbytes): 0
	Average stack size (kbytes): 0
	Average total size (kbytes): 0
	Maximum resident set size (kbytes): 1561544
	Average resident set size (kbytes): 0
	Major (requiring I/O) page faults: 20
	Minor (reclaiming a frame) page faults: 396792
	Voluntary context switches: 3144
	Involuntary context switches: 477139
	Swaps: 0
	File system inputs: 1856
	File system outputs: 824
	Socket messages sent: 0
	Socket messages received: 0
	Signals delivered: 0
	Page size (bytes): 4096
	Exit status: 0
