	Command being timed: "/home/tomy/Desktop/UBA/Curso_GWsIA/GW-AI-course/Final/CosmoLattice/build_lphi4U1_tv/lphi4U1 input=lphi4U1_vacioT_N64_kIR0.5_VV2_s3456.in"
	User time (seconds): 33510.52
	System time (seconds): 16.04
	Percent of CPU this job got: 794%
	Elapsed (wall clock) time (h:mm:ss or m:ss): 1:10:18
	Average shared text size (kbytes): 0
	Average unshared data size (kbytes): 0
	Average stack size (kbytes): 0
	Average total size (kbytes): 0
	Maximum resident set size (kbytes): 93308
	Average resident set size (kbytes): 0
	Major (requiring I/O) page faults: 18
	Minor (reclaiming a frame) page faults: 22710
	Voluntary context switches: 2591
	Involuntary context switches: 846063
	Swaps: 0
	File system inputs: 2592
	File system outputs: 13888
	Socket messages sent: 0
	Socket messages received: 0
	Signals delivered: 0
	Page size (bytes): 4096
	Exit status: 0
