	Command being timed: "/home/tomy/Desktop/UBA/Curso_GWsIA/GW-AI-course/Final/CosmoLattice/build_lphi4/lphi4 input=lphi4_N64_kIR0.5_VV2_s2345.in"
	User time (seconds): 7303.77
	System time (seconds): 10.92
	Percent of CPU this job got: 738%
	Elapsed (wall clock) time (h:mm:ss or m:ss): 16:31.10
	Average shared text size (kbytes): 0
	Average unshared data size (kbytes): 0
	Average stack size (kbytes): 0
	Average total size (kbytes): 0
	Maximum resident set size (kbytes): 48816
	Average resident set size (kbytes): 0
	Major (requiring I/O) page faults: 126
	Minor (reclaiming a frame) page faults: 11387
	Voluntary context switches: 442
	Involuntary context switches: 872972
	Swaps: 0
	File system inputs: 17056
	File system outputs: 4704
	Socket messages sent: 0
	Socket messages received: 0
	Signals delivered: 0
	Page size (bytes): 4096
	Exit status: 0
