	Command being timed: "../../CosmoLattice/build_lphi4U1/lphi4U1 input=lphi4U1_N64_kIR0.5_VV2.in"
	User time (seconds): 36093.71
	System time (seconds): 18.29
	Percent of CPU this job got: 786%
	Elapsed (wall clock) time (h:mm:ss or m:ss): 1:16:30
	Average shared text size (kbytes): 0
	Average unshared data size (kbytes): 0
	Average stack size (kbytes): 0
	Average total size (kbytes): 0
	Maximum resident set size (kbytes): 80108
	Average resident set size (kbytes): 0
	Major (requiring I/O) page faults: 24
	Minor (reclaiming a frame) page faults: 19324
	Voluntary context switches: 5500
	Involuntary context switches: 1194491
	Swaps: 0
	File system inputs: 6168
	File system outputs: 14520
	Socket messages sent: 0
	Socket messages received: 0
	Signals delivered: 0
	Page size (bytes): 4096
	Exit status: 0
