	Command being timed: "../../CosmoLattice/build_lphi4U1_tv/lphi4U1 input=lphi4U1_vacioT_N64_kIR0.5_VV2.in"
	User time (seconds): 33973.57
	System time (seconds): 13.16
	Percent of CPU this job got: 796%
	Elapsed (wall clock) time (h:mm:ss or m:ss): 1:11:08
	Average shared text size (kbytes): 0
	Average unshared data size (kbytes): 0
	Average stack size (kbytes): 0
	Average total size (kbytes): 0
	Maximum resident set size (kbytes): 93876
	Average resident set size (kbytes): 0
	Major (requiring I/O) page faults: 0
	Minor (reclaiming a frame) page faults: 22684
	Voluntary context switches: 1353
	Involuntary context switches: 689140
	Swaps: 0
	File system inputs: 0
	File system outputs: 13952
	Socket messages sent: 0
	Socket messages received: 0
	Signals delivered: 0
	Page size (bytes): 4096
	Exit status: 0
