Kokkos::OpenMP::initialize WARNING: OMP_PROC_BIND environment variable not set
  In general, for best performance with OpenMP 4.0 or better set OMP_PROC_BIND=spread and OMP_PLACES=threads
  For best performance with OpenMP 3.1 set OMP_PROC_BIND=true
  For unit testing set OMP_PROC_BIND=false

[34m(0.000s) 
[0mUsing FFTW backend for FFTs.

[34m(0.000s) MPI Rank 0 - memorytoolbox.h:209 -->
[0mUsing the following domain decomposition:(1 1 1 ).
[34m(0.209s) cosmolattice.cpp:103 -->
[0mModel name: lphi4
[34m(0.209s) cosmolattice.cpp:110 -->
[0mThis simulation will run with the following parameters: 
Important parameters:

     tOutputRareFreq       10                  
             kCutOff       4                   
                   N       128                 
             withGWs       true                
           expansion       true                
             evolver       VV2                 
                tMax       300                 
          doLFforGWs       true                
                  dt       0.01                
                 kIR       0.5                 
       tOutputInfreq       5                   
                  t0       0                   
         tOutputFreq       0.5                 


Other parameters:

   tNonLinearAxionU1       -1                  
             ext_PS0       ✖                 
measureDefectsStructure       false               
         doDiffusion       false               
           tolerance       -1                  
         hdf5Spectra       false               
        hdf5Averages       false               
           deltaKBin       1                   
    spectraVerbosity       0                   
     fixedBackground       false               
     snap_lowercoord       0 0 0 0 0 0 0 0 0 0 
         tOutputVerb       1                   
measureDefectsEnergies       false               
     snap_uppercoord       128 128 128 128 128 128 128 128 128 128
            baseSeed       1234                
          outputfile       ./                  
              lambda       9e-14               
             ext_PS1       ✖                 
           snapshots       ✖ ✖ ✖ ✖ ✖ ✖ ✖ ✖ ✖ ✖ ✖ ✖ ✖ ✖ ✖
      overwriteFiles       false               
      snap_stepcoord       1 1 1 1 1 1 1 1 1 1 
     initial_momenta       -4.86735e30 0       
          PS_version       1                   
        fn_verbosity       0                   
         tBackupFreq       -1                  
       hdf5FlushFreq       10                  
            ICtype_S       Default             
        flagChiralPS       false               
 saveUnbinnedSpectra       false               
               input       lphi4_N128_kIR0.5_VV2.in
           ICtype_U1       Default             
             PS_type       1                   
       appendToFiles       false               
     GWprojectorType       1                   
                   q       120                 
              flagON       false               
       print_headers       true                
            load_dir       ✖                 
                  a0       1                   
  initial_amplitudes       5.6964e18 0         

[34m(1.454s) MPI Rank 0 - measurer.h:175 -->
[0mStep 0 done. Current time:0

[34m(22.633s) MPI Rank 0 - measurer.h:175 -->
[0mStep 100 done. Current time:1

[34m(39.900s) MPI Rank 0 - measurer.h:175 -->
[0mStep 200 done. Current time:2

[34m(55.389s) MPI Rank 0 - measurer.h:175 -->
[0mStep 300 done. Current time:3

[34m(70.584s) MPI Rank 0 - measurer.h:175 -->
[0mStep 400 done. Current time:4

[34m(86.315s) MPI Rank 0 - measurer.h:175 -->
[0mStep 500 done. Current time:5

[34m(101.668s) MPI Rank 0 - measurer.h:175 -->
[0mStep 600 done. Current time:6

[34m(117.009s) MPI Rank 0 - measurer.h:175 -->
[0mStep 700 done. Current time:7

[34m(132.366s) MPI Rank 0 - measurer.h:175 -->
[0mStep 800 done. Current time:8

[34m(147.744s) MPI Rank 0 - measurer.h:175 -->
[0mStep 900 done. Current time:9

[34m(163.952s) MPI Rank 0 - measurer.h:175 -->
[0mStep 1000 done. Current time:10

[34m(179.439s) MPI Rank 0 - measurer.h:175 -->
[0mStep 1100 done. Current time:11

[34m(194.818s) MPI Rank 0 - measurer.h:175 -->
[0mStep 1200 done. Current time:12

[34m(210.155s) MPI Rank 0 - measurer.h:175 -->
[0mStep 1300 done. Current time:13

[34m(225.515s) MPI Rank 0 - measurer.h:175 -->
[0mStep 1400 done. Current time:14

[34m(241.465s) MPI Rank 0 - measurer.h:175 -->
[0mStep 1500 done. Current time:15

[34m(256.867s) MPI Rank 0 - measurer.h:175 -->
[0mStep 1600 done. Current time:16

[34m(272.189s) MPI Rank 0 - measurer.h:175 -->
[0mStep 1700 done. Current time:17

[34m(287.646s) MPI Rank 0 - measurer.h:175 -->
[0mStep 1800 done. Current time:18

[34m(303.096s) MPI Rank 0 - measurer.h:175 -->
[0mStep 1900 done. Current time:19

[34m(319.121s) MPI Rank 0 - measurer.h:175 -->
[0mStep 2000 done. Current time:20

[34m(334.789s) MPI Rank 0 - measurer.h:175 -->
[0mStep 2100 done. Current time:21

[34m(350.247s) MPI Rank 0 - measurer.h:175 -->
[0mStep 2200 done. Current time:22

[34m(365.710s) MPI Rank 0 - measurer.h:175 -->
[0mStep 2300 done. Current time:23

[34m(381.163s) MPI Rank 0 - measurer.h:175 -->
[0mStep 2400 done. Current time:24

[34m(397.177s) MPI Rank 0 - measurer.h:175 -->
[0mStep 2500 done. Current time:25

[34m(412.688s) MPI Rank 0 - measurer.h:175 -->
[0mStep 2600 done. Current time:26

[34m(428.124s) MPI Rank 0 - measurer.h:175 -->
[0mStep 2700 done. Current time:27

[34m(443.583s) MPI Rank 0 - measurer.h:175 -->
[0mStep 2800 done. Current time:28

[34m(459.054s) MPI Rank 0 - measurer.h:175 -->
[0mStep 2900 done. Current time:29

[34m(475.114s) MPI Rank 0 - measurer.h:175 -->
[0mStep 3000 done. Current time:30

[34m(490.620s) MPI Rank 0 - measurer.h:175 -->
[0mStep 3100 done. Current time:31

[34m(506.094s) MPI Rank 0 - measurer.h:175 -->
[0mStep 3200 done. Current time:32

[34m(521.582s) MPI Rank 0 - measurer.h:175 -->
[0mStep 3300 done. Current time:33

[34m(537.060s) MPI Rank 0 - measurer.h:175 -->
[0mStep 3400 done. Current time:34

[34m(553.089s) MPI Rank 0 - measurer.h:175 -->
[0mStep 3500 done. Current time:35

[34m(568.711s) MPI Rank 0 - measurer.h:175 -->
[0mStep 3600 done. Current time:36

[34m(584.248s) MPI Rank 0 - measurer.h:175 -->
[0mStep 3700 done. Current time:37

[34m(599.755s) MPI Rank 0 - measurer.h:175 -->
[0mStep 3800 done. Current time:38

[34m(615.213s) MPI Rank 0 - measurer.h:175 -->
[0mStep 3900 done. Current time:39

[34m(631.215s) MPI Rank 0 - measurer.h:175 -->
[0mStep 4000 done. Current time:40

[34m(647.145s) MPI Rank 0 - measurer.h:175 -->
[0mStep 4100 done. Current time:41

[34m(662.658s) MPI Rank 0 - measurer.h:175 -->
[0mStep 4200 done. Current time:42

[34m(678.180s) MPI Rank 0 - measurer.h:175 -->
[0mStep 4300 done. Current time:43

[34m(693.692s) MPI Rank 0 - measurer.h:175 -->
[0mStep 4400 done. Current time:44

[34m(709.810s) MPI Rank 0 - measurer.h:175 -->
[0mStep 4500 done. Current time:45

[34m(725.392s) MPI Rank 0 - measurer.h:175 -->
[0mStep 4600 done. Current time:46

[34m(740.889s) MPI Rank 0 - measurer.h:175 -->
[0mStep 4700 done. Current time:47

[34m(756.426s) MPI Rank 0 - measurer.h:175 -->
[0mStep 4800 done. Current time:48

[34m(771.931s) MPI Rank 0 - measurer.h:175 -->
[0mStep 4900 done. Current time:49

[34m(788.052s) MPI Rank 0 - measurer.h:175 -->
[0mStep 5000 done. Current time:50

[34m(803.659s) MPI Rank 0 - measurer.h:175 -->
[0mStep 5100 done. Current time:51

[34m(819.186s) MPI Rank 0 - measurer.h:175 -->
[0mStep 5200 done. Current time:52

[34m(834.771s) MPI Rank 0 - measurer.h:175 -->
[0mStep 5300 done. Current time:53

[34m(850.394s) MPI Rank 0 - measurer.h:175 -->
[0mStep 5400 done. Current time:54

[34m(866.462s) MPI Rank 0 - measurer.h:175 -->
[0mStep 5500 done. Current time:55

[34m(882.063s) MPI Rank 0 - measurer.h:175 -->
[0mStep 5600 done. Current time:56

[34m(897.619s) MPI Rank 0 - measurer.h:175 -->
[0mStep 5700 done. Current time:57

[34m(913.051s) MPI Rank 0 - measurer.h:175 -->
[0mStep 5800 done. Current time:58

[34m(928.509s) MPI Rank 0 - measurer.h:175 -->
[0mStep 5900 done. Current time:59

[34m(944.549s) MPI Rank 0 - measurer.h:175 -->
[0mStep 6000 done. Current time:60

[34m(960.303s) MPI Rank 0 - measurer.h:175 -->
[0mStep 6100 done. Current time:61

[34m(975.815s) MPI Rank 0 - measurer.h:175 -->
[0mStep 6200 done. Current time:62

[34m(991.358s) MPI Rank 0 - measurer.h:175 -->
[0mStep 6300 done. Current time:63

[34m(1006.954s) MPI Rank 0 - measurer.h:175 -->
[0mStep 6400 done. Current time:64

[34m(1023.017s) MPI Rank 0 - measurer.h:175 -->
[0mStep 6500 done. Current time:65

[34m(1038.675s) MPI Rank 0 - measurer.h:175 -->
[0mStep 6600 done. Current time:66

[34m(1054.221s) MPI Rank 0 - measurer.h:175 -->
[0mStep 6700 done. Current time:67

[34m(1069.825s) MPI Rank 0 - measurer.h:175 -->
[0mStep 6800 done. Current time:68

[34m(1085.388s) MPI Rank 0 - measurer.h:175 -->
[0mStep 6900 done. Current time:69

[34m(1101.550s) MPI Rank 0 - measurer.h:175 -->
[0mStep 7000 done. Current time:70

[34m(1117.229s) MPI Rank 0 - measurer.h:175 -->
[0mStep 7100 done. Current time:71

[34m(1132.888s) MPI Rank 0 - measurer.h:175 -->
[0mStep 7200 done. Current time:72

[34m(1148.466s) MPI Rank 0 - measurer.h:175 -->
[0mStep 7300 done. Current time:73

[34m(1164.060s) MPI Rank 0 - measurer.h:175 -->
[0mStep 7400 done. Current time:74

[34m(1180.228s) MPI Rank 0 - measurer.h:175 -->
[0mStep 7500 done. Current time:75

[34m(1195.848s) MPI Rank 0 - measurer.h:175 -->
[0mStep 7600 done. Current time:76

[34m(1211.480s) MPI Rank 0 - measurer.h:175 -->
[0mStep 7700 done. Current time:77

[34m(1227.025s) MPI Rank 0 - measurer.h:175 -->
[0mStep 7800 done. Current time:78

[34m(1242.588s) MPI Rank 0 - measurer.h:175 -->
[0mStep 7900 done. Current time:79

[34m(1259.003s) MPI Rank 0 - measurer.h:175 -->
[0mStep 8000 done. Current time:80

[34m(1274.759s) MPI Rank 0 - measurer.h:175 -->
[0mStep 8100 done. Current time:81

[34m(1290.386s) MPI Rank 0 - measurer.h:175 -->
[0mStep 8200 done. Current time:82

[34m(1306.063s) MPI Rank 0 - measurer.h:175 -->
[0mStep 8300 done. Current time:83

[34m(1321.646s) MPI Rank 0 - measurer.h:175 -->
[0mStep 8400 done. Current time:84

[34m(1337.871s) MPI Rank 0 - measurer.h:175 -->
[0mStep 8500 done. Current time:85

[34m(1353.543s) MPI Rank 0 - measurer.h:175 -->
[0mStep 8600 done. Current time:86

[34m(1369.162s) MPI Rank 0 - measurer.h:175 -->
[0mStep 8700 done. Current time:87

[34m(1384.746s) MPI Rank 0 - measurer.h:175 -->
[0mStep 8800 done. Current time:88

[34m(1400.334s) MPI Rank 0 - measurer.h:175 -->
[0mStep 8900 done. Current time:89

[34m(1416.488s) MPI Rank 0 - measurer.h:175 -->
[0mStep 9000 done. Current time:90

[34m(1432.180s) MPI Rank 0 - measurer.h:175 -->
[0mStep 9100 done. Current time:91

[34m(1447.806s) MPI Rank 0 - measurer.h:175 -->
[0mStep 9200 done. Current time:92

[34m(1463.414s) MPI Rank 0 - measurer.h:175 -->
[0mStep 9300 done. Current time:93

[34m(1479.012s) MPI Rank 0 - measurer.h:175 -->
[0mStep 9400 done. Current time:94

[34m(1495.174s) MPI Rank 0 - measurer.h:175 -->
[0mStep 9500 done. Current time:95

[34m(1510.895s) MPI Rank 0 - measurer.h:175 -->
[0mStep 9600 done. Current time:96

[34m(1526.438s) MPI Rank 0 - measurer.h:175 -->
[0mStep 9700 done. Current time:97

[34m(1542.003s) MPI Rank 0 - measurer.h:175 -->
[0mStep 9800 done. Current time:98

[34m(1557.607s) MPI Rank 0 - measurer.h:175 -->
[0mStep 9900 done. Current time:99

[34m(1573.982s) MPI Rank 0 - measurer.h:175 -->
[0mStep 10000 done. Current time:100

[34m(1589.677s) MPI Rank 0 - measurer.h:175 -->
[0mStep 10100 done. Current time:101

[34m(1605.281s) MPI Rank 0 - measurer.h:175 -->
[0mStep 10200 done. Current time:102

[34m(1620.896s) MPI Rank 0 - measurer.h:175 -->
[0mStep 10300 done. Current time:103

[34m(1636.523s) MPI Rank 0 - measurer.h:175 -->
[0mStep 10400 done. Current time:104

[34m(1652.674s) MPI Rank 0 - measurer.h:175 -->
[0mStep 10500 done. Current time:105

[34m(1668.429s) MPI Rank 0 - measurer.h:175 -->
[0mStep 10600 done. Current time:106

[34m(1684.046s) MPI Rank 0 - measurer.h:175 -->
[0mStep 10700 done. Current time:107

[34m(1699.709s) MPI Rank 0 - measurer.h:175 -->
[0mStep 10800 done. Current time:108

[34m(1715.349s) MPI Rank 0 - measurer.h:175 -->
[0mStep 10900 done. Current time:109

[34m(1731.599s) MPI Rank 0 - measurer.h:175 -->
[0mStep 11000 done. Current time:110

[34m(1747.313s) MPI Rank 0 - measurer.h:175 -->
[0mStep 11100 done. Current time:111

[34m(1762.947s) MPI Rank 0 - measurer.h:175 -->
[0mStep 11200 done. Current time:112

[34m(1778.618s) MPI Rank 0 - measurer.h:175 -->
[0mStep 11300 done. Current time:113

[34m(1794.278s) MPI Rank 0 - measurer.h:175 -->
[0mStep 11400 done. Current time:114

[34m(1810.461s) MPI Rank 0 - measurer.h:175 -->
[0mStep 11500 done. Current time:115

[34m(1826.252s) MPI Rank 0 - measurer.h:175 -->
[0mStep 11600 done. Current time:116

[34m(1841.909s) MPI Rank 0 - measurer.h:175 -->
[0mStep 11700 done. Current time:117

[34m(1857.565s) MPI Rank 0 - measurer.h:175 -->
[0mStep 11800 done. Current time:118

[34m(1873.342s) MPI Rank 0 - measurer.h:175 -->
[0mStep 11900 done. Current time:119

[34m(1889.552s) MPI Rank 0 - measurer.h:175 -->
[0mStep 12000 done. Current time:120

[34m(1905.329s) MPI Rank 0 - measurer.h:175 -->
[0mStep 12100 done. Current time:121

[34m(1920.958s) MPI Rank 0 - measurer.h:175 -->
[0mStep 12200 done. Current time:122

[34m(1936.613s) MPI Rank 0 - measurer.h:175 -->
[0mStep 12300 done. Current time:123

[34m(1952.181s) MPI Rank 0 - measurer.h:175 -->
[0mStep 12400 done. Current time:124

[34m(1968.378s) MPI Rank 0 - measurer.h:175 -->
[0mStep 12500 done. Current time:125

[34m(1984.080s) MPI Rank 0 - measurer.h:175 -->
[0mStep 12600 done. Current time:126

[34m(1999.742s) MPI Rank 0 - measurer.h:175 -->
[0mStep 12700 done. Current time:127

[34m(2015.299s) MPI Rank 0 - measurer.h:175 -->
[0mStep 12800 done. Current time:128

[34m(2030.946s) MPI Rank 0 - measurer.h:175 -->
[0mStep 12900 done. Current time:129

[34m(2047.063s) MPI Rank 0 - measurer.h:175 -->
[0mStep 13000 done. Current time:130

[34m(2062.783s) MPI Rank 0 - measurer.h:175 -->
[0mStep 13100 done. Current time:131

[34m(2078.418s) MPI Rank 0 - measurer.h:175 -->
[0mStep 13200 done. Current time:132

[34m(2094.035s) MPI Rank 0 - measurer.h:175 -->
[0mStep 13300 done. Current time:133

[34m(2109.632s) MPI Rank 0 - measurer.h:175 -->
[0mStep 13400 done. Current time:134

[34m(2125.916s) MPI Rank 0 - measurer.h:175 -->
[0mStep 13500 done. Current time:135

[34m(2141.655s) MPI Rank 0 - measurer.h:175 -->
[0mStep 13600 done. Current time:136

[34m(2157.328s) MPI Rank 0 - measurer.h:175 -->
[0mStep 13700 done. Current time:137

[34m(2173.071s) MPI Rank 0 - measurer.h:175 -->
[0mStep 13800 done. Current time:138

[34m(2188.677s) MPI Rank 0 - measurer.h:175 -->
[0mStep 13900 done. Current time:139

[34m(2204.808s) MPI Rank 0 - measurer.h:175 -->
[0mStep 14000 done. Current time:140

[34m(2220.470s) MPI Rank 0 - measurer.h:175 -->
[0mStep 14100 done. Current time:141

[34m(2236.097s) MPI Rank 0 - measurer.h:175 -->
[0mStep 14200 done. Current time:142

[34m(2251.722s) MPI Rank 0 - measurer.h:175 -->
[0mStep 14300 done. Current time:143

[34m(2267.395s) MPI Rank 0 - measurer.h:175 -->
[0mStep 14400 done. Current time:144

[34m(2283.554s) MPI Rank 0 - measurer.h:175 -->
[0mStep 14500 done. Current time:145

[34m(2299.255s) MPI Rank 0 - measurer.h:175 -->
[0mStep 14600 done. Current time:146

[34m(2314.786s) MPI Rank 0 - measurer.h:175 -->
[0mStep 14700 done. Current time:147

[34m(2330.356s) MPI Rank 0 - measurer.h:175 -->
[0mStep 14800 done. Current time:148

[34m(2345.909s) MPI Rank 0 - measurer.h:175 -->
[0mStep 14900 done. Current time:149

[34m(2362.014s) MPI Rank 0 - measurer.h:175 -->
[0mStep 15000 done. Current time:150

[34m(2377.766s) MPI Rank 0 - measurer.h:175 -->
[0mStep 15100 done. Current time:151

[34m(2393.402s) MPI Rank 0 - measurer.h:175 -->
[0mStep 15200 done. Current time:152

[34m(2409.025s) MPI Rank 0 - measurer.h:175 -->
[0mStep 15300 done. Current time:153

[34m(2424.666s) MPI Rank 0 - measurer.h:175 -->
[0mStep 15400 done. Current time:154

[34m(2440.827s) MPI Rank 0 - measurer.h:175 -->
[0mStep 15500 done. Current time:155

[34m(2456.501s) MPI Rank 0 - measurer.h:175 -->
[0mStep 15600 done. Current time:156

[34m(2472.115s) MPI Rank 0 - measurer.h:175 -->
[0mStep 15700 done. Current time:157

[34m(2487.906s) MPI Rank 0 - measurer.h:175 -->
[0mStep 15800 done. Current time:158

[34m(2503.650s) MPI Rank 0 - measurer.h:175 -->
[0mStep 15900 done. Current time:159

[34m(2519.921s) MPI Rank 0 - measurer.h:175 -->
[0mStep 16000 done. Current time:160

[34m(2535.680s) MPI Rank 0 - measurer.h:175 -->
[0mStep 16100 done. Current time:161

[34m(2551.369s) MPI Rank 0 - measurer.h:175 -->
[0mStep 16200 done. Current time:162

[34m(2567.082s) MPI Rank 0 - measurer.h:175 -->
[0mStep 16300 done. Current time:163

[34m(2582.800s) MPI Rank 0 - measurer.h:175 -->
[0mStep 16400 done. Current time:164

[34m(2599.075s) MPI Rank 0 - measurer.h:175 -->
[0mStep 16500 done. Current time:165

[34m(2614.811s) MPI Rank 0 - measurer.h:175 -->
[0mStep 16600 done. Current time:166

[34m(2630.516s) MPI Rank 0 - measurer.h:175 -->
[0mStep 16700 done. Current time:167

[34m(2646.199s) MPI Rank 0 - measurer.h:175 -->
[0mStep 16800 done. Current time:168

[34m(2661.863s) MPI Rank 0 - measurer.h:175 -->
[0mStep 16900 done. Current time:169

[34m(2678.083s) MPI Rank 0 - measurer.h:175 -->
[0mStep 17000 done. Current time:170

[34m(2693.858s) MPI Rank 0 - measurer.h:175 -->
[0mStep 17100 done. Current time:171

[34m(2709.550s) MPI Rank 0 - measurer.h:175 -->
[0mStep 17200 done. Current time:172

[34m(2725.244s) MPI Rank 0 - measurer.h:175 -->
[0mStep 17300 done. Current time:173

[34m(2740.989s) MPI Rank 0 - measurer.h:175 -->
[0mStep 17400 done. Current time:174

[34m(2757.229s) MPI Rank 0 - measurer.h:175 -->
[0mStep 17500 done. Current time:175

[34m(2772.941s) MPI Rank 0 - measurer.h:175 -->
[0mStep 17600 done. Current time:176

[34m(2788.865s) MPI Rank 0 - measurer.h:175 -->
[0mStep 17700 done. Current time:177

[34m(2804.486s) MPI Rank 0 - measurer.h:175 -->
[0mStep 17800 done. Current time:178

[34m(2820.153s) MPI Rank 0 - measurer.h:175 -->
[0mStep 17900 done. Current time:179

[34m(2836.514s) MPI Rank 0 - measurer.h:175 -->
[0mStep 18000 done. Current time:180

[34m(2852.247s) MPI Rank 0 - measurer.h:175 -->
[0mStep 18100 done. Current time:181

[34m(2867.893s) MPI Rank 0 - measurer.h:175 -->
[0mStep 18200 done. Current time:182

[34m(2883.419s) MPI Rank 0 - measurer.h:175 -->
[0mStep 18300 done. Current time:183

[34m(2899.056s) MPI Rank 0 - measurer.h:175 -->
[0mStep 18400 done. Current time:184

[34m(2915.217s) MPI Rank 0 - measurer.h:175 -->
[0mStep 18500 done. Current time:185

[34m(2930.941s) MPI Rank 0 - measurer.h:175 -->
[0mStep 18600 done. Current time:186

[34m(2946.513s) MPI Rank 0 - measurer.h:175 -->
[0mStep 18700 done. Current time:187

[34m(2962.107s) MPI Rank 0 - measurer.h:175 -->
[0mStep 18800 done. Current time:188

[34m(2977.740s) MPI Rank 0 - measurer.h:175 -->
[0mStep 18900 done. Current time:189

[34m(2993.847s) MPI Rank 0 - measurer.h:175 -->
[0mStep 19000 done. Current time:190

[34m(3009.440s) MPI Rank 0 - measurer.h:175 -->
[0mStep 19100 done. Current time:191

[34m(3025.008s) MPI Rank 0 - measurer.h:175 -->
[0mStep 19200 done. Current time:192

[34m(3040.566s) MPI Rank 0 - measurer.h:175 -->
[0mStep 19300 done. Current time:193

[34m(3056.235s) MPI Rank 0 - measurer.h:175 -->
[0mStep 19400 done. Current time:194

[34m(3072.378s) MPI Rank 0 - measurer.h:175 -->
[0mStep 19500 done. Current time:195

[34m(3088.129s) MPI Rank 0 - measurer.h:175 -->
[0mStep 19600 done. Current time:196

[34m(3103.922s) MPI Rank 0 - measurer.h:175 -->
[0mStep 19700 done. Current time:197

[34m(3119.599s) MPI Rank 0 - measurer.h:175 -->
[0mStep 19800 done. Current time:198

[34m(3135.267s) MPI Rank 0 - measurer.h:175 -->
[0mStep 19900 done. Current time:199

[34m(3151.491s) MPI Rank 0 - measurer.h:175 -->
[0mStep 20000 done. Current time:200

[34m(3167.197s) MPI Rank 0 - measurer.h:175 -->
[0mStep 20100 done. Current time:201

[34m(3182.837s) MPI Rank 0 - measurer.h:175 -->
[0mStep 20200 done. Current time:202

[34m(3198.466s) MPI Rank 0 - measurer.h:175 -->
[0mStep 20300 done. Current time:203

[34m(3214.089s) MPI Rank 0 - measurer.h:175 -->
[0mStep 20400 done. Current time:204

[34m(3230.335s) MPI Rank 0 - measurer.h:175 -->
[0mStep 20500 done. Current time:205

[34m(3246.043s) MPI Rank 0 - measurer.h:175 -->
[0mStep 20600 done. Current time:206

[34m(3261.748s) MPI Rank 0 - measurer.h:175 -->
[0mStep 20700 done. Current time:207

[34m(3277.364s) MPI Rank 0 - measurer.h:175 -->
[0mStep 20800 done. Current time:208

[34m(3293.027s) MPI Rank 0 - measurer.h:175 -->
[0mStep 20900 done. Current time:209

[34m(3309.172s) MPI Rank 0 - measurer.h:175 -->
[0mStep 21000 done. Current time:210

[34m(3324.877s) MPI Rank 0 - measurer.h:175 -->
[0mStep 21100 done. Current time:211

[34m(3340.507s) MPI Rank 0 - measurer.h:175 -->
[0mStep 21200 done. Current time:212

[34m(3356.252s) MPI Rank 0 - measurer.h:175 -->
[0mStep 21300 done. Current time:213

[34m(3371.932s) MPI Rank 0 - measurer.h:175 -->
[0mStep 21400 done. Current time:214

[34m(3388.159s) MPI Rank 0 - measurer.h:175 -->
[0mStep 21500 done. Current time:215

[34m(3404.093s) MPI Rank 0 - measurer.h:175 -->
[0mStep 21600 done. Current time:216

[34m(3419.758s) MPI Rank 0 - measurer.h:175 -->
[0mStep 21700 done. Current time:217

[34m(3435.396s) MPI Rank 0 - measurer.h:175 -->
[0mStep 21800 done. Current time:218

[34m(3451.055s) MPI Rank 0 - measurer.h:175 -->
[0mStep 21900 done. Current time:219

[34m(3467.304s) MPI Rank 0 - measurer.h:175 -->
[0mStep 22000 done. Current time:220

[34m(3483.037s) MPI Rank 0 - measurer.h:175 -->
[0mStep 22100 done. Current time:221

[34m(3498.707s) MPI Rank 0 - measurer.h:175 -->
[0mStep 22200 done. Current time:222

[34m(3514.337s) MPI Rank 0 - measurer.h:175 -->
[0mStep 22300 done. Current time:223

[34m(3529.951s) MPI Rank 0 - measurer.h:175 -->
[0mStep 22400 done. Current time:224

[34m(3546.101s) MPI Rank 0 - measurer.h:175 -->
[0mStep 22500 done. Current time:225

[34m(3561.806s) MPI Rank 0 - measurer.h:175 -->
[0mStep 22600 done. Current time:226

[34m(3577.455s) MPI Rank 0 - measurer.h:175 -->
[0mStep 22700 done. Current time:227

[34m(3593.076s) MPI Rank 0 - measurer.h:175 -->
[0mStep 22800 done. Current time:228

[34m(3608.713s) MPI Rank 0 - measurer.h:175 -->
[0mStep 22900 done. Current time:229

[34m(3624.923s) MPI Rank 0 - measurer.h:175 -->
[0mStep 23000 done. Current time:230

[34m(3640.614s) MPI Rank 0 - measurer.h:175 -->
[0mStep 23100 done. Current time:231

[34m(3656.328s) MPI Rank 0 - measurer.h:175 -->
[0mStep 23200 done. Current time:232

[34m(3671.979s) MPI Rank 0 - measurer.h:175 -->
[0mStep 23300 done. Current time:233

[34m(3687.622s) MPI Rank 0 - measurer.h:175 -->
[0mStep 23400 done. Current time:234

[34m(3703.854s) MPI Rank 0 - measurer.h:175 -->
[0mStep 23500 done. Current time:235

[34m(3719.712s) MPI Rank 0 - measurer.h:175 -->
[0mStep 23600 done. Current time:236

[34m(3735.314s) MPI Rank 0 - measurer.h:175 -->
[0mStep 23700 done. Current time:237

[34m(3750.937s) MPI Rank 0 - measurer.h:175 -->
[0mStep 23800 done. Current time:238

[34m(3766.527s) MPI Rank 0 - measurer.h:175 -->
[0mStep 23900 done. Current time:239

[34m(3782.724s) MPI Rank 0 - measurer.h:175 -->
[0mStep 24000 done. Current time:240

[34m(3798.413s) MPI Rank 0 - measurer.h:175 -->
[0mStep 24100 done. Current time:241

[34m(3814.035s) MPI Rank 0 - measurer.h:175 -->
[0mStep 24200 done. Current time:242

[34m(3829.673s) MPI Rank 0 - measurer.h:175 -->
[0mStep 24300 done. Current time:243

[34m(3845.277s) MPI Rank 0 - measurer.h:175 -->
[0mStep 24400 done. Current time:244

[34m(3861.472s) MPI Rank 0 - measurer.h:175 -->
[0mStep 24500 done. Current time:245

[34m(3877.188s) MPI Rank 0 - measurer.h:175 -->
[0mStep 24600 done. Current time:246

[34m(3892.847s) MPI Rank 0 - measurer.h:175 -->
[0mStep 24700 done. Current time:247

[34m(3908.432s) MPI Rank 0 - measurer.h:175 -->
[0mStep 24800 done. Current time:248

[34m(3924.063s) MPI Rank 0 - measurer.h:175 -->
[0mStep 24900 done. Current time:249

[34m(3940.252s) MPI Rank 0 - measurer.h:175 -->
[0mStep 25000 done. Current time:250

[34m(3956.034s) MPI Rank 0 - measurer.h:175 -->
[0mStep 25100 done. Current time:251

[34m(3971.631s) MPI Rank 0 - measurer.h:175 -->
[0mStep 25200 done. Current time:252

[34m(3987.208s) MPI Rank 0 - measurer.h:175 -->
[0mStep 25300 done. Current time:253

[34m(4002.841s) MPI Rank 0 - measurer.h:175 -->
[0mStep 25400 done. Current time:254

[34m(4019.125s) MPI Rank 0 - measurer.h:175 -->
[0mStep 25500 done. Current time:255

[34m(4034.799s) MPI Rank 0 - measurer.h:175 -->
[0mStep 25600 done. Current time:256

[34m(4050.454s) MPI Rank 0 - measurer.h:175 -->
[0mStep 25700 done. Current time:257

[34m(4066.104s) MPI Rank 0 - measurer.h:175 -->
[0mStep 25800 done. Current time:258

[34m(4081.751s) MPI Rank 0 - measurer.h:175 -->
[0mStep 25900 done. Current time:259

[34m(4097.952s) MPI Rank 0 - measurer.h:175 -->
[0mStep 26000 done. Current time:260

[34m(4113.676s) MPI Rank 0 - measurer.h:175 -->
[0mStep 26100 done. Current time:261

[34m(4129.289s) MPI Rank 0 - measurer.h:175 -->
[0mStep 26200 done. Current time:262

[34m(4144.842s) MPI Rank 0 - measurer.h:175 -->
[0mStep 26300 done. Current time:263

[34m(4160.441s) MPI Rank 0 - measurer.h:175 -->
[0mStep 26400 done. Current time:264

[34m(4176.679s) MPI Rank 0 - measurer.h:175 -->
[0mStep 26500 done. Current time:265

[34m(4192.367s) MPI Rank 0 - measurer.h:175 -->
[0mStep 26600 done. Current time:266

[34m(4207.924s) MPI Rank 0 - measurer.h:175 -->
[0mStep 26700 done. Current time:267

[34m(4223.583s) MPI Rank 0 - measurer.h:175 -->
[0mStep 26800 done. Current time:268

[34m(4239.184s) MPI Rank 0 - measurer.h:175 -->
[0mStep 26900 done. Current time:269

[34m(4255.366s) MPI Rank 0 - measurer.h:175 -->
[0mStep 27000 done. Current time:270

[34m(4271.055s) MPI Rank 0 - measurer.h:175 -->
[0mStep 27100 done. Current time:271

[34m(4286.616s) MPI Rank 0 - measurer.h:175 -->
[0mStep 27200 done. Current time:272

[34m(4302.201s) MPI Rank 0 - measurer.h:175 -->
[0mStep 27300 done. Current time:273

[34m(4317.798s) MPI Rank 0 - measurer.h:175 -->
[0mStep 27400 done. Current time:274

[34m(4334.079s) MPI Rank 0 - measurer.h:175 -->
[0mStep 27500 done. Current time:275

[34m(4349.682s) MPI Rank 0 - measurer.h:175 -->
[0mStep 27600 done. Current time:276

[34m(4365.278s) MPI Rank 0 - measurer.h:175 -->
[0mStep 27700 done. Current time:277

[34m(4380.855s) MPI Rank 0 - measurer.h:175 -->
[0mStep 27800 done. Current time:278

[34m(4396.390s) MPI Rank 0 - measurer.h:175 -->
[0mStep 27900 done. Current time:279

[34m(4412.487s) MPI Rank 0 - measurer.h:175 -->
[0mStep 28000 done. Current time:280

[34m(4428.148s) MPI Rank 0 - measurer.h:175 -->
[0mStep 28100 done. Current time:281

[34m(4443.679s) MPI Rank 0 - measurer.h:175 -->
[0mStep 28200 done. Current time:282

[34m(4459.379s) MPI Rank 0 - measurer.h:175 -->
[0mStep 28300 done. Current time:283

[34m(4475.036s) MPI Rank 0 - measurer.h:175 -->
[0mStep 28400 done. Current time:284

[34m(4491.233s) MPI Rank 0 - measurer.h:175 -->
[0mStep 28500 done. Current time:285

[34m(4506.882s) MPI Rank 0 - measurer.h:175 -->
[0mStep 28600 done. Current time:286

[34m(4522.519s) MPI Rank 0 - measurer.h:175 -->
[0mStep 28700 done. Current time:287

[34m(4538.154s) MPI Rank 0 - measurer.h:175 -->
[0mStep 28800 done. Current time:288

[34m(4553.871s) MPI Rank 0 - measurer.h:175 -->
[0mStep 28900 done. Current time:289

[34m(4570.055s) MPI Rank 0 - measurer.h:175 -->
[0mStep 29000 done. Current time:290

[34m(4585.794s) MPI Rank 0 - measurer.h:175 -->
[0mStep 29100 done. Current time:291

[34m(4601.351s) MPI Rank 0 - measurer.h:175 -->
[0mStep 29200 done. Current time:292

[34m(4616.908s) MPI Rank 0 - measurer.h:175 -->
[0mStep 29300 done. Current time:293

[34m(4632.657s) MPI Rank 0 - measurer.h:175 -->
[0mStep 29400 done. Current time:294

[34m(4648.886s) MPI Rank 0 - measurer.h:175 -->
[0mStep 29500 done. Current time:295

[34m(4664.577s) MPI Rank 0 - measurer.h:175 -->
[0mStep 29600 done. Current time:296

[34m(4680.255s) MPI Rank 0 - measurer.h:175 -->
[0mStep 29700 done. Current time:297

[34m(4695.856s) MPI Rank 0 - measurer.h:175 -->
[0mStep 29800 done. Current time:298

[34m(4711.486s) MPI Rank 0 - measurer.h:175 -->
[0mStep 29900 done. Current time:299

