	Command being timed: "/home/tomy/Desktop/UBA/Curso_GWsIA/GW-AI-course/Final/CosmoLattice/build_lphi4SU2U1_tv/lphi4SU2U1 input=lphi4SU2U1_vacioT.in"
	User time (seconds): 5011.97
	System time (seconds): 3.88
	Percent of CPU this job got: 215%
	Elapsed (wall clock) time (h:mm:ss or m:ss): 38:48.69
	Average shared text size (kbytes): 0
	Average unshared data size (kbytes): 0
	Average stack size (kbytes): 0
	Average total size (kbytes): 0
	Maximum resident set size (kbytes): 255648
	Average resident set size (kbytes): 0
	Major (requiring I/O) page faults: 689
	Minor (reclaiming a frame) page faults: 72010
	Voluntary context switches: 15430
	Involuntary context switches: 1285489
	Swaps: 0
	File system inputs: 24096
	File system outputs: 7432
	Socket messages sent: 0
	Socket messages received: 0
	Signals delivered: 0
	Page size (bytes): 4096
	Exit status: 0
