	Command being timed: "../../../CosmoLattice/build_lphi4SU2U1_tv/lphi4SU2U1 input=lphi4SU2U1_vacioT_amp1000.in"
	User time (seconds): 1072.06
	System time (seconds): 0.75
	Percent of CPU this job got: 240%
	Elapsed (wall clock) time (h:mm:ss or m:ss): 7:25.79
	Average shared text size (kbytes): 0
	Average unshared data size (kbytes): 0
	Average stack size (kbytes): 0
	Average total size (kbytes): 0
	Maximum resident set size (kbytes): 251872
	Average resident set size (kbytes): 0
	Major (requiring I/O) page faults: 0
	Minor (reclaiming a frame) page faults: 83322
	Voluntary context switches: 3173
	Involuntary context switches: 219908
	Swaps: 0
	File system inputs: 0
	File system outputs: 1704
	Socket messages sent: 0
	Socket messages received: 0
	Signals delivered: 0
	Page size (bytes): 4096
	Exit status: 0
